[    0.000000] Linux version 4.1.32 (abenbach@664bc223f161) (gcc version 5.3.0 (GCC) ) #20 SMP Thu Sep 28 11:19:38 EDT 2017
[    0.000000] e820: BIOS-provided physical RAM map:
[    0.000000] BIOS-e820: [mem 0x0000000000000000-0x000000000009fbff] usable
[    0.000000] BIOS-e820: [mem 0x000000000009fc00-0x000000000009ffff] reserved
[    0.000000] BIOS-e820: [mem 0x00000000000f0000-0x00000000000fffff] reserved
[    0.000000] BIOS-e820: [mem 0x0000000000100000-0x000000007fffdfff] usable
[    0.000000] BIOS-e820: [mem 0x000000007fffe000-0x000000007fffffff] reserved
[    0.000000] BIOS-e820: [mem 0x00000000feffc000-0x00000000feffffff] reserved
[    0.000000] BIOS-e820: [mem 0x00000000fffc0000-0x00000000ffffffff] reserved
[    0.000000] Notice: NX (Execute Disable) protection cannot be enabled: non-PAE kernel!
[    0.000000] SMBIOS 2.4 present.
[    0.000000] e820: last_pfn = 0x7fffe max_arch_pfn = 0x100000
[    0.000000] PAT configuration [0-7]: WB  WC  UC- UC  WB  WC  UC- UC  
[    0.000000] found SMP MP-table at [mem 0x000f2000-0x000f200f] mapped at [c00f2000]
[    0.000000] init_memory_mapping: [mem 0x00000000-0x000fffff]
[    0.000000] init_memory_mapping: [mem 0x37000000-0x373fffff]
[    0.000000] init_memory_mapping: [mem 0x00100000-0x36ffffff]
[    0.000000] init_memory_mapping: [mem 0x37400000-0x377fdfff]
[    0.000000] RAMDISK: [mem 0x7dc44000-0x7fffcfff]
[    0.000000] Allocated new RAMDISK: [mem 0x35445000-0x377fd3ab]
[    0.000000] Move RAMDISK from [mem 0x7dc44000-0x7fffc3ab] to [mem 0x35445000-0x377fd3ab]
[    0.000000] ACPI: Early table checksum verification disabled
[    0.000000] ACPI: RSDP 0x00000000000F1E30 000014 (v00 BOCHS )
[    0.000000] ACPI: RSDT 0x000000007FFFFB04 000030 (v01 BOCHS  BXPCRSDT 00000001 BXPC 00000001)
[    0.000000] ACPI: FACP 0x000000007FFFF177 000074 (v01 BOCHS  BXPCFACP 00000001 BXPC 00000001)
[    0.000000] ACPI: DSDT 0x000000007FFFE040 001137 (v01 BXPC   BXDSDT   00000001 INTL 20150619)
[    0.000000] ACPI: FACS 0x000000007FFFE000 000040
[    0.000000] ACPI: SSDT 0x000000007FFFF1EB 000899 (v01 BOCHS  BXPCSSDT 00000001 BXPC 00000001)
[    0.000000] ACPI: APIC 0x000000007FFFFA84 000080 (v01 BOCHS  BXPCAPIC 00000001 BXPC 00000001)
[    0.000000] 1160MB HIGHMEM available.
[    0.000000] 887MB LOWMEM available.
[    0.000000]   mapped low ram: 0 - 377fe000
[    0.000000]   low ram: 0 - 377fe000
[    0.000000] Zone ranges:
[    0.000000]   DMA      [mem 0x0000000000001000-0x0000000000ffffff]
[    0.000000]   Normal   [mem 0x0000000001000000-0x00000000377fdfff]
[    0.000000]   HighMem  [mem 0x00000000377fe000-0x000000007fffdfff]
[    0.000000] Movable zone start for each node
[    0.000000] Early memory node ranges
[    0.000000]   node   0: [mem 0x0000000000001000-0x000000000009efff]
[    0.000000]   node   0: [mem 0x0000000000100000-0x000000007fffdfff]
[    0.000000] Initmem setup node 0 [mem 0x0000000000001000-0x000000007fffdfff]
[    0.000000] Using APIC driver default
[    0.000000] ACPI: PM-Timer IO Port: 0x608
[    0.000000] ACPI: LAPIC_NMI (acpi_id[0xff] dfl dfl lint[0x1])
[    0.000000] IOAPIC[0]: apic_id 0, version 17, address 0xfec00000, GSI 0-23
[    0.000000] ACPI: INT_SRC_OVR (bus 0 bus_irq 0 global_irq 2 dfl dfl)
[    0.000000] ACPI: INT_SRC_OVR (bus 0 bus_irq 5 global_irq 5 high level)
[    0.000000] ACPI: INT_SRC_OVR (bus 0 bus_irq 9 global_irq 9 high level)
[    0.000000] ACPI: INT_SRC_OVR (bus 0 bus_irq 10 global_irq 10 high level)
[    0.000000] ACPI: INT_SRC_OVR (bus 0 bus_irq 11 global_irq 11 high level)
[    0.000000] Using ACPI (MADT) for SMP configuration information
[    0.000000] smpboot: Allowing 2 CPUs, 0 hotplug CPUs
[    0.000000] e820: [mem 0x80000000-0xfeffbfff] available for PCI devices
[    0.000000] clocksource refined-jiffies: mask: 0xffffffff max_cycles: 0xffffffff, max_idle_ns: 1910969940391419 ns
[    0.000000] setup_percpu: NR_CPUS:8 nr_cpumask_bits:8 nr_cpu_ids:2 nr_node_ids:1
[    0.000000] PERCPU: Embedded 19 pages/cpu @f440a000 s46424 r0 d31400 u77824
[    0.000000] Built 1 zonelists in Zone order, mobility grouping on.  Total pages: 522412
[    0.000000] Kernel command line: root=/dev/hdd rw console=ttyS0,115200 panic=10 ftrace=hypertrace hyperbootlevel=1 initrd=/initramfs-pts14-i486-sim.cpio.gz BOOT_IMAGE=/bzImage 
[    0.000000] PID hash table entries: 4096 (order: 2, 16384 bytes)
[    0.000000] Dentry cache hash table entries: 131072 (order: 7, 524288 bytes)
[    0.000000] Inode-cache hash table entries: 65536 (order: 6, 262144 bytes)
[    0.000000] Initializing CPU#0
[    0.000000] xsave: enabled xstate_bv 0x7, cntxt size 0x340 using standard form
[    0.000000] Initializing HighMem for node 0 (000377fe:0007fffe)
[    0.000000] Initializing Movable for node 0 (00000000:00000000)
[    0.000000] Memory: 2030804K/2096752K available (7138K kernel code, 625K rwdata, 2744K rodata, 668K init, 632K bss, 65948K reserved, 0K cma-reserved, 1187840K highmem)
[    0.000000] virtual kernel memory layout:
[    0.000000]     fixmap  : 0xfff17000 - 0xfffff000   ( 928 kB)
[    0.000000]     pkmap   : 0xff800000 - 0xffc00000   (4096 kB)
[    0.000000]     vmalloc : 0xf7ffe000 - 0xff7fe000   ( 120 MB)
[    0.000000]     lowmem  : 0xc0000000 - 0xf77fe000   ( 887 MB)
[    0.000000]       .init : 0xc0b46000 - 0xc0bed000   ( 668 kB)
[    0.000000]       .data : 0xc07f8c72 - 0xc0b44780   (3374 kB)
[    0.000000]       .text : 0xc0100000 - 0xc07f8c72   (7139 kB)
[    0.000000] Checking if this processor honours the WP bit even in supervisor mode...Ok.
[    0.000000] Hierarchical RCU implementation.
[    0.000000] 	Additional per-CPU info printed with stalls.
[    0.000000] 	RCU restricting CPUs from NR_CPUS=8 to nr_cpu_ids=2.
[    0.000000] RCU: Adjusting geometry for rcu_fanout_leaf=16, nr_cpu_ids=2
[    0.000000] NR_IRQS:2304 nr_irqs:440 16
[    0.000000] Console: colour VGA+ 80x25
[    0.000000] console [ttyS0] enabled
[    0.000000] tsc: Fast TSC calibration using PIT
[    0.000000] tsc: Detected 3691.570 MHz processor
[    0.002001] Calibrating delay loop (skipped), value calculated using timer frequency.. 7383.14 BogoMIPS (lpj=3691570)
[    0.002459] pid_max: default: 32768 minimum: 301
[    0.003019] ACPI: Core revision 20150410
[    0.004914] ACPI: All ACPI Tables successfully acquired
[    0.005350] Mount-cache hash table entries: 2048 (order: 1, 8192 bytes)
[    0.005641] Mountpoint-cache hash table entries: 2048 (order: 1, 8192 bytes)
[    0.006180] mce: CPU supports 10 MCE banks
[    0.006386] Last level iTLB entries: 4KB 0, 2MB 0, 4MB 0
[    0.006643] Last level dTLB entries: 4KB 0, 2MB 0, 4MB 0, 1GB 0
[    0.007548] Freeing SMP alternatives memory: 28K (c0bed000 - c0bf4000)
[    0.007909] ftrace: allocating 28382 entries in 56 pages
[    0.012047] Enabling APIC mode:  Flat.  Using 1 I/O APICs
[    0.012954] ..TIMER: vector=0x30 apic1=0 pin1=2 apic2=-1 pin2=-1
[    0.023387] smpboot: CPU0: Intel Core Processor (Haswell) (fam: 06, model: 3c, stepping: 01)
[    0.023876] Performance Events: unsupported p6 CPU model 60 no PMU driver, software events only.
[    0.024113] Starting tracer 'hypertrace'
[    0.024587] x86: Booting SMP configuration:
[    0.024818] .... node  #0, CPUs:      #1
[    0.003000] Initializing CPU#1
[    0.097052] x86: Booted up 1 node, 2 CPUs
[    0.097315] smpboot: Total of 2 processors activated (14787.47 BogoMIPS)
[    0.098091] devtmpfs: initialized
[    0.099051] clocksource jiffies: mask: 0xffffffff max_cycles: 0xffffffff, max_idle_ns: 1911260446275000 ns
[    0.099624] NET: Registered protocol family 16
[    0.106010] cpuidle: using governor ladder
[    0.112017] cpuidle: using governor menu
[    0.112358] ACPI: bus type PCI registered
[    0.112705] PCI: PCI BIOS revision 2.10 entry at 0xfd482, last bus=0
[    0.112982] PCI: Using configuration type 1 for base access
[    0.128112] ACPI: Added _OSI(Module Device)
[    0.128325] ACPI: Added _OSI(Processor Device)
[    0.128514] ACPI: Added _OSI(3.0 _SCP Extensions)
[    0.129004] ACPI: Added _OSI(Processor Aggregator Device)
[    0.131364] ACPI: Interpreter enabled
[    0.131538] ACPI Exception: AE_NOT_FOUND, While evaluating Sleep State [\_S1_] (20150410/hwxface-580)
[    0.131938] ACPI Exception: AE_NOT_FOUND, While evaluating Sleep State [\_S2_] (20150410/hwxface-580)
[    0.132235] ACPI Exception: AE_NOT_FOUND, While evaluating Sleep State [\_S3_] (20150410/hwxface-580)
[    0.132639] ACPI: (supports S0 S5)
[    0.132787] ACPI: Using IOAPIC for interrupt routing
[    0.133040] PCI: Using host bridge windows from ACPI; if necessary, use "pci=nocrs" and report a bug
[    0.137446] ACPI: PCI Root Bridge [PCI0] (domain 0000 [bus 00-ff])
[    0.137718] acpi PNP0A03:00: _OSC: OS supports [Segments MSI]
[    0.137976] acpi PNP0A03:00: _OSC failed (AE_NOT_FOUND); disabling ASPM
[    0.138060] acpi PNP0A03:00: fail to add MMCONFIG information, can't access extended PCI configuration space under this bridge.
[    0.138630] PCI host bridge to bus 0000:00
[    0.138826] pci_bus 0000:00: root bus resource [bus 00-ff]
[    0.139004] pci_bus 0000:00: root bus resource [io  0x0000-0x0cf7 window]
[    0.139293] pci_bus 0000:00: root bus resource [io  0x0d00-0xffff window]
[    0.139582] pci_bus 0000:00: root bus resource [mem 0x000a0000-0x000bffff window]
[    0.139901] pci_bus 0000:00: root bus resource [mem 0x80000000-0xfebfffff window]
[    0.147553] pci 0000:00:01.1: legacy IDE quirk: reg 0x10: [io  0x01f0-0x01f7]
[    0.147875] pci 0000:00:01.1: legacy IDE quirk: reg 0x14: [io  0x03f6]
[    0.148003] pci 0000:00:01.1: legacy IDE quirk: reg 0x18: [io  0x0170-0x0177]
[    0.148307] pci 0000:00:01.1: legacy IDE quirk: reg 0x1c: [io  0x0376]
[    0.148894] pci 0000:00:01.3: quirk: [io  0x0600-0x063f] claimed by PIIX4 ACPI
[    0.149008] pci 0000:00:01.3: quirk: [io  0x0700-0x070f] claimed by PIIX4 SMB
[    0.261473] ACPI: PCI Interrupt Link [LNKA] (IRQs 5 *10 11)
[    0.261828] ACPI: PCI Interrupt Link [LNKB] (IRQs 5 *10 11)
[    0.262152] ACPI: PCI Interrupt Link [LNKC] (IRQs 5 10 *11)
[    0.262506] ACPI: PCI Interrupt Link [LNKD] (IRQs 5 10 *11)
[    0.262902] ACPI: PCI Interrupt Link [LNKS] (IRQs *9)
[    0.263344] ACPI: Enabled 16 GPEs in block 00 to 0F
[    0.263689] vgaarb: setting as boot device: PCI:0000:00:02.0
[    0.263689] vgaarb: device added: PCI:0000:00:02.0,decodes=io+mem,owns=io+mem,locks=none
[    0.264008] vgaarb: loaded
[    0.264126] vgaarb: bridge control possible 0000:00:02.0
[    0.264544] SCSI subsystem initialized
[    0.264755] ACPI: bus type USB registered
[    0.265075] usbcore: registered new interface driver usbfs
[    0.265342] usbcore: registered new interface driver hub
[    0.265595] usbcore: registered new device driver usb
[    0.265903] pps_core: LinuxPPS API ver. 1 registered
[    0.266003] pps_core: Software ver. 5.3.6 - Copyright 2005-2007 Rodolfo Giometti <giometti@linux.it>
[    0.266409] PTP clock support registered
[    0.266638] PCI: Using ACPI for IRQ routing
[    0.267223] amd_nb: Cannot enumerate AMD northbridges
[    0.267461] Switched to clocksource refined-jiffies
[    0.273736] pnp: PnP ACPI init
[    0.274522] pnp: PnP ACPI: found 5 devices
[    0.313582] clocksource acpi_pm: mask: 0xffffff max_cycles: 0xffffff, max_idle_ns: 2085701024 ns
[    0.313993] Switched to clocksource acpi_pm
[    0.313993] NET: Registered protocol family 2
[    0.313993] TCP established hash table entries: 8192 (order: 3, 32768 bytes)
[    0.314008] TCP bind hash table entries: 8192 (order: 5, 163840 bytes)
[    0.314008] TCP: Hash tables configured (established 8192 bind 8192)
[    0.314008] UDP hash table entries: 512 (order: 2, 24576 bytes)
[    0.315036] UDP-Lite hash table entries: 512 (order: 2, 24576 bytes)
[    0.315396] NET: Registered protocol family 1
[    0.315715] RPC: Registered named UNIX socket transport module.
[    0.315970] RPC: Registered udp transport module.
[    0.316198] RPC: Registered tcp transport module.
[    0.316398] RPC: Registered tcp NFSv4.1 backchannel transport module.
[    0.316677] pci 0000:00:00.0: Limiting direct PCI/PCI transfers
[    0.316932] pci 0000:00:01.0: PIIX3: Enabling Passive Release
[    0.317206] pci 0000:00:01.0: Activating ISA DMA hang workarounds
[    0.317765] ACPI: PCI Interrupt Link [LNKD] enabled at IRQ 11
[    0.318946] ACPI: PCI Interrupt Link [LNKA] enabled at IRQ 10
[    0.320161] ACPI: PCI Interrupt Link [LNKB] enabled at IRQ 10
[    0.321210] ACPI: PCI Interrupt Link [LNKC] enabled at IRQ 11
[    0.322022] Trying to unpack rootfs image as initramfs...
[    0.796776] Freeing initrd memory: 36580K (f5445000 - f77fe000)
[    0.797373] microcode: CPU0 sig=0x306c1, pf=0x1, revision=0x1
[    0.797630] microcode: CPU1 sig=0x306c1, pf=0x1, revision=0x1
[    0.797964] microcode: Microcode Update Driver: v2.00 <tigran@aivazian.fsnet.co.uk>, Peter Oruba
[    0.798882] futex hash table entries: 512 (order: 3, 32768 bytes)
[    0.799429] HugeTLB registered 4 MB page size, pre-allocated 0 pages
[    0.799993] squashfs: version 4.0 (2009/01/31) Phillip Lougher
[    0.800597] NFS: Registering the id_resolver key type
[    0.800824] Key type id_resolver registered
[    0.801042] Key type id_legacy registered
[    0.801233] Installing knfsd (copyright (C) 1996 okir@monad.swb.de).
[    0.801803] SGI XFS with security attributes, no debug enabled
[    0.803256] bounce: pool size: 64 pages
[    0.803451] Block layer SCSI generic (bsg) driver version 0.4 loaded (major 252)
[    0.803769] io scheduler noop registered
[    0.803940] io scheduler deadline registered
[    0.804178] io scheduler cfq registered (default)
[    0.806031] pci_hotplug: PCI Hot Plug PCI Core version: 0.5
[    0.823624] Serial: 8250/16550 driver, 4 ports, IRQ sharing disabled
[    0.844761] 00:04: ttyS0 at I/O 0x3f8 (irq = 4, base_baud = 115200) is a 16550A
[    0.845781] Linux agpgart interface v0.103
[    0.849127] brd: module loaded
[    0.850868] loop: module loaded
[    0.851032] Uniform Multi-Platform E-IDE driver
[    0.851297] piix 0000:00:01.1: IDE controller (0x8086:0x7010 rev 0x00)
[    0.851642] piix 0000:00:01.1: not 100% native mode: will probe irqs later
[    0.852295]     ide0: BM-DMA at 0xc3c0-0xc3c7
[    0.852489]     ide1: BM-DMA at 0xc3c8-0xc3cf
[    0.859891] FDC 0 is a S82078B
[    1.116068] hda: QEMU HARDDISK, ATA DISK drive
[    1.422178] hdb: QEMU HARDDISK, ATA DISK drive
[    1.422569] hda: MWDMA2 mode selected
[    1.422898] hdb: MWDMA2 mode selected
[    1.799063] tsc: Refined TSC clocksource calibration: 3691.470 MHz
[    1.799345] clocksource tsc: mask: 0xffffffffffffffff max_cycles: 0x6a6bb83b8dd, max_idle_ns: 881590639874 ns
[    2.559116] hdd: QEMU HARDDISK, ATA DISK drive
[    2.559445] hdd: MWDMA2 mode selected
[    2.559689] ide0 at 0x1f0-0x1f7,0x3f6 on irq 14
[    2.559940] ide1 at 0x170-0x177,0x376 on irq 15
[    2.560390] ide_generic: please use "probe_mask=0x3f" module parameter for probing all legacy ISA IDE ports
[    2.560804] ide-gd driver 1.18
[    2.560965] hda: max request size: 1024KiB
[    2.561180] hda: 131072 sectors (67 MB) w/256KiB Cache, CHS=130/255/63
[    2.567083] hda: cache flushes supported
[    2.567542]  hda: hda1
[    2.572411] hdb: max request size: 1024KiB
[    2.572595] hdb: 32768 sectors (16 MB) w/256KiB Cache, CHS=32/255/63
[    2.579097] hdb: cache flushes supported
[    2.583079] hdd: max request size: 1024KiB
[    2.583268] hdd: 8388608 sectors (4294 MB) w/256KiB Cache, CHS=8322/255/63
[    2.593128] hdd: cache flushes supported
[    2.597269] ide-cd driver 5.00
[    2.597480] Loading iSCSI transport class v2.0-870.
[    2.597888] 3ware Storage Controller device driver for Linux v1.26.02.003.
[    2.598624] e100: Intel(R) PRO/100 Network Driver, 3.5.24-k2-NAPI
[    2.598888] e100: Copyright(c) 1999-2006 Intel Corporation
[    2.599167] e1000: Intel(R) PRO/1000 Network Driver - version 7.3.21-k8-NAPI
[    2.599467] e1000: Copyright (c) 1999-2006 Intel Corporation.
[    2.599735] sky2: driver version 1.30
[    2.599969] 8139cp: 8139cp: 10/100 PCI Ethernet driver v1.3 (Mar 22, 2004)
[    2.601520] 8139cp 0000:00:03.0 eth0: RTL-8139C+ at 0xf80c0000, 00:16:3e:07:01:01, IRQ 11
[    2.603585] 8139cp 0000:00:04.0 eth1: RTL-8139C+ at 0xf80c2000, 00:16:4e:07:01:01, IRQ 11
[    2.605592] 8139cp 0000:00:05.0 eth2: RTL-8139C+ at 0xf80c4000, 0a:16:5e:07:aa:01, IRQ 10
[    2.606581] PPP generic driver version 2.4.2
[    2.606832] Fusion MPT base driver 3.04.20
[    2.607033] Copyright (c) 1999-2008 LSI Corporation
[    2.607252] Fusion MPT SPI Host driver 3.04.20
[    2.607541] ehci_hcd: USB 2.0 'Enhanced' Host Controller (EHCI) Driver
[    2.607829] ehci-pci: EHCI PCI platform driver
[    2.608929] ehci-pci 0000:00:08.7: EHCI Host Controller
[    2.609235] ehci-pci 0000:00:08.7: new USB bus registered, assigned bus number 1
[    2.609632] ehci-pci 0000:00:08.7: irq 11, io mem 0xfc0da000
[    2.615048] ehci-pci 0000:00:08.7: USB 2.0 started, EHCI 1.00
[    2.615527] hub 1-0:1.0: USB hub found
[    2.615707] hub 1-0:1.0: 6 ports detected
[    2.616138] ohci_hcd: USB 1.1 'Open' Host Controller (OHCI) Driver
[    2.616410] ohci-pci: OHCI PCI platform driver
[    2.616622] uhci_hcd: USB Universal Host Controller Interface driver
[    2.617861] uhci_hcd 0000:00:08.0: UHCI Host Controller
[    2.618213] uhci_hcd 0000:00:08.0: new USB bus registered, assigned bus number 2
[    2.618563] uhci_hcd 0000:00:08.0: irq 11, io base 0x0000c340
[    2.619060] hub 2-0:1.0: USB hub found
[    2.619240] hub 2-0:1.0: 2 ports detected
[    2.620570] uhci_hcd 0000:00:08.1: UHCI Host Controller
[    2.620850] uhci_hcd 0000:00:08.1: new USB bus registered, assigned bus number 3
[    2.621292] uhci_hcd 0000:00:08.1: irq 10, io base 0x0000c360
[    2.621786] hub 3-0:1.0: USB hub found
[    2.621978] hub 3-0:1.0: 2 ports detected
[    2.623425] uhci_hcd 0000:00:08.2: UHCI Host Controller
[    2.623705] uhci_hcd 0000:00:08.2: new USB bus registered, assigned bus number 4
[    2.624126] uhci_hcd 0000:00:08.2: irq 10, io base 0x0000c380
[    2.624610] hub 4-0:1.0: USB hub found
[    2.624789] hub 4-0:1.0: 2 ports detected
[    2.625153] usbcore: registered new interface driver usb-storage
[    2.625496] i8042: PNP: PS/2 Controller [PNP0303:KBD,PNP0f13:MOU] at 0x60,0x64 irq 1,12
[    2.626301] serio: i8042 KBD port at 0x60,0x64 irq 1
[    2.626545] serio: i8042 AUX port at 0x60,0x64 irq 12
[    2.626995] mousedev: PS/2 mouse device common for all mice
[    2.627572] input: AT Translated Set 2 keyboard as /devices/platform/i8042/serio0/input/input0
[    2.628154] i2c /dev entries driver
[    2.628391] Driver for 1-wire Dallas network protocol.
[    2.628909] usbcore: registered new interface driver DS9490R
[    2.629264] 1-Wire driver for the DS2760 battery monitor chip - (c) 2004-2005, Szabolcs Gyurko
[    2.630041] device-mapper: ioctl: 4.31.0-ioctl (2015-3-12) initialised: dm-devel@redhat.com
[    2.630988] usbcore: registered new interface driver usbhid
[    2.631283] usbhid: USB HID core driver
[    2.631465] oprofile: using timer interrupt.
[    2.631671] nf_conntrack version 0.5.0 (16384 buckets, 65536 max)
[    2.632096] ipip: IPv4 over IPv4 tunneling driver
[    2.632487] gre: GRE over IPv4 demultiplexor driver
[    2.632702] ip_gre: GRE over IPv4 tunneling driver
[    2.633234] IPv4 over IPsec tunneling driver
[    2.633613] ip_tables: (C) 2000-2006 Netfilter Core Team
[    2.633858] Initializing XFRM netlink socket
[    2.634151] NET: Registered protocol family 10
[    2.634825] ip6_tables: (C) 2000-2006 Netfilter Core Team
[    2.635141] sit: IPv6 over IPv4 tunneling driver
[    2.635523] NET: Registered protocol family 17
[    2.635723] NET: Registered protocol family 15
[    2.635934] bridge: automatic filtering via arp/ip/ip6tables has been deprecated. Update your scripts to load br_netfilter if you need this.
[    2.636552] 8021q: 802.1Q VLAN Support v1.8
[    2.636744] Key type dns_resolver registered
[    2.637211] Using IPI No-Shortcut mode
[    2.637550] registered taskstats version 1
[    2.637997] console [netcon0] enabled
[    2.638187] netconsole: network logging started
[    2.638720] Freeing unused kernel memory: 668K (c0b46000 - c0bed000)
root: === populating device nodes ======================
  * Mounting /proc                           [OK]
  * Mounting /sys                            [OK]
  * Mounting /dev                            [OK]
  * Mounting /run                            [OK]
  * Running udevd                            [    2.681551] udevd[1285]: starting version 182
[OK]
  * Running udevadm add subsystem            [OK]
  * Running udevadm add device               [OK]
  * Running udevadm settle                   [    2.799086] Switched to clocksource tsc
[OK]
root: === boot initialization ==========================
  * Setting up simulation environment        mount sim device: /dev/hdb
[    2.911707] 8139cp 0000:00:03.0 eth0: link up, 100Mbps, full-duplex, lpa 0x05E1
Using default netmask: 255.255.0.0
PING 172.7.1.35 (172.7.1.35): 56 data bytes
64 bytes from 172.7.1.35: seq=0 ttl=64 time=0.203 ms

--- 172.7.1.35 ping statistics ---
1 packets transmitted, 1 packets received, 0% packet loss
round-trip min/avg/max = 0.203/0.203/0.203 ms
Using the following network driver for eth2:rtl8139
ifconfig eth2 192.170.170.7 up
[    2.950739] 8139cp 0000:00:05.0 eth2: link up, 100Mbps, full-duplex, lpa 0x05E1
mount -n -t nfs -o rw,vers=3,rsize=4096,wsize=4096,hard,nolock,intr 172.7.1.35:/simnfsroot/VM7 /sim/chassis
[    3.230870] input: ImExPS/2 Generic Explorer Mouse as /devices/platform/i8042/serio1/input/input2
==== Starting primaryship ====
PRIMARY = 2
[OK]
  * Enabling loopback IF (127.0.0.1)         [OK]
  * Adding loopback route                    [OK]
  * Adding localhost in /etc/hosts           [OK]
  * Creating permanent loopback neighbour    [OK]
  * Starting rpcbind daemon                  [OK]
root: === Default Mode =================================
root: === /init: partition=/dev/hdd, device=/dev/hdd ===
root: === calling disk check || disk repair ============
disk_check: partition=/dev/hdd
  * Checking filesystem on /dev/hdd          [OK]
  * Mounting /dev/hdd on /mnt                [OK]
root: Starting syslog
Error resolving hostname; host='CTXP'
Initiating connection failed, reconnecting; time_reopen='10'
root: === Starting signal catcher ======================
root: === rc.boot start ================================
[    5.176937] driver_common: module license 'Proprietary' taints kernel.
[    5.177251] Disabling lock debugging due to kernel taint
driver_common was started
w1com was started
[    5.242576] safeIo:safeIo_FaultHandlerM_KLM installed!
safeIo was started
[    5.273201] <1>
[    5.273201] hsiFlareAcc_init[hsiFlare]: Hello World.  I am alive !
[    5.273555] Module Parameters: 
[    5.273691] hsiFlareAcc_dbgFlags = 0x00000000
[    5.274084] hsiFlareAcc_init: kmalloc
[    5.274255] hsiFlareAcc_init: before platform_device_register !
[    5.274857] [hsiFlare] was assigned major number 246. 
[    5.275101] hsiFlareAcc_data.dev_size = 512
[    5.275286] hsiFlareAcc_data.dev_base = 0xf145a800
[    5.275495] Ciena hsiFlare procfs dir created: f23c2c00
[    5.275720] /proc/ciena/hsiFlare/flags created: f23c2b00
[    5.275947] /proc/ciena/hsiFlare/state created: f23c2a80
[    5.276190] /proc/ciena/hsiFlare/handle created: f23c2a00
[    5.276422] /proc/ciena/hsiFlare/event created: f23c2980
[    5.276650] /proc/ciena/hsiFlare/registers created: f23c2900
[    5.276891] /proc/ciena/hsiFlare/handleTbl created: f23c2880
hsiFlare was started
Bench boot mode is OFF
bcpld was started
[    5.381250]  tatcpld.ko module loaded successfully!
tatcpld was started
[    5.422264] i2c i2c-11: Not I2C compliant: can't read SCL
[    5.422516] i2c i2c-11: Bus may be unreliable
iofpga was started
spock was started
processShelfDotLst done
============= Start rc.iptables ============
root: S65rc.firewall: adding ACCEPT rule  for interface eth2
mkdir: cannot create directory `/var/state/card/bootup.next': No such file or directory
mkdir: cannot create directory `/var/state/card/bootup': No such file or directory
touch: cannot touch `/var/state/card/bootup/simTarget': No such file or directory
tail: cannot open `/mnt/var/log/syseng_messages' for reading: No such file or directory
tail: cannot open `/mnt/var/log/syseng_everything' for reading: No such file or directory
rc.boot was started
root: === rc.linx start module =========================
Executing rc.linx for 1-A-CM1
Installing LINX kernel modules
[    5.539342] LINX: version 2.5.1
[    5.539491] LINX: Compile-time configuration:
[    5.539678] LINX: Max number of LINX sockets 4096
[    5.539879] LINX: Max number of attach references 4096
[    5.540117] LINX: Max number of remote links 128
[    5.540315] LINX: Max number of communicating sockets over a link 1024
[    5.540592] LINX: Max number of timeout references 8192
[    5.541044] NET: Registered protocol family 29
pid 1679's current scheduling policy: SCHED_OTHER
pid 1679's current scheduling priority: 0
pid 1679's new scheduling policy: SCHED_RR
pid 1679's new scheduling priority: 84
LINX modules installed
root: === rc.linx start linxdisc =======================
Executing rc.linx for 1-A-CM1
Starting LINX discovery daemon
LINXDISC config file is in /tmp/.linxdisc.conf.
Spawning LINX IPC daemon /bin/linxdisc as 1-A-CM1 on eth0
LINXDISC was started
[    6.836381] linx init_ecm_connection tx_def_queue_max_size = 2048
[    7.307315] LINX: Hunt path "1-A-SP1/" available (RLNH version:2)
root: === rc.simapp start boot =========================
Starting simulation application
[SimApp-simctmbootctrl]::simctmbootctrl Adding set*display to PS.
[SimApp-simpotsbootctrl]::simpotsbootctrl Adding set*display to PS.
[   15.614271] random: simApp urandom read with 123 bits of entropy available
[   15.622969] random: nonblocking pool is initialized
[SimApp-simdpmgr]::ParseDpInterfaceFile Created 0 interfaces from file /sim/interface.txt
Have control of primaryship
[SimApp-simpotsprimary]::Initialize Initial Primary state:2
[SimApp-simpotsprimary]::DeterminePrimary No Secondary. Becoming primary!
[SimApp-ElectionFsmCls]::Start action, state Init
[SimApp-ElectionFsmCls]::JumpToPrimary action, state TimerSet
[SimApp-simpotsprimary]::TransitionOnline
[   39.350277] LINX: Hunt path "1-A-SP1/" unavailable
[   39.350707] linx init_ecm_connection tx_def_queue_max_size = 2048
[   39.837129] linx init_ecm_connection tx_def_queue_max_size = 2048
[   40.727048] LINX: Hunt path "1-A-SP1/" available (RLNH version:2)
root: === rc.daemons start prepivot ====================
gatekeeperDaemon was started
15:31:21 <info> [gatekeeperDaemo]  /bin/gatekeeperDaemon starting
15:31:21 <info> [gatekeeperDaemo]  GateKeeper: main loop running.
Execute: /bin/ccnet-ctm -v &
shelfLstDaemon was started
15:31:21 <notice>   No software compatibility rev number (SW) in IDP -- assuming rev 1
15:31:21 <err>   invalid ipv6 address ()
15:31:21 <err>   Invalid MAC address (). 

LostLease done
15:31:21 <err>   [2017-09-28 15:31:21.723720]|      ccnet-ctm| Failed to exec ccnetworker - gateway detection disabled @ src/generic/ccnet-evo/WorkerControl.cpp:43




 AcceptedIntoCcnet



 WENT PRIMARY!!!!!!!

BpnDirector::GoPrimary - Went primary

Entering DCN GoPrimary

LostLease done

Leaving DCN GoPrimary




 ExecFound


15:31:21 <debug> [ipcDaemon]  IPC_LOG:ipcDaemon starting
15:31:21 <notice>   No software compatibility rev number (SW) in IDP -- assuming rev 1
15:31:21 <debug> [ipcDaemon]  IPC_LOG: received IPC_SPA_HUNT_SIG
15:31:21 <debug> [ipcRstHdlr]  IPC_RESTART:ipcRestartHandler started
ipcDaemon was started
rc.daemons was started
15:31:21 <notice>   No software compatibility rev number (SW) in IDP -- assuming rev 1
15:31:21 <debug> [ipcRstHdlr]  ipc_LOG:Starting ipcRestart 
15:31:21 <info> [inventoryMgr]  /bin/inventoryMgr starting
15:31:21 <info> [inventoryMgr]  InventoryMgr: create and initialise IPC process.
15:31:21 <info> [inventoryMgr]  InventoryMgr: Opening Boot CPLD driver library.
  * Running boot_exec                        15:31:21 <info> [inventoryMgr]  InventoryMgr: main loop running.
15:31:21 <info> [inventoryMgr]  IPC Process: hunting for inventorymgr succeeded.
15:31:21 <notice>   No software compatibility rev number (SW) in IDP -- assuming rev 1




 ExecFound


15:31:21 <info> [inventoryMgr]  InventoryIpc: Entering main loop.
CtmBootCtrlDevice::HandleEvents() - entering self ctm event handler
Could not read SW tag from HW IDP device.
[2017/09/28 15:31:21 BOOTEXEC]: shelf num = 0
[2017/09/28 15:31:21 BOOTEXEC]: slot type = 11
[2017/09/28 15:31:21 BOOTEXEC]: slot num = 30
[2017/09/28 15:31:21 BOOTEXEC]: primary NC = 1
[2017/09/28 15:31:21 BOOTEXEC]: NC = 1
[2017/09/28 15:31:21 BOOTEXEC]: subNC = 1
[2017/09/28 15:31:21 BOOTEXEC]: coNC = 0
[2017/09/28 15:31:21 BOOTEXEC]: hw idp model num = SIM-5674-P14
[2017/09/28 15:31:21 BOOTEXEC]: hw idp part num = NTK614AA
[2017/09/28 15:31:21 BOOTEXEC]: hw idp card rev = 007
[2017/09/28 15:31:21 BOOTEXEC]: hw idp softw. compat. num = 
[2017/09/28 15:31:21 BOOTEXEC]: Reset History (hex) data: 0x00000000
[2017/09/28 15:31:21 BOOTEXEC]: local shelf.lst not found.... using defaults
[SimApp-simpotsbootctrl]::PcpCallback SelfStateChangeEvent newStatus:SwInitializing
15:31:21 <notice>   No software compatibility rev number (SW) in IDP -- assuming rev 1
15:31:21 <debug> [inventoryMgr]  ipc_LOG:InventoryIpc: received IPC_SPA_LINK_UP_SIG
15:31:21 <info> [inventoryMgr]  InventoryIpc: ipcLinkActive 
15:31:21 <info> [inventoryMgr]  InventoryIpc: sendReadyMsg
15:31:21 <debug> [inventoryMgr]  ipc_LOG:InventoryIpc: received IPC_HUNT_SIG
15:31:21 <info> [inventoryMgr]  InventoryIpc: Found NIAPP
[2017/09/28 15:31:21 BOOTEXEC]: Received shelf.lst 0020d800350f NOPROV from SP, Local Shelf.lst c0a87a07 VM7
[2017/09/28 15:31:21 BOOTEXEC]: Reseting disk info to default and erasing disk config because XC disk does not belong in this node!!!
[2017/09/28 15:31:21 BOOTEXEC]: Reseting disk info to default and erasing disk config because Last Erase Tstamp from SP is more recent that XCs tstamp!!!
[2017/09/28 15:31:21 BOOTEXEC]: Using Node ID cached in shelflst [0020d800350f]
[2017/09/28 15:31:21 BOOTEXEC]: Using Nodal Mac Address from simcontext [EA=02a87a070000]
[2017/09/28 15:31:21 BOOTEXEC]: Using Nodal Mac Range from simcontext [ER=256]
[2017/09/28 15:31:21 BOOTEXEC]: Primary subnodal controller hunting for 1-A-SP1/kern_exec and 1-A-SP2/kern_exec
[2017/09/28 15:31:21 BOOTEXEC]: Sending EXEC_SHELF_SIG to SP
15:31:21 <info> [inventoryMgr]  InventoryIpc: ALA_query_inventory_cmd
[2017/09/28 15:31:21 BOOTEXEC]: Sent branding info to CCNET
[2017/09/28 15:31:21 BOOTEXEC]: Got shelf.lst
[2017/09/28 15:31:21 BOOTEXEC]: Sent branding info to SHFLST
[2017/09/28 15:31:21 BOOTEXEC]: Waiting for environment ready signal to continue.
AutoRevertSimplexUpgradeCheck - shf is null![2017/09/28 15:31:21 BOOTEXEC]: Waiting for environment ready signal from the gate keeper...
15:31:21 <notice>   No software compatibility rev number (SW) in IDP -- assuming rev 1
15:31:21 <info> [shelfLstDaemon]  Change to chassisType; old 6, new 5
15:31:21 <info> [shelfLstDaemon]  Change to tl1ShelfName; old , new OME-000102032900
15:31:21 <info> [shelfLstDaemon]  Change to tl1MAC; old 00:00:00:00:00:00, new 00:01:02:00:29:00
15:31:21 <info> [shelfLstDaemon]  Change to current IP; old 0xffffffff, new 0xc0a87a07
15:31:21 <info> [shelfLstDaemon]  Change to DCN1 IP; old 0xffffffff, new 0xac10e9d6
15:31:21 <info> [shelfLstDaemon]  Change to DCN3 IP; old 0xffffffff, new 0xac10e9d8
15:31:21 <info> [shelfLstDaemon]  Change to FTP IP; old 0xffffffff, new 0xc0aaaa0f
15:31:21 <info> [shelfLstDaemon]  Change to L0Ip IP; old 0xffffffff, new 0x0
[SimApp-simpotsbootctrl]::PcpCallback SelfStateChangeEvent newStatus:SwInitializing
[   50.797245] 8139cp 0000:00:04.0 eth1: link up, 100Mbps, full-duplex, lpa 0x05E1
CfgUpdate - Everything_IP
15:31:21 <debug> [gatekeeperDaemo]  GateKeeper: Lock CCNET_RDY is open.
ERROR: /ciena/scripts/potsFirewall.sh not found
CtmBootCtrlDevice::HandleEvents() - entering self ctm event handler
[   52.824027] 8139cp 0000:00:04.0 eth1: link up, 100Mbps, full-duplex, lpa 0x05E1
15:31:36 <info> [inventoryMgr]  InventoryIpc: Getting Boot Info for SP
15:31:36 <info> [inventoryMgr]  InventoryMgr: IPC messaging completed. Exit Mainloop
15:31:36 <info> [inventoryMgr]  Deleting inventoryMgrP
15:31:36 <info> [inventoryMgr]  InventoryMgr: hunting for gatekeeper.
15:31:36 <info> [inventoryMgr]  InventoryMgr: Sending inventory ready sig to gatekeeper.
[2017/09/28 15:31:36 BOOTEXEC]: Received environment ready signal.
[2017/09/28 15:31:36 BOOTEXEC]: Environment ready signal acquired, continuing boot process.
[2017/09/28 15:31:36 BOOTEXEC]: Last reboot was clean, release validation skipped.
Infrastructure debug mode is off.
[2017/09/28 15:31:36 BOOTEXEC]: DB factory restore: User requested to set DB to Factory defaults.
15:31:36 <debug> [gatekeeperDaemo]  GateKeeper: Lock IPC_RDY is open.
15:31:36 <info> [gatekeeperDaemo]  GateKeeper: hunting for boot_exec.
15:31:36 <info> [gatekeeperDaemo]  GateKeeper: sending environment ready signal to boot_exec.
15:31:36 <info> [gatekeeperDaemo]  GateKeeper: exiting main loop.
15:31:36 <info> [gatekeeperDaemo]  Deleting gateKeeper_p
15:31:36 <err> [BootCookieUtil]  get_valid_cookie: cookie data corrupt, erasing cookies
15:31:36 <err> [BootCookieUtil]  get_valid_cookie: cookie data corrupt, erasing cookies
15:31:36 <err> [BootCookieUtil]  get_valid_cookie: cookie data corrupt, erasing cookies
sh: flashutil: command not found
15:31:36 <info> [inventoryMgr]  InventoryIpc: Boot Info sent to SP
[2017/09/28 15:31:36 BOOTEXEC]: WARNING! Erase Disk Config Requested! WARNING!
[2017/09/28 15:31:36 BOOTEXEC]: Checking root file system
15:31:36 <debug>   RunMkKernel Did not find /mnt/rel/rel_simpts_13.00.2_abenbach/pts14/i486-sim/packages/mkkernel.sh
15:31:36 <err>   Can not find rootfs /mnt/version.txt file, err = 2. Requesting root fs update.

==================================================
Updating root file system. This will take a while.
==================================================
mv: cannot stat `/mnt/var/crash': No such file or directory
15:31:36 <notice>   Cannot preserve crash files, command mv -f /mnt/var/crash /mnt/upgradesafe/crash failed with ret 256, stat 1
mv: cannot stat `/mnt/var/opt': No such file or directory
15:31:36 <notice>   Cannot preserve opt files, command mv -f /mnt/var/opt /mnt/upgradesafe/opt failed with ret 256, stat 1
mv: cannot stat `/mnt/Certs': No such file or directory
Cleaning up rootfs folders...
15:31:36 <notice>   Cannot preserve cert files, command mv -f /mnt/Certs /mnt/upgradesafe/Certs failed with ret 256, stat 1
mv: cannot stat `/mnt/upgradesafe/crash': No such file or directory
15:31:36 <notice>   Cannot restore crash files, command mkdir -p /mnt/var; mv -f /mnt/upgradesafe/crash /mnt/var/crash failed with ret 256, stat 1
mv: cannot stat `/mnt/upgradesafe/opt': No such file or directory
15:31:36 <notice>   Cannot restore opt files, command mkdir -p /mnt/var; mv -f /mnt/upgradesafe/opt /mnt/var/opt failed with ret 256, stat 1
mv: cannot stat `/mnt/upgradesafe/Certs': No such file or directory
15:31:36 <notice>   Cannot restore cert files, command mv -f /mnt/upgradesafe/Certs /mnt/Certs failed with ret 256, stat 1
[   66.409106] LINX: Hunt path "1-A-SP1/" unavailable
[   66.409638] linx init_ecm_connection tx_def_queue_max_size = 2048
15:31:37 <debug> [ipcDaemon]  IPC_LOG: received IPC_SPA_ATTACH_SIG
[   66.836613] linx init_ecm_connection tx_def_queue_max_size = 2048
[   67.506992] LINX: Hunt path "1-A-SP1/" available (RLNH version:2)
15:31:38 <debug> [ipcDaemon]  IPC_LOG: received IPC_SPA_HUNT_SIG
15:31:38 <info> [inventoryMgr]  InventoryIpc: Found NIAPP
15:31:38 <info> [inventoryMgr]  InventoryIpc: Getting Boot Info for SP
15:31:38 <err> [BootCookieUtil]  get_valid_cookie: cookie data corrupt, erasing cookies
15:31:38 <err> [BootCookieUtil]  get_valid_cookie: cookie data corrupt, erasing cookies
15:31:38 <err> [BootCookieUtil]  get_valid_cookie: cookie data corrupt, erasing cookies
sh: flashutil: command not found
15:31:38 <info> [inventoryMgr]  InventoryIpc: Boot Info sent to SP
15:31:38 <debug> [inventoryMgr]  ipc_LOG:InventoryIpc: received IPC_SPA_LINK_UP_SIG
15:31:38 <info> [inventoryMgr]  InventoryIpc: ipcLinkActive 
15:31:38 <info> [inventoryMgr]  InventoryIpc: sendReadyMsg
15:31:38 <info> [inventoryMgr]  InventoryIpc: ALA_query_inventory_cmd
15:31:51 <info> [inventoryMgr]  InventoryIpc: INVMGR_READY_RETRY_TIMER_SIG received
15:31:53 <info> [inventoryMgr]  InventoryIpc: Getting Boot Info for SP
15:31:53 <err> [BootCookieUtil]  get_valid_cookie: cookie data corrupt, erasing cookies
15:31:53 <err> [BootCookieUtil]  get_valid_cookie: cookie data corrupt, erasing cookies
15:31:53 <err> [BootCookieUtil]  get_valid_cookie: cookie data corrupt, erasing cookies
sh: flashutil: command not found
15:31:53 <info> [inventoryMgr]  InventoryIpc: Boot Info sent to SP
[2017/09/28 15:31:54 BOOTEXEC]: Updating root file system done.
[2017/09/28 15:31:54 BOOTEXEC]: Validating root fs
cd "/mnt"; md5sum -c "manifest_run.md5" > "/tmp/md5check"
Verifying checksum of the release (this may take a few minutes).
15:31:54 <err>   Verifying checksum of the release (this may take a few minutes). Retry 2 
[2017/09/28 15:32:05 BOOTEXEC]: Erasing disk configuration
bin/erase_rel_disk_cfg running in /mnt/rel/rel_simpts_13.00.2_abenbach/pts14/i486-sim !
 * removing OSRP ps directory
 * restoring OSRP factory ps config
 * removing OSRPPCP ps directory current directory is /mnt/rel/rel_simpts_13.00.2_abenbach/pts14/i486-sim 
 * restoring OSRPPCP factory ps config
bin/erase_rel_disk_cfg: line 62: cd: cfg/pcpcore/factory/ps/data: No such file or directory
 * no factory pcp ps config to restore
ciena/scripts/erase_disk_cfg running in /mnt !
 * removing all DPB-OSRP sync/restart gates
 * removing all SAOS config
 Delete all SAOS CONFIG from SLAT
15:32:05 <err>   can not read EXEC_UBOOT_BOOT_TYPE env vars from uboot.
15:32:05 <err>   can not read EXEC_UBOOT_BOOT_TYPE env vars from uboot.
rsync: no process found
StopRsync.153: ret = 256 stat = 1
rsync: no process found
StopRsync.166 ret = 256 stat = 1
[2017/09/28 15:32:06 BOOTEXEC]: Running release rel_simpts_13.00.2_abenbach
[OK]
Attempting to kill ipcDaemon...
ipcRstHdlr kill status: 0
inventoryMgr kill status: 0
ipcDaemon kill status: 2
[  102.349907] LINX: Hunt path "1-A-SP1/" unavailable
[  102.350245] linx init_ecm_connection tx_def_queue_max_size = 2048
[  102.836634] linx init_ecm_connection tx_def_queue_max_size = 2048
ipcDaemon was stopped
Attempting to kill shelfLstDaemon...
[  104.523757] LINX: Hunt path "1-A-SP1/" available (RLNH version:2)
shelfLstDaemon was stopped
Attempting to kill ccnet...
CCNET caught signal Terminated (15)
CCNET exiting
Attempting to kill DHCP client...
Attempting to kill gatekeeperDaemon...
gatekeeperDaemon was stopped
rc.daemons was stopped
Stopping simApp
Executing rc.linx for 1-A-CM1
Stopping LINX discovery daemon
[  113.758444] LINX: Hunt path "1-A-SP1/" unavailable
LINXDISC stopped
Executing rc.linx for 1-A-CM1
Removing LINX kernel modules
Removing module: /lib/modules/4.1.32/linx_eth_cm.ko
rc.linx: removed /lib/modules/4.1.32/linx_eth_cm.ko after 1 attempt(s)
Removing module: /lib/modules/4.1.32/linx.ko
[  115.873053] NET: Unregistered protocol family 29
rc.linx: removed /lib/modules/4.1.32/linx.ko after 1 attempt(s)
LINX modules removed
spock was stopped
iofpga was stopped
[  116.236957]  tatcpld.ko module unloaded successfully!
tatcpld was stopped
bcpld was stopped
[  116.348266] releaseHsiFlareHandle():177 Device is not accessible (state=1).
[  116.348584] hsiFlare module unloaded successfully!
hsiFlare was stopped
[  116.388202] safeIo:safeIo_exit called!
safeIo was stopped
w1com was stopped
[  116.566377] ABDER: stop_driver
driver_common was stopped
rc.boot was stopped
root: Stopping syslog
  * Unmounting /dev/hdd from /mnt            [OK]
  * Remounting /dev/hdd on /mnt              [OK]
No old core files to move
Enabling core file generation
  * stop udevd                               [OK]
  * Unmounting /dev/pts                      [OK]
  * Unmounting /proc                         [OK]
  * Unmounting /sys                          [OK]
  * Unmounting /dev                          [OK]
  * Unmounting /run                          [OK]
root: === Pivot to disk ================================
[  116.862582] udevd[2365]: starting version 182
starting pid 2431, tty '': '/etc/init.d/rcS start'
cat: /proc/ciena/cardType: No such file or directory
 /etc/init.d/rcS debug_util.sh  has been updated -- 2016_0504
rcS: Setting control groups
/etc/init.d/rcS: line 36: /etc/rc.d/init.d/cgconfig: No such file or directory
/etc/init.d/rcS: line 37: /etc/rc.d/init.d/cgred: No such file or directory
mount: mounting none on /cgroup/cpuset failed: No such device
simwd was started
Starting system guardian
System guardian is started
No old core files to move
Enabling core file generation
/ciena/scripts/prod_lib.sh: line 166: /proc/nvram-log-data: No such file or directory
rcS: Starting signal catcher
root: Stopping syslog
root: Starting syslog
Error resolving hostname; host='CTXP'
Initiating connection failed, reconnecting; time_reopen='10'
Module                  Size  Used by
simwd                   2777  2 
rcS: Starting drivers
driver_common was started
w1com was started
[  117.607527] tun: Universal TUN/TAP device driver, 1.6
[  117.607755] tun: (C) 1999-2004 Max Krasnyansky <maxk@qualcomm.com>
tun was started
[  117.642492] safeIo:safeIo_FaultHandlerM_KLM installed!
safeIo was started
[  117.682450] <1>
[  117.682450] hsiFlareAcc_init[hsiFlare]: Hello World.  I am alive !
[  117.682798] Module Parameters: 
[  117.682933] hsiFlareAcc_dbgFlags = 0x00000000
[  117.683165] hsiFlareAcc_init: kmalloc
[  117.683326] hsiFlareAcc_init: before platform_device_register !
[  117.683710] [hsiFlare] was assigned major number 246. 
[  117.683932] hsiFlareAcc_data.dev_size = 512
[  117.684125] hsiFlareAcc_data.dev_base = 0xf03d0000
[  117.684351] Ciena hsiFlare procfs dir created: f23c2e00
[  117.684575] /proc/ciena/hsiFlare/flags created: f23c2080
[  117.684802] /proc/ciena/hsiFlare/state created: f0348980
[  117.685043] /proc/ciena/hsiFlare/handle created: f235e500
[  117.685278] /proc/ciena/hsiFlare/event created: f235e480
[  117.685513] /proc/ciena/hsiFlare/registers created: f235ef00
[  117.685755] /proc/ciena/hsiFlare/handleTbl created: f235ef80
hsiFlare was started
bcpld was started
/etc/init.d/boot/S11rc.kbct: line 49: [: =: unary operator expected
[  117.815487] Fail to use OME BCT file 'bct'.
[  117.815674] No BCT file loaded for OME KDS BCT
kbct was started
processShelfDotLst done
[  117.874960]  tatcpld.ko module loaded successfully!
tatcpld was started
*** Running: veth_devices script ***
Executing: veth_devices->set_veth_devices ...
[  117.889441] IPv6: ADDRCONF(NETDEV_UP): ibc_vdp: link is not ready
[  117.890510] IPv6: ADDRCONF(NETDEV_CHANGE): ibc_vdp: link becomes ready
*** veth_devices- Completed creation of IBC veth bridge between ibc_gre and ibc_vdp ***
Executing: veth_devices->set_ibc_vlan_devices ...
[  117.902461] device eth2.110 entered promiscuous mode
[  117.903265] device eth2 entered promiscuous mode
[  117.905509] device eth2.111 entered promiscuous mode
[  117.908163] device eth2.112 entered promiscuous mode
[  117.911437] device eth2.113 entered promiscuous mode
[  117.913897] device eth2.114 entered promiscuous mode
[  117.918952] device eth2.115 entered promiscuous mode
[  117.921482] device eth2.116 entered promiscuous mode
[  117.923752] device eth2.117 entered promiscuous mode
[  117.926488] device eth2.118 entered promiscuous mode
[  117.928919] device eth2.119 entered promiscuous mode
[  117.931711] device eth2.120 entered promiscuous mode
*** veth_devices- Completed creation of IBC VLAN devices over eth2 ***
tatcpldInit_ptsxc14PostPivot configuration done
[  118.115141] i2c i2c-11: Not I2C compliant: can't read SCL
[  118.115389] i2c i2c-11: Bus may be unreliable
iofpga was started
[  118.153824] <1>
[  118.153824] virtualDev_init[vd]: Hello World.  I am alive !
[  118.154237] Module Parameters: 
[  118.154374] virtualDev_dbgFlags = 0x00000000
[  118.154753] virtualDev_init: vmalloc
[  118.154914] virtualDev_init: before platform_device_register !
[  118.155633] I was assigned major number 241. 
[  118.155828] virtualDev_data.dev_size = 16384
[  118.156021] virtualDev_data.dev_base = 0xf88cb000
vd was started
spock was started
topsync was started
esio was started
  * Exporting NFS directories                [OK]
  * Starting NFS mount daemon                [OK]
  * Starting NFS status monitor daemon       [OK]
  * Starting NFS server daemon               [OK]
  * Running NFS stale lock notifier          [OK]
[  118.371082] pluggableqsfp3: vdmm memory created successfully
[  118.371386] pluggable_drv_register_procfs creating directory for 3 plugs
pluggableqsfp was started
mkdir: cannot create directory `/var/state/card/bootup.next': No such file or directory
mkdir: cannot create directory `/var/state/card/bootup': No such file or directory
touch: cannot touch `/var/state/card/bootup/simTarget': No such file or directory
rc.boot was started
/enableConsole is NOT present
Bench boot mode is OFF
backplane test mode is not checked - default to false
rcS: Starting oob klm
Installing oob kernel module: /lib/modules/4.1.32/extra/oobroute.ko
/lib/modules/4.1.32/extra/oobroute.ko installation succeeded.
Module                  Size  Used by
oobroute                 575  0 
pluggableqsfp          16056  0 
esio                   11215  0 
topsync               102235  0 
spock                 402382  2 esio,topsync
vd                     11374  0 
iofpga                 84619  0 
tatcpld                39859  0 
omeKdsBct              12662  0 
bcpld                 150269  2 spock,tatcpld
hsiFlare               71359  6 vd,bcpld,spock,tatcpld,topsync,pluggableqsfp
safeIo                  8354  6 vd,bcpld,spock,tatcpld,hsiFlare,pluggableqsfp
tun                    17205  0 
w1com                   7420  1 iofpga
driver_common          19836  11 vd,esio,bcpld,spock,omeKdsBct,tatcpld,topsync,iofpga,safeIo,hsiFlare,pluggableqsfp
driver_helper           2786  3 bcpld,iofpga,driver_common
simwd                   2777  2 
rcS: Installing LINX
Executing rc.linx for 1-A-CM1
Installing LINX kernel modules
[  118.464153] LINX: version 2.5.1
[  118.464386] LINX: Compile-time configuration:
[  118.464683] LINX: Max number of LINX sockets 4096
[  118.464988] LINX: Max number of attach references 4096
[  118.465355] LINX: Max number of remote links 128
[  118.465658] LINX: Max number of communicating sockets over a link 1024
[  118.466093] LINX: Max number of timeout references 8192
[  118.466780] NET: Registered protocol family 29
pid 2752's current scheduling policy: SCHED_OTHER
pid 2752's current scheduling priority: 0
pid 2752's new scheduling policy: SCHED_RR
pid 2752's new scheduling priority: 84
LINX modules installed
rcS: Starting LINX, wait 10s
Executing rc.linx for 1-A-CM1
Starting LINX discovery daemon
LINXDISC config file is in /tmp/.linxdisc.conf.
Spawning LINX IPC daemon /bin/linxdisc as 1-A-CM1 on eth0
LINXDISC was started
[  120.836577] linx init_ecm_connection tx_def_queue_max_size = 2048
[  121.357321] LINX: Hunt path "1-A-SP1/" available (RLNH version:2)
rc.simnet: Finding MAC address for host 172.7.1.35 from 172.7.1.31
? (172.7.1.35) at 52:54:00:83:9c:d1 [ether]  on eth0
rc.simnet: Create LINX link to host 52:54:00:83:9c:d1 from device eth2
[  128.553173] linx init_ecm_connection tx_def_queue_max_size = 2048
mkethcon: created connection 'ethcm/ConnToPC'.
Now use 'mklink -c ethcm/ConnToPC ...' to create a link.
Starting simulation application
Starting simApp m2 server
[SimApp-simctmbootctrl]::simctmbootctrl Adding set*display to PS.
[SimApp-simpotsbootctrl]::simpotsbootctrl Adding set*display to PS.
[SimApp-simdpmgr]::ParseDpInterfaceFile Created 0 interfaces from file /sim/interface.txt
Have control of primaryship
[SimApp-simpotsprimary]::Initialize Initial Primary state:2
[SimApp-simpotsprimary]::DeterminePrimary No Secondary. Becoming primary!
[SimApp-ElectionFsmCls]::Start action, state Init
[SimApp-ElectionFsmCls]::JumpToPrimary action, state TimerSet
[SimApp-simpotsprimary]::TransitionOnline
[SimApp-simpotsbootctrl]::PcpCallback SelfStateChangeEvent newStatus:ResetEmpty
[  129.679606] LINX: Hunt path "1-A-SP1/" unavailable
[  129.680052] linx init_ecm_connection tx_def_queue_max_size = 2048
[  129.836703] linx init_ecm_connection tx_def_queue_max_size = 2048
[  131.608099] LINX: Hunt path "1-A-SP1/" available (RLNH version:2)
[  165.350273] LINX: Hunt path "1-A-SP1/" unavailable
[  165.350676] linx init_ecm_connection tx_def_queue_max_size = 2048
[  165.838217] linx init_ecm_connection tx_def_queue_max_size = 2048
[  166.667449] LINX: Hunt path "1-A-SP1/" available (RLNH version:2)
rcS: Starting mapserver, wait 3s
Created bufer pool at 0xB735BD20, memSize: 736000, buffSize: 176 numBuffs: 4000, nextAddrP: 0xBF982F1C
rcS: Comms ready
rcS: Run daemons
gatekeeperDaemon was started
shelfLstDaemon was started
Execute: /bin/ccnet-ctm &




 AcceptedIntoCcnet



 WENT PRIMARY!!!!!!!

BpnDirector::GoPrimary - Went primary

Entering DCN GoPrimary

LostLease done

Leaving DCN GoPrimary




 ExecFound


ipcDaemon was started
rc.daemons was started
rcS: Setting SNMP ENV
root: Stopping syslog
root: Starting syslog
Error resolving hostname; host='CTXP'
Initiating connection failed, reconnecting; time_reopen='10'
rcS: Starting ntpd
rcS: Starting kern_exec
primary
Could not read SW tag from HW IDP device.




 ExecFound


[  171.879469] 8139cp 0000:00:04.0 eth1: link up, 100Mbps, full-duplex, lpa 0x05E1
CfgUpdate - Everything_IP
[SimApp-simpotsbootctrl]::PcpCallback SelfStateChangeEvent newStatus:SwInitializing
Enabling ipv4 forwarding for SIM
1 >/proc/sys/net/ipv4/ip_forward
CtmBootCtrlDevice::HandleEvents() - entering self ctm event handler
[  171.949391] VDP: config esmc edev for port 4 
[  171.949606] VDP: configured IBC edev_ibc table & veth interfaces on this card
[  171.950351] NET: Registered protocol family 27
[  171.950553] NET: Registered protocol family 28
[  171.950742] NET: Registered protocol family 30
[  171.950931] NET: Registered protocol family 25
[  171.951133] NET: Registered protocol family 31
[  171.951806] VDP: packet type added on on IBC Virtual Device: ibc_vdp
vdp was started
Starting rc.vsftpd...
1+0 records in
1+0 records out
1024 bytes (1.0 kB) copied, 6.2093e-05 s, 16.5 MB/s
VSFTPD sparse image file created
mke2fs 1.42.13 (17-May-2015)
Creating filesystem with 499713 1k blocks and 125416 inodes
Filesystem UUID: 6182212e-f1cb-4350-9375-36a1ade7bf8e
Superblock backups stored on blocks: 
	8193, 24577, 40961, 57345, 73729, 204801, 221185, 401409

Allocating group tables:  0/61     done                            
Writing inode tables:  0/61     done                            
Writing superblocks and filesystem accounting information:  0/61     done

VSFTPD sparse file system created
tune2fs 1.42.13 (17-May-2015)
Setting maximal mount count to -1
Setting interval between checks to 0 seconds
VSFTPD sparse file system count/time attributes set
VSFTPD sparse file system loop mounted on /superuser
VSFTPD default upload directory /superuser
vsftpd upload area initialized
rc.system.boot was started
rcS: Wait 2s, start simshm
[  172.818736] sh (2987): drop_caches: 3
Could not read SW tag from HW IDP device.
EXEC: STATE 0x8001e001 : dum empty -> loading active Go()
EXEC: STATE 0x8001e002 : dumber empty -> loading active Go()
EXEC: STATE 0x8001e003 : dpb empty -> loading active Go()
EXEC: STATE 0x8001e004 : osrp empty -> loading active Go()
EXEC: STATE 0x8001e005 : bbb-xc empty -> loading active Go()
EXEC: STATE 0x8001e006 : cesd-ctm empty -> loading active Go()
EXEC: STATE 0x8001e007 : umi-c_pts empty -> loading active Go()
EXEC: STATE 0x8001e008 : cesd-pslm empty -> loading active Go()
EXEC: STATE 0x8001e000 : exec recovery -> initialize active SetState()
EXEC: STATE 0x8001e000 : exec initialize -> normal active Event() INIT
++map+++++++++++++++++++++++++++++++++++++
Just became nc/sc map instance
++++++++++++++++++++++++++++++++++++++++++
[  173.941154] 8139cp 0000:00:04.0 eth1: link up, 100Mbps, full-duplex, lpa 0x05E1
[  174.041982] sh (3000): drop_caches: 3
flash already contains rel_simpts_13.00.2_abenbach
[EXEC]: 0x8001e001 : dum [0x1c] rel_simpts_13.00.2_abenbach started. @ 0x0 size 0
EXEC: STATE 0x8001e001 : dum loading -> starting active Event() loaded
EXEC: STATE 0x8001e001 : dum starting -> initialize active Event() STAR
EXEC: STATE 0x8001e001 : dum initialize -> normal active Event() INIT
rcS: Activating System Guardian
Enabling system monitoring
System monitoring is started
run additional guardian services
[EXEC]: 0x8001e002 : dumber [0x3e] rel_simpts_13.00.2_abenbach started. @ 0x0 size 0
EXEC: STATE 0x8001e002 : dumber loading -> starting active Event() loaded
EXEC: STATE 0x8001e002 : dumber starting -> initialize active Event() STAR
Example Intitialize Action (primary 1 cold 1)
EXEC: STATE 0x8001e002 : dumber initialize -> normal active Event() INIT
rcS: Turning off KLM printing to console for all but Critical logs
rcS: Re-enable console output with: dmesg -n 7
rcS: Sleep 20s to allow for /enableConsole
[EXEC]: 0x8001e003 : dpb [0x4b] rel_simpts_13.00.2_abenbach started. @ 0x0 size 0
EXEC: STATE 0x8001e003 : dpb loading -> starting active Event() loaded
EXEC: STATE 0x8001e003 : dpb starting -> initialize active Event() STAR
sh: /cgroup/cpu/osrp/tasks: No such file or directory
sh: /cgroup/cpuacct/osrp/tasks: No such file or directory
EXEC: STATE 0x8001e003 : dpb initialize -> normal active Event() INIT

Accelerator/SBT driver version 1

[EXEC]: 0x8001e004 : osrp [0x4d] rel_simpts_13.00.2_abenbach started. @ 0x0 size 0
EXEC: STATE 0x8001e004 : osrp loading -> starting active Event() loaded
EXEC: STATE 0x8001e004 : osrp starting -> initialize active Event() STAR
sh: /cgroup/cpu/osrp/tasks: No such file or directory
sh: /cgroup/cpuacct/osrp/tasks: No such file or directory
[EXEC]: 0x8001e005 : bbb-xc [0x4c] rel_simpts_13.00.2_abenbach started. @ 0x0 size 0
EXEC: STATE 0x8001e005 : bbb-xc loading -> starting active Event() loaded
EXEC: STATE 0x8001e005 : bbb-xc starting -> initialize active Event() STAR
root: rc.ntpd.client: coarse resync stage 2 complete, resuming ntpd fine adjustments
root: rc.ntpd: ntpd started
[EXEC]: 0x8001e006 : cesd-ctm [0x0] rel_simpts_13.00.2_abenbach started. @ 0x0 size 0
EXEC: STATE 0x8001e006 : cesd-ctm loading -> starting active Event() loaded
EXEC: STATE 0x8001e006 : cesd-ctm starting -> initialize active Event() STAR
ToPSync TOPSYNC_9522_REL2 is open fd=24
Could not read EA tag from HW IDP device.
Could not read EA tag from HW IDP device.
Hardware version: 0x00000000
Application version: 
System state is BOOT
ToPSync is in BOOT state
Factory boot version: 
Field boot version:   
Port 0 enabled (0x1)
[EXEC]: 0x8001e007 : umi-c_pts [0x0] rel_simpts_13.00.2_abenbach started. @ 0x0 size 0
EXEC: STATE 0x8001e007 : umi-c_pts loading -> starting active Event() loaded
EXEC: STATE 0x8001e007 : umi-c_pts starting -> initialize active Event() STAR
EXEC: STATE 0x8001e007 : umi-c_pts initialize -> normal active Event() INIT
Port 1 enabled (0x101)
    Port 0 MAC:   00:00:00:00:00:00
    Port 0 SGMII: MAC
    Port 0 DHCP:  OFF
    Port 0 IP      0.0.0.0
    Port 0 mask    0.0.0.0
    Port 0 gateway 0.0.0.0
    Port 1 MAC:   00:00:00:00:00:00
    Port 1 SGMII: MAC
    Port 1 DHCP:  OFF
    Port 1 IP      0.0.0.0
    Port 1 mask    0.0.0.0
    Port 1 gateway 0.0.0.0
Checking MAC Address for Port0... Assigned MAC for Port 0: 00:AA:AA:AA:07:05
Writing new MAC address for port 0
Checking MAC Address for Port1... Assigned MAC for Port 1: 00:AA:AA:AA:07:06
Writing new MAC address for port 1
Checking Port0 SGMII... Writing new SGMII config for port 0: 0x0 -> 0x1
Checking Port1 SGMII... Writing new SGMII config for port 1: 0x0 -> 0x1
Skip firmware upload in SIM
Setting system state to INTIALISING SYSTEM
[EXEC]: 0x8001e008 : cesd-pslm [0x0] rel_simpts_13.00.2_abenbach started. @ 0x0 size 0
EXEC: STATE 0x8001e008 : cesd-pslm loading -> starting active Event() loaded
EXEC: STATE 0x8001e008 : cesd-pslm starting -> initialize active Event() STAR
Dead child (zombie) process pid 1 cleaned up.
Dead child (zombie) process pid 1486 cleaned up.
Dead child (zombie) process pid 2365 cleaned up.
Dead child (zombie) process pid 2431 cleaned up.
Dead child (zombie) process pid 2455 cleaned up.
Dead child (zombie) process pid 2702 cleaned up.
Dead child (zombie) process pid 2704 cleaned up.
Dead child (zombie) process pid 2863 cleaned up.
Dead child (zombie) process pid 2865 cleaned up.
Dead child (zombie) process pid 2879 cleaned up.
Setting system state to INTIALISING APPLICATION
Writing PTP default parameters...
    Address    -> New Value
    0x01014002 -> 0xE0000181
    0x01014003 -> 0x000000B8
    0x01014004 -> 0x00000000
    0x01014006 -> 0x011B1900
    0x01014007 -> 0x00000000
Setting system state to RUNNING
Writing PTP configuration parameters...
    Address    -> New Value
    0x0A000004 -> 0x00000000
    0x0A000000 -> 0x00000000
    0x0A000001 -> 0x00000000
    0x0A000002 -> 0x00000002
    0x0A000004 -> 0x00000001
    0x0A000003 -> 0x00000003
    0x0A000005 -> 0x00000001
Setting OpCLK MUX: OPCLK1 (TO2) from TDM input block
Reading configuration...
    Ethernet 0 address: 00:00:00:00:00:00
    Ethernet 1 address: 00:00:00:00:00:00
PTP Port Information:
    Physical port 0
    Protocol      UDP4
    Version       0
    Node ID       00:00:00:00:00:00:00:00
    Message periods (unicast):
       Announce       1.0000 s
       Sync           1.0000 s
       Delay response 1.0000 s


SAFERAM: validMaskSETSFM = 0x0

SWERR: F:ehsi_common.c L:2857 Invalid port = 0 or instance = 1 
SWERR: F:ehsi_common.c L:2919 Invalid port = 0 or instance = 1 
SWERR: F:ehsi_common.c L:2974 Invalid port = 0 or instance = 1 
SWERR: F:ehsi_common.c L:3084 Invalid port = 0 or instance = 1 
SWERR: F:ehsi_common.c L:2562 Invalid port = 0 or instance = 1 
SWERR: F:ehsi_common.c L:2441 Invalid port = 0 or instance = 1 
SWERR: F:ehsi_common.c L:2684 Invalid port = 0 or instance = 1 
SWERR: F:ehsi_common.c L:2623 Invalid port = 0 or instance = 1 
SWERR: F:ehsi_common.c L:2741 Invalid port = 0 or instance = 1 
SWERR: F:ehsi_common.c L:3459 Invalid port = 0 or instance = 1 
SWERR: F:ehsi_common.c L:3794 Invalid port = 0 or instance = 1 
SWERR: F:ehsi_common.c L:4023 Invalid port = 0 or instance = 1 
SWERR: F:ehsi_common.c L:4081 Invalid port = 0 or instance = 1 
SWERR: F:ehsi_common.c L:4255 Invalid port = 0 or instance = 1 
SWERR: F:ehsi_common.c L:4313 Invalid port = 0 or instance = 1 
SWERR: F:ehsi_common.c L:4139 Invalid port = 0 or instance = 1 
SWERR: F:ehsi_common.c L:4197 Invalid port = 0 or instance = 1 
SWERR: F:ehsi_common.c L:5413 Invalid port = 0 or instance = 1 
SWERR: F:ehsi_common.c L:5515 Invalid port = 0 or instance = 1 
SWERR: F:ehsi_common.c L:5314 Invalid port = 0 or instance = 1 
SWERR: F:ehsi_common.c L:2857 Invalid port = 0 or instance = 1 
SWERR: F:ehsi_common.c L:3084 Invalid port = 0 or instance = 1 
SWERR: F:ehsi_common.c L:2441 Invalid port = 0 or instance = 1 
SWERR: F:ehsi_common.c L:2562 Invalid port = 0 or instance = 1 
SWERR: F:ehsi_common.c L:2741 Invalid port = 0 or instance = 1 
SWERR: F:ehsi_common.c L:3459 Invalid port = 0 or instance = 1 
SWERR: F:ehsi_common.c L:4023 Invalid port = 0 or instance = 1 
SWERR: F:ehsi_common.c L:4081 Invalid port = 0 or instance = 1 
SWERR: F:ehsi_common.c L:4139 Invalid port = 0 or instance = 1 
SWERR: F:ehsi_common.c L:4197 Invalid port = 0 or instance = 1 
SWERR: F:ehsi_common.c L:5413 Invalid port = 0 or instance = 1 
SWERR: F:ehsi_common.c L:5515 Invalid port = 0 or instance = 1 
SWERR: F:ehsi_common.c L:7108 Invalid port = 0 or instance = 1 
SWERR: F:ehsi_common.c L:5004 Invalid port = 0 or instance = 1 
SWERR: F:ehsi_common.c L:5094 Invalid port = 0 or instance = 1 
SWERR: F:ehsi_common.c L:3029 Invalid port = 0 or instance = 1 
SWERR: F:ptsxc_ehsi_common.c L:309 : ehsi_eMotr_common_bind:Unable to bind all the Functions for mother board SFP!! 
SWERR: F:ptsxc_ehsi_common.c L:327 : ehsi_eMotr_common_bind:Unable to bind all the Functions for mother board XFP!! 
SWERR: F:ehsi_otn_switching.c L:487 PTSXC_DEBUG: inside bindEHSI_otn_switching_addPort 
OAF Events ERR: Initialisation INCOMPLETE
EXEC: STATE 0x8001e005 : bbb-xc initialize -> normal active Event() INIT
DIDN'T GET RESULT !!
bnrpath_g=
curRel_g=rel_simpts_13.00.2_abenbach
cardType_g=pts14
cardArch_g=i486-sim
rcS: Creating RTRV-LOG log directory
starting pid 3944, tty '': '-/bin/sh'
6500> Binding an VF packet via VDP
EXEC: STATE 0x8001e006 : cesd-ctm initialize -> normal active Event() INIT
EXEC: A-1 (-) is supported in release rel_simpts_13.00.2_abenbach.
EXEC: A-2 (-) is supported in release rel_simpts_13.00.2_abenbach.
EXEC: A-3 (-) is supported in release rel_simpts_13.00.2_abenbach.
EXEC: A-4 (-) is supported in release rel_simpts_13.00.2_abenbach.
EXEC: A-5 (-) is supported in release rel_simpts_13.00.2_abenbach.
EXEC: A-6 (-) is supported in release rel_simpts_13.00.2_abenbach.
EXEC: A-7 (-) is supported in release rel_simpts_13.00.2_abenbach.
EXEC: A-8 (-) is supported in release rel_simpts_13.00.2_abenbach.
EXEC: A-9 (-) is supported in release rel_simpts_13.00.2_abenbach.
EXEC: A-10 (-) is supported in release rel_simpts_13.00.2_abenbach.
EXEC: A-11 (-) is supported in release rel_simpts_13.00.2_abenbach.
EXEC: A-12 (-) is supported in release rel_simpts_13.00.2_abenbach.
EXEC: A-13 (-) is supported in release rel_simpts_13.00.2_abenbach.
EXEC: A-14 (-) is supported in release rel_simpts_13.00.2_abenbach.
EXEC: A-CM1 (-) is supported in release rel_simpts_13.00.2_abenbach.
EXEC: A-CM2 (-) is supported in release rel_simpts_13.00.2_abenbach.
EXEC: A-SP1 (-) is supported in release rel_simpts_13.00.2_abenbach.
EXEC: A-SP2 (-) is supported in release rel_simpts_13.00.2_abenbach.
EXEC: A-AP1 (-) is supported in release rel_simpts_13.00.2_abenbach.
EXEC: A-AP2 (-) is supported in release rel_simpts_13.00.2_abenbach.
EXEC(STUBBED): A-1 can now boot as the DIP settings are OK.
EXEC(STUBBED): A-2 can now boot as the DIP settings are OK.
EXEC(STUBBED): A-3 can now boot as the DIP settings are OK.
EXEC(STUBBED): A-4 can now boot as the DIP settings are OK.
EXEC(STUBBED): A-5 can now boot as the DIP settings are OK.
EXEC(STUBBED): A-6 can now boot as the DIP settings are OK.
EXEC(STUBBED): A-7 can now boot as the DIP settings are OK.
EXEC(STUBBED): A-8 can now boot as the DIP settings are OK.
EXEC(STUBBED): A-9 can now boot as the DIP settings are OK.
EXEC(STUBBED): A-10 can now boot as the DIP settings are OK.
EXEC(STUBBED): A-11 can now boot as the DIP settings are OK.
EXEC(STUBBED): A-12 can now boot as the DIP settings are OK.
EXEC(STUBBED): A-13 can now boot as the DIP settings are OK.
EXEC(STUBBED): A-14 can now boot as the DIP settings are OK.
EXEC(STUBBED): A-CM1 can now boot as the DIP settings are OK.
EXEC(STUBBED): A-CM2 can now boot as the DIP settings are OK.
EXEC(STUBBED): A-SP1 can now boot as the DIP settings are OK.
EXEC(STUBBED): A-SP2 can now boot as the DIP settings are OK.
EXEC(STUBBED): A-AP1 can now boot as the DIP settings are OK.
EXEC(STUBBED): A-AP2 can now boot as the DIP settings are OK.
reloading /etc/inittab
reloading /etc/inittab
EXEC: STATE 0x8001e008 : cesd-pslm initialize -> normal active Event() INIT
root: rc.ntpd: ntpd started
EXEC: STATE 0x8001e004 : osrp initialize -> normal active Event() INIT
CtmBootCtrlDevice::HandleEvents() - entering self ctm event handler
[SimApp-simpotsbootctrl]::PcpCallback SelfStateChangeEvent newStatus:SwGood

OME-000102032900> 
OME-000102032900> ps -eo pid,comm > process.map
OME-000102032900> dmeag     dmeag     dmeaf g.    cat: /proc/ciena/oaf/uart_log: No such file or directory
/ciena/scripts/setsCaptureInfo.sh: line 40: bcmMsgTest: command not found
/ciena/scripts/setsCaptureInfo.sh: line 44: bcmMsgTest: command not found
 
sh: dme: command not found
OME-000102032900> dmesg > dmesg.log
OME-000102032900> scp process.map dmesg.log abenbach@10.176.33.1
abenbach@10.176.33.1: No such file or directory
OME-000102032900> scp process.map dmesg.log abenbach@10.176.33.1nbach@10.176.33.1:~/
The authenticity of host '10.176.33.1 (10.176.33.1)' can't be established.
ECDSA key fingerprint is SHA256:H/04Znez6DfQJ1c94cNHRbot873YrOc+2qmVPsTlTJc.
Are you sure you want to continue connecting (yes/no)? yes
Warning: Permanently added '10.176.33.1' (ECDSA) to the list of known hosts.
abenbach@10.176.33.1's password: 
Permission denied, please try again.
abenbach@10.176.33.1's password: 
process.map                                     0%    0     0.0KB/s   --:-- ETAprocess.map                                   100% 1659     1.6KB/s   00:00    
dmesg.log                                       0%    0     0.0KB/s   --:-- ETAdmesg.log                                     100%   52KB  52.5KB/s   00:00    
OME-000102032900> cd "/rel/rel_simpts_13.00.2_abenbach"; md5sum -c "manifest_run.md5" > "/tmp/md5check"
Verifying checksum of the release (this may take a few minutes).
cd "/"; md5sum -c "manifest_run.md5" > "/tmp/md5check"
Verifying checksum of the release (this may take a few minutes).
++map++++++++++++++++++++++++++++++++++++++++++++
!!!!!!!!!!!!!!!!!!!!!!!!!!!!!!!!!!!!!!!!!!!!!!!!!
!!!!!!!!!!!!!!!!!!!!!!!!!!!!!!!!!!!!!!!!!!!!!!!!!
!!!!!!!!!!!!!!!!!!!!!!!!!!!!!!!!!!!!!!!!!!!!!!!!!
Map abdication unexpectedly forced by secondary!!
Please reset and/or remove and reinsert
your secondary to clear this problem!!!
!!!!!!!!!!!!!!!!!!!!!!!!!!!!!!!!!!!!!!!!!!!!!!!!!
!!!!!!!!!!!!!!!!!!!!!!!!!!!!!!!!!!!!!!!!!!!!!!!!!
!!!!!!!!!!!!!!!!!!!!!!!!!!!!!!!!!!!!!!!!!!!!!!!!!
+++++++++++++++++++++++++++++++++++++++++++++++++
++map+++++++++++++++++++++++++++++++++++++
Just became nc/sc map instance
++++++++++++++++++++++++++++++++++++++++++
++map++++++++++++++++++++++++++++++++++++++++++++
!!!!!!!!!!!!!!!!!!!!!!!!!!!!!!!!!!!!!!!!!!!!!!!!!
!!!!!!!!!!!!!!!!!!!!!!!!!!!!!!!!!!!!!!!!!!!!!!!!!
!!!!!!!!!!!!!!!!!!!!!!!!!!!!!!!!!!!!!!!!!!!!!!!!!
Map abdication unexpectedly forced by secondary!!
Please reset and/or remove and reinsert
your secondary to clear this problem!!!
!!!!!!!!!!!!!!!!!!!!!!!!!!!!!!!!!!!!!!!!!!!!!!!!!
!!!!!!!!!!!!!!!!!!!!!!!!!!!!!!!!!!!!!!!!!!!!!!!!!
!!!!!!!!!!!!!!!!!!!!!!!!!!!!!!!!!!!!!!!!!!!!!!!!!
+++++++++++++++++++++++++++++++++++++++++++++++++
++map+++++++++++++++++++++++++++++++++++++
Just became nc/sc map instance
++++++++++++++++++++++++++++++++++++++++++
++map++++++++++++++++++++++++++++++++++++++++++++
!!!!!!!!!!!!!!!!!!!!!!!!!!!!!!!!!!!!!!!!!!!!!!!!!
!!!!!!!!!!!!!!!!!!!!!!!!!!!!!!!!!!!!!!!!!!!!!!!!!
!!!!!!!!!!!!!!!!!!!!!!!!!!!!!!!!!!!!!!!!!!!!!!!!!
Map abdication unexpectedly forced by secondary!!
Please reset and/or remove and reinsert
your secondary to clear this problem!!!
!!!!!!!!!!!!!!!!!!!!!!!!!!!!!!!!!!!!!!!!!!!!!!!!!
!!!!!!!!!!!!!!!!!!!!!!!!!!!!!!!!!!!!!!!!!!!!!!!!!
!!!!!!!!!!!!!!!!!!!!!!!!!!!!!!!!!!!!!!!!!!!!!!!!!
+++++++++++++++++++++++++++++++++++++++++++++++++
++map+++++++++++++++++++++++++++++++++++++
Just became nc/sc map instance
++++++++++++++++++++++++++++++++++++++++++

OME-000102032900> dmesg
[    0.000000] Linux version 4.1.32 (abenbach@664bc223f161) (gcc version 5.3.0 (GCC) ) #20 SMP Thu Sep 28 11:19:38 EDT 2017
[    0.000000] e820: BIOS-provided physical RAM map:
[    0.000000] BIOS-e820: [mem 0x0000000000000000-0x000000000009fbff] usable
[    0.000000] BIOS-e820: [mem 0x000000000009fc00-0x000000000009ffff] reserved
[    0.000000] BIOS-e820: [mem 0x00000000000f0000-0x00000000000fffff] reserved
[    0.000000] BIOS-e820: [mem 0x0000000000100000-0x000000007fffdfff] usable
[    0.000000] BIOS-e820: [mem 0x000000007fffe000-0x000000007fffffff] reserved
[    0.000000] BIOS-e820: [mem 0x00000000feffc000-0x00000000feffffff] reserved
[    0.000000] BIOS-e820: [mem 0x00000000fffc0000-0x00000000ffffffff] reserved
[    0.000000] Notice: NX (Execute Disable) protection cannot be enabled: non-PAE kernel!
[    0.000000] SMBIOS 2.4 present.
[    0.000000] DMI: Red Hat KVM, BIOS 0.5.1 01/01/2011
[    0.000000] e820: update [mem 0x00000000-0x00000fff] usable ==> reserved
[    0.000000] e820: remove [mem 0x000a0000-0x000fffff] usable
[    0.000000] e820: last_pfn = 0x7fffe max_arch_pfn = 0x100000
[    0.000000] MTRR default type: write-back
[    0.000000] MTRR fixed ranges enabled:
[    0.000000]   00000-9FFFF write-back
[    0.000000]   A0000-BFFFF uncachable
[    0.000000]   C0000-FFFFF write-protect
[    0.000000] MTRR variable ranges enabled:
[    0.000000]   0 base 000080000000 mask 3FFF80000000 uncachable
[    0.000000]   1 disabled
[    0.000000]   2 disabled
[    0.000000]   3 disabled
[    0.000000]   4 disabled
[    0.000000]   5 disabled
[    0.000000]   6 disabled
[    0.000000]   7 disabled
[    0.000000] PAT configuration [0-7]: WB  WC  UC- UC  WB  WC  UC- UC  
[    0.000000] found SMP MP-table at [mem 0x000f2000-0x000f200f] mapped at [c00f2000]
[    0.000000] initial memory mapped: [mem 0x00000000-0x00ffffff]
[    0.000000] Base memory trampoline at [c009b000] 9b000 size 16384
[    0.000000] init_memory_mapping: [mem 0x00000000-0x000fffff]
[    0.000000]  [mem 0x00000000-0x000fffff] page 4k
[    0.000000] init_memory_mapping: [mem 0x37000000-0x373fffff]
[    0.000000]  [mem 0x37000000-0x373fffff] page 4M
[    0.000000] init_memory_mapping: [mem 0x00100000-0x36ffffff]
[    0.000000]  [mem 0x00100000-0x003fffff] page 4k
[    0.000000]  [mem 0x00400000-0x36ffffff] page 4M
[    0.000000] init_memory_mapping: [mem 0x37400000-0x377fdfff]
[    0.000000]  [mem 0x37400000-0x377fdfff] page 4k
[    0.000000] BRK [0x00c97000, 0x00c97fff] PGTABLE
[    0.000000] RAMDISK: [mem 0x7dc44000-0x7fffcfff]
[    0.000000] Allocated new RAMDISK: [mem 0x35445000-0x377fd3ab]
[    0.000000] Move RAMDISK from [mem 0x7dc44000-0x7fffc3ab] to [mem 0x35445000-0x377fd3ab]
[    0.000000] ACPI: Early table checksum verification disabled
[    0.000000] ACPI: RSDP 0x00000000000F1E30 000014 (v00 BOCHS )
[    0.000000] ACPI: RSDT 0x000000007FFFFB04 000030 (v01 BOCHS  BXPCRSDT 00000001 BXPC 00000001)
[    0.000000] ACPI: FACP 0x000000007FFFF177 000074 (v01 BOCHS  BXPCFACP 00000001 BXPC 00000001)
[    0.000000] ACPI: DSDT 0x000000007FFFE040 001137 (v01 BXPC   BXDSDT   00000001 INTL 20150619)
[    0.000000] ACPI: FACS 0x000000007FFFE000 000040
[    0.000000] ACPI: SSDT 0x000000007FFFF1EB 000899 (v01 BOCHS  BXPCSSDT 00000001 BXPC 00000001)
[    0.000000] ACPI: APIC 0x000000007FFFFA84 000080 (v01 BOCHS  BXPCAPIC 00000001 BXPC 00000001)
[    0.000000] ACPI: Local APIC address 0xfee00000
[    0.000000] 1160MB HIGHMEM available.
[    0.000000] 887MB LOWMEM available.
[    0.000000]   mapped low ram: 0 - 377fe000
[    0.000000]   low ram: 0 - 377fe000
[    0.000000] BRK [0x00c98000, 0x00c98fff] PGTABLE
[    0.000000] Zone ranges:
[    0.000000]   DMA      [mem 0x0000000000001000-0x0000000000ffffff]
[    0.000000]   Normal   [mem 0x0000000001000000-0x00000000377fdfff]
[    0.000000]   HighMem  [mem 0x00000000377fe000-0x000000007fffdfff]
[    0.000000] Movable zone start for each node
[    0.000000] Early memory node ranges
[    0.000000]   node   0: [mem 0x0000000000001000-0x000000000009efff]
[    0.000000]   node   0: [mem 0x0000000000100000-0x000000007fffdfff]
[    0.000000] Initmem setup node 0 [mem 0x0000000000001000-0x000000007fffdfff]
[    0.000000] On node 0 totalpages: 524188
[    0.000000] free_area_init_node: node 0, pgdat c0b345c0, node_mem_map f4445020
[    0.000000]   DMA zone: 32 pages used for memmap
[    0.000000]   DMA zone: 0 pages reserved
[    0.000000]   DMA zone: 3998 pages, LIFO batch:0
[    0.000000]   Normal zone: 1744 pages used for memmap
[    0.000000]   Normal zone: 223230 pages, LIFO batch:31
[    0.000000]   HighMem zone: 296960 pages, LIFO batch:31
[    0.000000] Using APIC driver default
[    0.000000] ACPI: PM-Timer IO Port: 0x608
[    0.000000] ACPI: Local APIC address 0xfee00000
[    0.000000] ACPI: LAPIC_NMI (acpi_id[0xff] dfl dfl lint[0x1])
[    0.000000] IOAPIC[0]: apic_id 0, version 17, address 0xfec00000, GSI 0-23
[    0.000000] ACPI: INT_SRC_OVR (bus 0 bus_irq 0 global_irq 2 dfl dfl)
[    0.000000] ACPI: INT_SRC_OVR (bus 0 bus_irq 5 global_irq 5 high level)
[    0.000000] ACPI: INT_SRC_OVR (bus 0 bus_irq 9 global_irq 9 high level)
[    0.000000] ACPI: INT_SRC_OVR (bus 0 bus_irq 10 global_irq 10 high level)
[    0.000000] ACPI: INT_SRC_OVR (bus 0 bus_irq 11 global_irq 11 high level)
[    0.000000] ACPI: IRQ0 used by override.
[    0.000000] ACPI: IRQ5 used by override.
[    0.000000] ACPI: IRQ9 used by override.
[    0.000000] ACPI: IRQ10 used by override.
[    0.000000] ACPI: IRQ11 used by override.
[    0.000000] Using ACPI (MADT) for SMP configuration information
[    0.000000] smpboot: Allowing 2 CPUs, 0 hotplug CPUs
[    0.000000] e820: [mem 0x80000000-0xfeffbfff] available for PCI devices
[    0.000000] clocksource refined-jiffies: mask: 0xffffffff max_cycles: 0xffffffff, max_idle_ns: 1910969940391419 ns
[    0.000000] setup_percpu: NR_CPUS:8 nr_cpumask_bits:8 nr_cpu_ids:2 nr_node_ids:1
[    0.000000] PERCPU: Embedded 19 pages/cpu @f440a000 s46424 r0 d31400 u77824
[    0.000000] pcpu-alloc: s46424 r0 d31400 u77824 alloc=19*4096
[    0.000000] pcpu-alloc: [0] 0 [0] 1 
[    0.000000] Built 1 zonelists in Zone order, mobility grouping on.  Total pages: 522412
[    0.000000] Kernel command line: root=/dev/hdd rw console=ttyS0,115200 panic=10 ftrace=hypertrace hyperbootlevel=1 initrd=/initramfs-pts14-i486-sim.cpio.gz BOOT_IMAGE=/bzImage 
[    0.000000] PID hash table entries: 4096 (order: 2, 16384 bytes)
[    0.000000] Dentry cache hash table entries: 131072 (order: 7, 524288 bytes)
[    0.000000] Inode-cache hash table entries: 65536 (order: 6, 262144 bytes)
[    0.000000] Initializing CPU#0
[    0.000000] xsave: enabled xstate_bv 0x7, cntxt size 0x340 using standard form
[    0.000000] Initializing HighMem for node 0 (000377fe:0007fffe)
[    0.000000] Initializing Movable for node 0 (00000000:00000000)
[    0.000000] Memory: 2030804K/2096752K available (7138K kernel code, 625K rwdata, 2744K rodata, 668K init, 632K bss, 65948K reserved, 0K cma-reserved, 1187840K highmem)
[    0.000000] virtual kernel memory layout:
[    0.000000]     fixmap  : 0xfff17000 - 0xfffff000   ( 928 kB)
[    0.000000]     pkmap   : 0xff800000 - 0xffc00000   (4096 kB)
[    0.000000]     vmalloc : 0xf7ffe000 - 0xff7fe000   ( 120 MB)
[    0.000000]     lowmem  : 0xc0000000 - 0xf77fe000   ( 887 MB)
[    0.000000]       .init : 0xc0b46000 - 0xc0bed000   ( 668 kB)
[    0.000000]       .data : 0xc07f8c72 - 0xc0b44780   (3374 kB)
[    0.000000]       .text : 0xc0100000 - 0xc07f8c72   (7139 kB)
[    0.000000] Checking if this processor honours the WP bit even in supervisor mode...Ok.
[    0.000000] Hierarchical RCU implementation.
[    0.000000] 	Additional per-CPU info printed with stalls.
[    0.000000] 	RCU restricting CPUs from NR_CPUS=8 to nr_cpu_ids=2.
[    0.000000] RCU: Adjusting geometry for rcu_fanout_leaf=16, nr_cpu_ids=2
[    0.000000] NR_IRQS:2304 nr_irqs:440 16
[    0.000000] CPU 0 irqstacks, hard=f3dc6000 soft=f3dc8000
[    0.000000] Console: colour VGA+ 80x25
[    0.000000] console [ttyS0] enabled
[    0.000000] tsc: Fast TSC calibration using PIT
[    0.000000] tsc: Detected 3691.570 MHz processor
[    0.002001] Calibrating delay loop (skipped), value calculated using timer frequency.. 7383.14 BogoMIPS (lpj=3691570)
[    0.002459] pid_max: default: 32768 minimum: 301
[    0.003019] ACPI: Core revision 20150410
[    0.004914] ACPI: All ACPI Tables successfully acquired
[    0.005350] Mount-cache hash table entries: 2048 (order: 1, 8192 bytes)
[    0.005641] Mountpoint-cache hash table entries: 2048 (order: 1, 8192 bytes)
[    0.006180] mce: CPU supports 10 MCE banks
[    0.006386] Last level iTLB entries: 4KB 0, 2MB 0, 4MB 0
[    0.006643] Last level dTLB entries: 4KB 0, 2MB 0, 4MB 0, 1GB 0
[    0.007548] Freeing SMP alternatives memory: 28K (c0bed000 - c0bf4000)
[    0.007909] ftrace: allocating 28382 entries in 56 pages
[    0.012047] Enabling APIC mode:  Flat.  Using 1 I/O APICs
[    0.012954] ..TIMER: vector=0x30 apic1=0 pin1=2 apic2=-1 pin2=-1
[    0.023384] TSC deadline timer enabled
[    0.023387] smpboot: CPU0: Intel Core Processor (Haswell) (fam: 06, model: 3c, stepping: 01)
[    0.023876] Performance Events: unsupported p6 CPU model 60 no PMU driver, software events only.
[    0.024113] Starting tracer 'hypertrace'
[    0.024586] CPU 1 irqstacks, hard=f3418000 soft=f341a000
[    0.024587] x86: Booting SMP configuration:
[    0.024818] .... node  #0, CPUs:      #1
[    0.003000] Initializing CPU#1
[    0.097052] x86: Booted up 1 node, 2 CPUs
[    0.097315] smpboot: Total of 2 processors activated (14787.47 BogoMIPS)
[    0.098091] devtmpfs: initialized
[    0.099051] clocksource jiffies: mask: 0xffffffff max_cycles: 0xffffffff, max_idle_ns: 1911260446275000 ns
[    0.099624] NET: Registered protocol family 16
[    0.106010] cpuidle: using governor ladder
[    0.112017] cpuidle: using governor menu
[    0.112358] ACPI: bus type PCI registered
[    0.112705] PCI: PCI BIOS revision 2.10 entry at 0xfd482, last bus=0
[    0.112982] PCI: Using configuration type 1 for base access
[    0.128112] ACPI: Added _OSI(Module Device)
[    0.128325] ACPI: Added _OSI(Processor Device)
[    0.128514] ACPI: Added _OSI(3.0 _SCP Extensions)
[    0.129004] ACPI: Added _OSI(Processor Aggregator Device)
[    0.131364] ACPI: Interpreter enabled
[    0.131538] ACPI Exception: AE_NOT_FOUND, While evaluating Sleep State [\_S1_] (20150410/hwxface-580)
[    0.131938] ACPI Exception: AE_NOT_FOUND, While evaluating Sleep State [\_S2_] (20150410/hwxface-580)
[    0.132235] ACPI Exception: AE_NOT_FOUND, While evaluating Sleep State [\_S3_] (20150410/hwxface-580)
[    0.132639] ACPI: (supports S0 S5)
[    0.132787] ACPI: Using IOAPIC for interrupt routing
[    0.133040] PCI: Using host bridge windows from ACPI; if necessary, use "pci=nocrs" and report a bug
[    0.137446] ACPI: PCI Root Bridge [PCI0] (domain 0000 [bus 00-ff])
[    0.137718] acpi PNP0A03:00: _OSC: OS supports [Segments MSI]
[    0.137976] acpi PNP0A03:00: _OSC failed (AE_NOT_FOUND); disabling ASPM
[    0.138060] acpi PNP0A03:00: fail to add MMCONFIG information, can't access extended PCI configuration space under this bridge.
[    0.138630] PCI host bridge to bus 0000:00
[    0.138826] pci_bus 0000:00: root bus resource [bus 00-ff]
[    0.139004] pci_bus 0000:00: root bus resource [io  0x0000-0x0cf7 window]
[    0.139293] pci_bus 0000:00: root bus resource [io  0x0d00-0xffff window]
[    0.139582] pci_bus 0000:00: root bus resource [mem 0x000a0000-0x000bffff window]
[    0.139901] pci_bus 0000:00: root bus resource [mem 0x80000000-0xfebfffff window]
[    0.140025] pci 0000:00:00.0: [8086:1237] type 00 class 0x060000
[    0.140255] pci 0000:00:01.0: [8086:7000] type 00 class 0x060100
[    0.140526] pci 0000:00:01.1: [8086:7010] type 00 class 0x010180
[    0.145528] pci 0000:00:01.1: reg 0x20: [io  0xc3c0-0xc3cf]
[    0.147553] pci 0000:00:01.1: legacy IDE quirk: reg 0x10: [io  0x01f0-0x01f7]
[    0.147875] pci 0000:00:01.1: legacy IDE quirk: reg 0x14: [io  0x03f6]
[    0.148003] pci 0000:00:01.1: legacy IDE quirk: reg 0x18: [io  0x0170-0x0177]
[    0.148307] pci 0000:00:01.1: legacy IDE quirk: reg 0x1c: [io  0x0376]
[    0.148756] pci 0000:00:01.3: [8086:7113] type 00 class 0x068000
[    0.148894] pci 0000:00:01.3: quirk: [io  0x0600-0x063f] claimed by PIIX4 ACPI
[    0.149008] pci 0000:00:01.3: quirk: [io  0x0700-0x070f] claimed by PIIX4 SMB
[    0.149474] pci 0000:00:02.0: [1b36:0100] type 00 class 0x030000
[    0.151012] pci 0000:00:02.0: reg 0x10: [mem 0xf4000000-0xf7ffffff]
[    0.153008] pci 0000:00:02.0: reg 0x14: [mem 0xf8000000-0xfbffffff]
[    0.155007] pci 0000:00:02.0: reg 0x18: [mem 0xfc0d4000-0xfc0d5fff]
[    0.157006] pci 0000:00:02.0: reg 0x1c: [io  0xc300-0xc31f]
[    0.163007] pci 0000:00:02.0: reg 0x30: [mem 0xfc0c0000-0xfc0cffff pref]
[    0.163219] pci 0000:00:03.0: [10ec:8139] type 00 class 0x020000
[    0.165004] pci 0000:00:03.0: reg 0x10: [io  0xc000-0xc0ff]
[    0.167005] pci 0000:00:03.0: reg 0x14: [mem 0xfc0d6000-0xfc0d60ff]
[    0.177003] pci 0000:00:03.0: reg 0x30: [mem 0xfc000000-0xfc03ffff pref]
[    0.177166] pci 0000:00:04.0: [10ec:8139] type 00 class 0x020000
[    0.179005] pci 0000:00:04.0: reg 0x10: [io  0xc100-0xc1ff]
[    0.181003] pci 0000:00:04.0: reg 0x14: [mem 0xfc0d7000-0xfc0d70ff]
[    0.191005] pci 0000:00:04.0: reg 0x30: [mem 0xfc040000-0xfc07ffff pref]
[    0.191172] pci 0000:00:05.0: [10ec:8139] type 00 class 0x020000
[    0.193003] pci 0000:00:05.0: reg 0x10: [io  0xc200-0xc2ff]
[    0.195004] pci 0000:00:05.0: reg 0x14: [mem 0xfc0d8000-0xfc0d80ff]
[    0.205004] pci 0000:00:05.0: reg 0x30: [mem 0xfc080000-0xfc0bffff pref]
[    0.205172] pci 0000:00:06.0: [8086:2668] type 00 class 0x040300
[    0.206006] pci 0000:00:06.0: reg 0x10: [mem 0xfc0d0000-0xfc0d3fff]
[    0.212201] pci 0000:00:07.0: [1af4:1003] type 00 class 0x078000
[    0.214003] pci 0000:00:07.0: reg 0x10: [io  0xc320-0xc33f]
[    0.216003] pci 0000:00:07.0: reg 0x14: [mem 0xfc0d9000-0xfc0d9fff]
[    0.226216] pci 0000:00:08.0: [8086:2934] type 00 class 0x0c0300
[    0.231004] pci 0000:00:08.0: reg 0x20: [io  0xc340-0xc35f]
[    0.233161] pci 0000:00:08.1: [8086:2935] type 00 class 0x0c0300
[    0.238006] pci 0000:00:08.1: reg 0x20: [io  0xc360-0xc37f]
[    0.240178] pci 0000:00:08.2: [8086:2936] type 00 class 0x0c0300
[    0.245004] pci 0000:00:08.2: reg 0x20: [io  0xc380-0xc39f]
[    0.247168] pci 0000:00:08.7: [8086:293a] type 00 class 0x0c0320
[    0.248006] pci 0000:00:08.7: reg 0x10: [mem 0xfc0da000-0xfc0dafff]
[    0.254149] pci 0000:00:09.0: [1af4:1002] type 00 class 0x00ff00
[    0.255005] pci 0000:00:09.0: reg 0x10: [io  0xc3a0-0xc3bf]
[    0.261204] pci_bus 0000:00: on NUMA node 0
[    0.261473] ACPI: PCI Interrupt Link [LNKA] (IRQs 5 *10 11)
[    0.261828] ACPI: PCI Interrupt Link [LNKB] (IRQs 5 *10 11)
[    0.262152] ACPI: PCI Interrupt Link [LNKC] (IRQs 5 10 *11)
[    0.262506] ACPI: PCI Interrupt Link [LNKD] (IRQs 5 10 *11)
[    0.262902] ACPI: PCI Interrupt Link [LNKS] (IRQs *9)
[    0.263344] ACPI: Enabled 16 GPEs in block 00 to 0F
[    0.263689] vgaarb: setting as boot device: PCI:0000:00:02.0
[    0.263689] vgaarb: device added: PCI:0000:00:02.0,decodes=io+mem,owns=io+mem,locks=none
[    0.264008] vgaarb: loaded
[    0.264126] vgaarb: bridge control possible 0000:00:02.0
[    0.264544] SCSI subsystem initialized
[    0.264755] libata version 3.00 loaded.
[    0.264755] ACPI: bus type USB registered
[    0.265075] usbcore: registered new interface driver usbfs
[    0.265342] usbcore: registered new interface driver hub
[    0.265595] usbcore: registered new device driver usb
[    0.265903] pps_core: LinuxPPS API ver. 1 registered
[    0.266003] pps_core: Software ver. 5.3.6 - Copyright 2005-2007 Rodolfo Giometti <giometti@linux.it>
[    0.266409] PTP clock support registered
[    0.266638] PCI: Using ACPI for IRQ routing
[    0.266820] PCI: pci_cache_line_size set to 64 bytes
[    0.266907] e820: reserve RAM buffer [mem 0x0009fc00-0x0009ffff]
[    0.266909] e820: reserve RAM buffer [mem 0x7fffe000-0x7fffffff]
[    0.267223] amd_nb: Cannot enumerate AMD northbridges
[    0.267461] Switched to clocksource refined-jiffies
[    0.273736] pnp: PnP ACPI init
[    0.273985] pnp 00:00: Plug and Play ACPI device, IDs PNP0b00 (active)
[    0.274066] pnp 00:01: Plug and Play ACPI device, IDs PNP0303 (active)
[    0.274135] pnp 00:02: Plug and Play ACPI device, IDs PNP0f13 (active)
[    0.274175] pnp 00:03: [dma 2]
[    0.274218] pnp 00:03: Plug and Play ACPI device, IDs PNP0700 (active)
[    0.274322] pnp 00:04: Plug and Play ACPI device, IDs PNP0501 (active)
[    0.274522] pnp: PnP ACPI: found 5 devices
[    0.313582] clocksource acpi_pm: mask: 0xffffff max_cycles: 0xffffff, max_idle_ns: 2085701024 ns
[    0.313993] Switched to clocksource acpi_pm
[    0.313993] pci_bus 0000:00: resource 4 [io  0x0000-0x0cf7 window]
[    0.313993] pci_bus 0000:00: resource 5 [io  0x0d00-0xffff window]
[    0.313993] pci_bus 0000:00: resource 6 [mem 0x000a0000-0x000bffff window]
[    0.313993] pci_bus 0000:00: resource 7 [mem 0x80000000-0xfebfffff window]
[    0.313993] NET: Registered protocol family 2
[    0.313993] TCP established hash table entries: 8192 (order: 3, 32768 bytes)
[    0.314008] TCP bind hash table entries: 8192 (order: 5, 163840 bytes)
[    0.314008] TCP: Hash tables configured (established 8192 bind 8192)
[    0.314008] UDP hash table entries: 512 (order: 2, 24576 bytes)
[    0.315036] UDP-Lite hash table entries: 512 (order: 2, 24576 bytes)
[    0.315396] NET: Registered protocol family 1
[    0.315715] RPC: Registered named UNIX socket transport module.
[    0.315970] RPC: Registered udp transport module.
[    0.316198] RPC: Registered tcp transport module.
[    0.316398] RPC: Registered tcp NFSv4.1 backchannel transport module.
[    0.316677] pci 0000:00:00.0: Limiting direct PCI/PCI transfers
[    0.316932] pci 0000:00:01.0: PIIX3: Enabling Passive Release
[    0.317206] pci 0000:00:01.0: Activating ISA DMA hang workarounds
[    0.317477] pci 0000:00:02.0: Video device with shadowed ROM
[    0.317765] ACPI: PCI Interrupt Link [LNKD] enabled at IRQ 11
[    0.318946] ACPI: PCI Interrupt Link [LNKA] enabled at IRQ 10
[    0.320161] ACPI: PCI Interrupt Link [LNKB] enabled at IRQ 10
[    0.321210] ACPI: PCI Interrupt Link [LNKC] enabled at IRQ 11
[    0.321828] PCI: CLS 0 bytes, default 64
[    0.322022] Trying to unpack rootfs image as initramfs...
[    0.796776] Freeing initrd memory: 36580K (f5445000 - f77fe000)
[    0.797373] microcode: CPU0 sig=0x306c1, pf=0x1, revision=0x1
[    0.797630] microcode: CPU1 sig=0x306c1, pf=0x1, revision=0x1
[    0.797964] microcode: Microcode Update Driver: v2.00 <tigran@aivazian.fsnet.co.uk>, Peter Oruba
[    0.798882] futex hash table entries: 512 (order: 3, 32768 bytes)
[    0.799429] HugeTLB registered 4 MB page size, pre-allocated 0 pages
[    0.799993] squashfs: version 4.0 (2009/01/31) Phillip Lougher
[    0.800597] NFS: Registering the id_resolver key type
[    0.800824] Key type id_resolver registered
[    0.801042] Key type id_legacy registered
[    0.801233] Installing knfsd (copyright (C) 1996 okir@monad.swb.de).
[    0.801803] SGI XFS with security attributes, no debug enabled
[    0.803256] bounce: pool size: 64 pages
[    0.803451] Block layer SCSI generic (bsg) driver version 0.4 loaded (major 252)
[    0.803769] io scheduler noop registered
[    0.803940] io scheduler deadline registered
[    0.804178] io scheduler cfq registered (default)
[    0.804381] start plist test
[    0.805976] end plist test
[    0.806031] pci_hotplug: PCI Hot Plug PCI Core version: 0.5
[    0.823624] Serial: 8250/16550 driver, 4 ports, IRQ sharing disabled
[    0.844761] 00:04: ttyS0 at I/O 0x3f8 (irq = 4, base_baud = 115200) is a 16550A
[    0.845781] Linux agpgart interface v0.103
[    0.849127] brd: module loaded
[    0.850868] loop: module loaded
[    0.851032] Uniform Multi-Platform E-IDE driver
[    0.851297] piix 0000:00:01.1: IDE controller (0x8086:0x7010 rev 0x00)
[    0.851642] piix 0000:00:01.1: not 100% native mode: will probe irqs later
[    0.852295]     ide0: BM-DMA at 0xc3c0-0xc3c7
[    0.852489]     ide1: BM-DMA at 0xc3c8-0xc3cf
[    0.852676] Probing IDE interface ide0...
[    0.859891] FDC 0 is a S82078B
[    1.116068] hda: QEMU HARDDISK, ATA DISK drive
[    1.422178] hdb: QEMU HARDDISK, ATA DISK drive
[    1.422489] hda: host max PIO4 wanted PIO255(auto-tune) selected PIO4
[    1.422569] hda: MWDMA2 mode selected
[    1.422855] hdb: host max PIO4 wanted PIO255(auto-tune) selected PIO4
[    1.422898] hdb: MWDMA2 mode selected
[    1.423142] Probing IDE interface ide1...
[    1.799063] tsc: Refined TSC clocksource calibration: 3691.470 MHz
[    1.799345] clocksource tsc: mask: 0xffffffffffffffff max_cycles: 0x6a6bb83b8dd, max_idle_ns: 881590639874 ns
[    2.559116] hdd: QEMU HARDDISK, ATA DISK drive
[    2.559393] hdd: host max PIO4 wanted PIO255(auto-tune) selected PIO4
[    2.559445] hdd: MWDMA2 mode selected
[    2.559689] ide0 at 0x1f0-0x1f7,0x3f6 on irq 14
[    2.559940] ide1 at 0x170-0x177,0x376 on irq 15
[    2.560390] ide_generic: please use "probe_mask=0x3f" module parameter for probing all legacy ISA IDE ports
[    2.560804] ide-gd driver 1.18
[    2.560965] hda: max request size: 1024KiB
[    2.561180] hda: 131072 sectors (67 MB) w/256KiB Cache, CHS=130/255/63
[    2.567083] hda: cache flushes supported
[    2.567542]  hda: hda1
[    2.572411] hdb: max request size: 1024KiB
[    2.572595] hdb: 32768 sectors (16 MB) w/256KiB Cache, CHS=32/255/63
[    2.579097] hdb: cache flushes supported
[    2.583079] hdd: max request size: 1024KiB
[    2.583268] hdd: 8388608 sectors (4294 MB) w/256KiB Cache, CHS=8322/255/63
[    2.593128] hdd: cache flushes supported
[    2.597269] ide-cd driver 5.00
[    2.597480] Loading iSCSI transport class v2.0-870.
[    2.597888] 3ware Storage Controller device driver for Linux v1.26.02.003.
[    2.598624] e100: Intel(R) PRO/100 Network Driver, 3.5.24-k2-NAPI
[    2.598888] e100: Copyright(c) 1999-2006 Intel Corporation
[    2.599167] e1000: Intel(R) PRO/1000 Network Driver - version 7.3.21-k8-NAPI
[    2.599467] e1000: Copyright (c) 1999-2006 Intel Corporation.
[    2.599735] sky2: driver version 1.30
[    2.599969] 8139cp: 8139cp: 10/100 PCI Ethernet driver v1.3 (Mar 22, 2004)
[    2.601520] 8139cp 0000:00:03.0 eth0: RTL-8139C+ at 0xf80c0000, 00:16:3e:07:01:01, IRQ 11
[    2.603585] 8139cp 0000:00:04.0 eth1: RTL-8139C+ at 0xf80c2000, 00:16:4e:07:01:01, IRQ 11
[    2.605592] 8139cp 0000:00:05.0 eth2: RTL-8139C+ at 0xf80c4000, 0a:16:5e:07:aa:01, IRQ 10
[    2.606581] PPP generic driver version 2.4.2
[    2.606832] Fusion MPT base driver 3.04.20
[    2.607033] Copyright (c) 1999-2008 LSI Corporation
[    2.607252] Fusion MPT SPI Host driver 3.04.20
[    2.607541] ehci_hcd: USB 2.0 'Enhanced' Host Controller (EHCI) Driver
[    2.607829] ehci-pci: EHCI PCI platform driver
[    2.608929] ehci-pci 0000:00:08.7: EHCI Host Controller
[    2.609235] ehci-pci 0000:00:08.7: new USB bus registered, assigned bus number 1
[    2.609632] ehci-pci 0000:00:08.7: irq 11, io mem 0xfc0da000
[    2.615048] ehci-pci 0000:00:08.7: USB 2.0 started, EHCI 1.00
[    2.615527] hub 1-0:1.0: USB hub found
[    2.615707] hub 1-0:1.0: 6 ports detected
[    2.616138] ohci_hcd: USB 1.1 'Open' Host Controller (OHCI) Driver
[    2.616410] ohci-pci: OHCI PCI platform driver
[    2.616622] uhci_hcd: USB Universal Host Controller Interface driver
[    2.617861] uhci_hcd 0000:00:08.0: UHCI Host Controller
[    2.618213] uhci_hcd 0000:00:08.0: new USB bus registered, assigned bus number 2
[    2.618563] uhci_hcd 0000:00:08.0: irq 11, io base 0x0000c340
[    2.619060] hub 2-0:1.0: USB hub found
[    2.619240] hub 2-0:1.0: 2 ports detected
[    2.620570] uhci_hcd 0000:00:08.1: UHCI Host Controller
[    2.620850] uhci_hcd 0000:00:08.1: new USB bus registered, assigned bus number 3
[    2.621292] uhci_hcd 0000:00:08.1: irq 10, io base 0x0000c360
[    2.621786] hub 3-0:1.0: USB hub found
[    2.621978] hub 3-0:1.0: 2 ports detected
[    2.623425] uhci_hcd 0000:00:08.2: UHCI Host Controller
[    2.623705] uhci_hcd 0000:00:08.2: new USB bus registered, assigned bus number 4
[    2.624126] uhci_hcd 0000:00:08.2: irq 10, io base 0x0000c380
[    2.624610] hub 4-0:1.0: USB hub found
[    2.624789] hub 4-0:1.0: 2 ports detected
[    2.625153] usbcore: registered new interface driver usb-storage
[    2.625496] i8042: PNP: PS/2 Controller [PNP0303:KBD,PNP0f13:MOU] at 0x60,0x64 irq 1,12
[    2.626301] serio: i8042 KBD port at 0x60,0x64 irq 1
[    2.626545] serio: i8042 AUX port at 0x60,0x64 irq 12
[    2.626995] mousedev: PS/2 mouse device common for all mice
[    2.627572] input: AT Translated Set 2 keyboard as /devices/platform/i8042/serio0/input/input0
[    2.628154] i2c /dev entries driver
[    2.628391] Driver for 1-wire Dallas network protocol.
[    2.628909] usbcore: registered new interface driver DS9490R
[    2.629264] 1-Wire driver for the DS2760 battery monitor chip - (c) 2004-2005, Szabolcs Gyurko
[    2.630041] device-mapper: ioctl: 4.31.0-ioctl (2015-3-12) initialised: dm-devel@redhat.com
[    2.630988] usbcore: registered new interface driver usbhid
[    2.631283] usbhid: USB HID core driver
[    2.631465] oprofile: using timer interrupt.
[    2.631671] nf_conntrack version 0.5.0 (16384 buckets, 65536 max)
[    2.632096] ipip: IPv4 over IPv4 tunneling driver
[    2.632487] gre: GRE over IPv4 demultiplexor driver
[    2.632702] ip_gre: GRE over IPv4 tunneling driver
[    2.633234] IPv4 over IPsec tunneling driver
[    2.633613] ip_tables: (C) 2000-2006 Netfilter Core Team
[    2.633858] Initializing XFRM netlink socket
[    2.634151] NET: Registered protocol family 10
[    2.634825] ip6_tables: (C) 2000-2006 Netfilter Core Team
[    2.635141] sit: IPv6 over IPv4 tunneling driver
[    2.635523] NET: Registered protocol family 17
[    2.635723] NET: Registered protocol family 15
[    2.635934] bridge: automatic filtering via arp/ip/ip6tables has been deprecated. Update your scripts to load br_netfilter if you need this.
[    2.636552] 8021q: 802.1Q VLAN Support v1.8
[    2.636744] Key type dns_resolver registered
[    2.637211] Using IPI No-Shortcut mode
[    2.637550] registered taskstats version 1
[    2.637997] console [netcon0] enabled
[    2.638187] netconsole: network logging started
[    2.638720] Freeing unused kernel memory: 668K (c0b46000 - c0bed000)
>[    2.681551] udevd[1285]: starting version 182
[    2.799086] Switched to clocksource tsc
[    2.911707] 8139cp 0000:00:03.0 eth0: link up, 100Mbps, full-duplex, lpa 0x05E1
[    2.950739] 8139cp 0000:00:05.0 eth2: link up, 100Mbps, full-duplex, lpa 0x05E1
[    3.230870] input: ImExPS/2 Generic Explorer Mouse as /devices/platform/i8042/serio1/input/input2
[    5.176937] driver_common: module license 'Proprietary' taints kernel.
[    5.177251] Disabling lock debugging due to kernel taint
[    5.177811] common_init():324 
[    5.177815] common_init():328 /proc/ciena dir created: f23c2f80
[    5.177817] common_init():331 /proc/ciena/sm dir created: f23c2f80
[    5.177819] common_init():335 /proc/ciena/eeprom dir created: f23c2e80
[    5.177821] common_init():339 /proc/ciena/common dir created: f23c2e00
[    5.177822] __cnInitDebugLog():272 
[    5.177824] drvcommon_kernel_register():416 
[    5.177825] drvcommon_kernel_register():432 driver_common
[    5.177826] drvcommon_kernel_register():441 major No 249, devNo 0f900000
[    5.211343] w1com_module_init(): major=248, minor=0
[    5.211346] w1com_module_init(): devno=0xf800000
[    5.211347] w1com_module_init(): Module-Init Complete. Online for w1com.
[    5.242576] safeIo:safeIo_FaultHandlerM_KLM installed!
[    5.273201] <1>
[    5.273201] hsiFlareAcc_init[hsiFlare]: Hello World.  I am alive !
[    5.273555] Module Parameters: 
[    5.273691] hsiFlareAcc_dbgFlags = 0x00000000
[    5.274084] hsiFlareAcc_init: kmalloc
[    5.274255] hsiFlareAcc_init: before platform_device_register !
[    5.274857] [hsiFlare] was assigned major number 246. 
[    5.275101] hsiFlareAcc_data.dev_size = 512
[    5.275286] hsiFlareAcc_data.dev_base = 0xf145a800
[    5.275493] __cnInitDebugLog():272 
[    5.275495] Ciena hsiFlare procfs dir created: f23c2c00
[    5.275720] /proc/ciena/hsiFlare/flags created: f23c2b00
[    5.275947] /proc/ciena/hsiFlare/state created: f23c2a80
[    5.276190] /proc/ciena/hsiFlare/handle created: f23c2a00
[    5.276422] /proc/ciena/hsiFlare/event created: f23c2980
[    5.276650] /proc/ciena/hsiFlare/registers created: f23c2900
[    5.276891] /proc/ciena/hsiFlare/handleTbl created: f23c2880
[    5.345016] moduleInit():3768 Registering Boot CPLD Open Firmware driver...
[    5.345018] bootCpld_init():2356 Starting bootCpld_init
[    5.345019] bootCpld_init():2357 bootCpld_init[bcpld]: Hello World.  I am alive !
[    5.345020] bootCpld_init():2360 bootCpld_init[bcpld]: bootCpldInit.intNum[restarts] = 0
[    5.345021] bootCpld_init():2360 bootCpld_init[bcpld]: bootCpldInit.intNum[devices] = 0
[    5.345022] bootCpld_init():2360 bootCpld_init[bcpld]: bootCpldInit.intNum[reaper] = 0
[    5.345022] bootCpld_init():2362 bootCpld_init[bcpld]: bootCpldInit.physAddr  = 0x0000000000000000
[    5.345024] bootCpld_init():2363 bootCpld_init[bcpld]: module params boardfamily=P2, boottype=default, maxBootTime=2400000 (0x00249f00) model number=SIM-5674-P14
[    5.345545] __cnInitDebugLog():272 
[    5.345557] bootCpld_init():2858 bootCpld_init[bcpld]: I was assigned major number 245. 
[    5.345558] bootCpld_init():2859 bootCpld_init[bcpld]: bootCpld_data.dev_size = 127
[    5.345559] bootCpld_init():2860 bootCpld_init[bcpld]: bootCpld_data.dev_base = 0xf23c6800
[    5.381242] __cnInitDebugLog():272 
[    5.381250]  tatcpld.ko module loaded successfully!
[    5.422264] i2c i2c-11: Not I2C compliant: can't read SCL
[    5.422516] i2c i2c-11: Bus may be unreliable
[    5.422992] _w1comAddBus(): Added 1W bus user (1), entry (0) hwAddr=0xf23e3e00.
[    5.422993] w1com_busSvc_register(): registered 1-wire Bus User (1) id (1).
[    5.423295] _w1comAddBus(): Added 1W bus user (1), entry (1) hwAddr=0xf23e3e04.
[    5.423297] w1com_busSvc_register(): registered 1-wire Bus User (1) id (2).
[    5.423298] cnLibIsrCb_create(): ENTRY. numUsers=3, numIntrs=4
[    5.423569] /proc/ciena/iofpga/regs created: f0348800
[    5.423572] /proc/ciena/iofpga/stats created: f235e780
[    5.423574] /proc/ciena/iofpga/busLog created: f235e700
[    5.423576] /proc/ciena/iofpga/flood_control created: f235e680
[    5.423577] __cnInitDebugLog():272 
