[    0.000000] Linux version 4.7.0+ (abder@ubuntu) (gcc version 5.4.0 20160609 (Ubuntu 5.4.0-6ubuntu1~16.04.4) ) #75 SMP Wed May 3 16:05:16 EDT 2017
[    0.000000] Command line: BOOT_IMAGE=/boot/vmlinuz-4.7.0+ root=UUID=95a8401d-f5ae-4e3b-9f2a-6e1ea3fb9bb5 ro nokaslr ftrace=hypergraph
[    0.000000] KERNEL supported cpus:
[    0.000000]   Intel GenuineIntel
[    0.000000]   AMD AuthenticAMD
[    0.000000]   Centaur CentaurHauls
[    0.000000] x86/fpu: xstate_offset[2]:  576, xstate_sizes[2]:  256
[    0.000000] x86/fpu: xstate_offset[3]:  960, xstate_sizes[3]:   64
[    0.000000] x86/fpu: xstate_offset[4]: 1024, xstate_sizes[4]:   64
[    0.000000] x86/fpu: Supporting XSAVE feature 0x001: 'x87 floating point registers'
[    0.000000] x86/fpu: Supporting XSAVE feature 0x002: 'SSE registers'
[    0.000000] x86/fpu: Supporting XSAVE feature 0x004: 'AVX registers'
[    0.000000] x86/fpu: Supporting XSAVE feature 0x008: 'MPX bounds registers'
[    0.000000] x86/fpu: Supporting XSAVE feature 0x010: 'MPX CSR'
[    0.000000] x86/fpu: Enabled xstate features 0x1f, context size is 1088 bytes, using 'standard' format.
[    0.000000] x86/fpu: Using 'eager' FPU context switches.
[    0.000000] e820: BIOS-provided physical RAM map:
[    0.000000] BIOS-e820: [mem 0x0000000000000000-0x000000000009fbff] usable
[    0.000000] BIOS-e820: [mem 0x000000000009fc00-0x000000000009ffff] reserved
[    0.000000] BIOS-e820: [mem 0x00000000000f0000-0x00000000000fffff] reserved
[    0.000000] BIOS-e820: [mem 0x0000000000100000-0x00000000bffdffff] usable
[    0.000000] BIOS-e820: [mem 0x00000000bffe0000-0x00000000bfffffff] reserved
[    0.000000] BIOS-e820: [mem 0x00000000feffc000-0x00000000feffffff] reserved
[    0.000000] BIOS-e820: [mem 0x00000000fffc0000-0x00000000ffffffff] reserved
[    0.000000] BIOS-e820: [mem 0x0000000100000000-0x000000013cffffff] usable
[    0.000000] NX (Execute Disable) protection: active
[    0.000000] SMBIOS 2.8 present.
[    0.000000] DMI: QEMU Standard PC (i440FX + PIIX, 1996), BIOS rel-1.9.3-0-ge2fc41e-prebuilt.qemu-project.org 04/01/2014
[    0.000000] Hypervisor detected: KVM
[    0.000000] e820: update [mem 0x00000000-0x00000fff] usable ==> reserved
[    0.000000] e820: remove [mem 0x000a0000-0x000fffff] usable
[    0.000000] e820: last_pfn = 0x13d000 max_arch_pfn = 0x400000000
[    0.000000] MTRR default type: write-back
[    0.000000] MTRR fixed ranges enabled:
[    0.000000]   00000-9FFFF write-back
[    0.000000]   A0000-BFFFF uncachable
[    0.000000]   C0000-FFFFF write-protect
[    0.000000] MTRR variable ranges enabled:
[    0.000000]   0 base 00C0000000 mask FFC0000000 uncachable
[    0.000000]   1 disabled
[    0.000000]   2 disabled
[    0.000000]   3 disabled
[    0.000000]   4 disabled
[    0.000000]   5 disabled
[    0.000000]   6 disabled
[    0.000000]   7 disabled
[    0.000000] x86/PAT: Configuration [0-7]: WB  WC  UC- UC  WB  WC  UC- WT  
[    0.000000] e820: last_pfn = 0xbffe0 max_arch_pfn = 0x400000000
[    0.000000] found SMP MP-table at [mem 0x000f6b70-0x000f6b7f] mapped at [ffff8800000f6b70]
[    0.000000] Scanning 1 areas for low memory corruption
[    0.000000] Base memory trampoline at [ffff880000099000] 99000 size 24576
[    0.000000] Using GB pages for direct mapping
[    0.000000] BRK [0x01fbd000, 0x01fbdfff] PGTABLE
[    0.000000] BRK [0x01fbe000, 0x01fbefff] PGTABLE
[    0.000000] BRK [0x01fbf000, 0x01fbffff] PGTABLE
[    0.000000] BRK [0x01fc0000, 0x01fc0fff] PGTABLE
[    0.000000] RAMDISK: [mem 0x34e5c000-0x36725fff]
[    0.000000] ACPI: Early table checksum verification disabled
[    0.000000] ACPI: RSDP 0x00000000000F6960 000014 (v00 BOCHS )
[    0.000000] ACPI: RSDT 0x00000000BFFE171F 00002C (v01 BOCHS  BXPCRSDT 00000001 BXPC 00000001)
[    0.000000] ACPI: FACP 0x00000000BFFE161B 000074 (v01 BOCHS  BXPCFACP 00000001 BXPC 00000001)
[    0.000000] ACPI: DSDT 0x00000000BFFE0040 0015DB (v01 BOCHS  BXPCDSDT 00000001 BXPC 00000001)
[    0.000000] ACPI: FACS 0x00000000BFFE0000 000040
[    0.000000] ACPI: APIC 0x00000000BFFE168F 000090 (v01 BOCHS  BXPCAPIC 00000001 BXPC 00000001)
[    0.000000] ACPI: Local APIC address 0xfee00000
[    0.000000] kvm-clock: Using msrs 4b564d01 and 4b564d00
[    0.000000] kvm-clock: cpu 0, msr 1:3cffd001, primary cpu clock
[    0.000000] kvm-clock: using sched offset of 4546152920 cycles
[    0.000000] clocksource: kvm-clock: mask: 0xffffffffffffffff max_cycles: 0x1cd42e4dffb, max_idle_ns: 881590591483 ns
[    0.000000] Zone ranges:
[    0.000000]   DMA      [mem 0x0000000000001000-0x0000000000ffffff]
[    0.000000]   DMA32    [mem 0x0000000001000000-0x00000000ffffffff]
[    0.000000]   Normal   [mem 0x0000000100000000-0x000000013cffffff]
[    0.000000] Movable zone start for each node
[    0.000000] Early memory node ranges
[    0.000000]   node   0: [mem 0x0000000000001000-0x000000000009efff]
[    0.000000]   node   0: [mem 0x0000000000100000-0x00000000bffdffff]
[    0.000000]   node   0: [mem 0x0000000100000000-0x000000013cffffff]
[    0.000000] Initmem setup node 0 [mem 0x0000000000001000-0x000000013cffffff]
[    0.000000] On node 0 totalpages: 1036158
[    0.000000]   DMA zone: 64 pages used for memmap
[    0.000000]   DMA zone: 21 pages reserved
[    0.000000]   DMA zone: 3998 pages, LIFO batch:0
[    0.000000]   DMA32 zone: 12224 pages used for memmap
[    0.000000]   DMA32 zone: 782304 pages, LIFO batch:31
[    0.000000]   Normal zone: 3904 pages used for memmap
[    0.000000]   Normal zone: 249856 pages, LIFO batch:31
[    0.000000] ACPI: PM-Timer IO Port: 0x608
[    0.000000] ACPI: Local APIC address 0xfee00000
[    0.000000] ACPI: LAPIC_NMI (acpi_id[0xff] dfl dfl lint[0x1])
[    0.000000] IOAPIC[0]: apic_id 0, version 17, address 0xfec00000, GSI 0-23
[    0.000000] ACPI: INT_SRC_OVR (bus 0 bus_irq 0 global_irq 2 dfl dfl)
[    0.000000] ACPI: INT_SRC_OVR (bus 0 bus_irq 5 global_irq 5 high level)
[    0.000000] ACPI: INT_SRC_OVR (bus 0 bus_irq 9 global_irq 9 high level)
[    0.000000] ACPI: INT_SRC_OVR (bus 0 bus_irq 10 global_irq 10 high level)
[    0.000000] ACPI: INT_SRC_OVR (bus 0 bus_irq 11 global_irq 11 high level)
[    0.000000] ACPI: IRQ0 used by override.
[    0.000000] ACPI: IRQ5 used by override.
[    0.000000] ACPI: IRQ9 used by override.
[    0.000000] ACPI: IRQ10 used by override.
[    0.000000] ACPI: IRQ11 used by override.
[    0.000000] Using ACPI (MADT) for SMP configuration information
[    0.000000] smpboot: Allowing 4 CPUs, 3 hotplug CPUs
[    0.000000] PM: Registered nosave memory: [mem 0x00000000-0x00000fff]
[    0.000000] PM: Registered nosave memory: [mem 0x0009f000-0x0009ffff]
[    0.000000] PM: Registered nosave memory: [mem 0x000a0000-0x000effff]
[    0.000000] PM: Registered nosave memory: [mem 0x000f0000-0x000fffff]
[    0.000000] PM: Registered nosave memory: [mem 0xbffe0000-0xbfffffff]
[    0.000000] PM: Registered nosave memory: [mem 0xc0000000-0xfeffbfff]
[    0.000000] PM: Registered nosave memory: [mem 0xfeffc000-0xfeffffff]
[    0.000000] PM: Registered nosave memory: [mem 0xff000000-0xfffbffff]
[    0.000000] PM: Registered nosave memory: [mem 0xfffc0000-0xffffffff]
[    0.000000] e820: [mem 0xc0000000-0xfeffbfff] available for PCI devices
[    0.000000] Booting paravirtualized kernel on KVM
[    0.000000] clocksource: refined-jiffies: mask: 0xffffffff max_cycles: 0xffffffff, max_idle_ns: 7645519600211568 ns
[    0.000000] setup_percpu: NR_CPUS:8 nr_cpumask_bits:8 nr_cpu_ids:4 nr_node_ids:1
[    0.000000] percpu: Embedded 33 pages/cpu @ffff88013cc00000 s96536 r8192 d30440 u524288
[    0.000000] pcpu-alloc: s96536 r8192 d30440 u524288 alloc=1*2097152
[    0.000000] pcpu-alloc: [0] 0 1 2 3 
[    0.000000] KVM setup async PF for cpu 0
[    0.000000] kvm-stealtime: cpu 0, msr 13cc0c900
[    0.000000] Built 1 zonelists in Zone order, mobility grouping on.  Total pages: 1019945
[    0.000000] Kernel command line: BOOT_IMAGE=/boot/vmlinuz-4.7.0+ root=UUID=95a8401d-f5ae-4e3b-9f2a-6e1ea3fb9bb5 ro nokaslr ftrace=hypergraph
[    0.000000] PID hash table entries: 4096 (order: 3, 32768 bytes)
[    0.000000] Dentry cache hash table entries: 524288 (order: 10, 4194304 bytes)
[    0.000000] Inode-cache hash table entries: 262144 (order: 9, 2097152 bytes)
[    0.000000] Memory: 3964504K/4144632K available (7666K kernel code, 1125K rwdata, 3296K rodata, 1352K init, 1308K bss, 180128K reserved, 0K cma-reserved)
[    0.000000] SLUB: HWalign=64, Order=0-3, MinObjects=0, CPUs=4, Nodes=1
[    0.000000] Hierarchical RCU implementation.
[    0.000000] 	Build-time adjustment of leaf fanout to 64.
[    0.000000] 	RCU restricting CPUs from NR_CPUS=8 to nr_cpu_ids=4.
[    0.000000] RCU: Adjusting geometry for rcu_fanout_leaf=64, nr_cpu_ids=4
[    0.000000] NR_IRQS:4352 nr_irqs:456 16
[    0.000000] Console: colour dummy device 80x25
[    0.000000] console [tty0] enabled
[    0.000000] tsc: Detected 4008.016 MHz processor
[    0.026441] Calibrating delay loop (skipped) preset value.. 8016.03 BogoMIPS (lpj=16032064)
[    0.026445] pid_max: default: 32768 minimum: 301
[    0.026450] ACPI: Core revision 20160422
[    0.027147] ACPI: 1 ACPI AML tables successfully acquired and loaded

[    0.027162] Security Framework initialized
[    0.027163] Yama: becoming mindful.
[    0.027169] AppArmor: AppArmor initialized
[    0.027186] Mount-cache hash table entries: 8192 (order: 4, 65536 bytes)
[    0.027188] Mountpoint-cache hash table entries: 8192 (order: 4, 65536 bytes)
[    0.027329] mce: CPU supports 10 MCE banks
[    0.027361] Last level iTLB entries: 4KB 0, 2MB 0, 4MB 0
[    0.027363] Last level dTLB entries: 4KB 0, 2MB 0, 4MB 0, 1GB 0
[    0.039834] ftrace: allocating 29536 entries in 116 pages
[    0.062084] smpboot: Max logical packages: 4
[    0.062088] smpboot: APIC(0) Converting physical 0 to logical package 0
[    0.062740] ..TIMER: vector=0x30 apic1=0 pin1=2 apic2=-1 pin2=-1
[    0.062756] TSC deadline timer enabled
[    0.062758] smpboot: CPU0: Intel Core Processor (Broadwell) (family: 0x6, model: 0x3d, stepping: 0x2)
[    0.062762] Performance Events: unsupported p6 CPU model 61 no PMU driver, software events only.
[    0.062814] Starting tracer 'hypergraph'
[    0.062826] start_graph_tracing enter
[    0.062829] start_graph_tracing ret = 0
[    0.071969] ftrace_startup ret = 0
[    0.071971] register_ftrace_graph ret=0
[    0.076270] ------------[ cut here ]------------
[    0.076479] WARNING: CPU: 0 PID: 1 at kernel/trace/ftrace.c:6008 return_to_handler+0x0/0x27
[    0.076790] Modules linked in:
[    0.076967] CPU: 0 PID: 1 Comm: swapper/0 Not tainted 4.7.0+ #75
[    0.077197] Hardware name: QEMU Standard PC (i440FX + PIIX, 1996), BIOS rel-1.9.3-0-ge2fc41e-prebuilt.qemu-project.org 04/01/2014
[    0.077641]  ffffffff813a0fe3 00000000f7ff5d90 ffff88013826fdc0 ffffffff8177bb08
[    0.078085]  0000000000000000 0000000000000000 ffff88013826fe00 ffffffff81061d3b
[    0.078547]  000017788108d3a3 ffff880138342ac0 0000000000000001 000000000000cae8
[    0.079021] Call Trace:
[    0.079158]  [<ffffffff813a0fe3>] ? dump_stack+0x63/0x90
[    0.079437]  [<ffffffff8177bb08>] ftrace_graph_caller+0xa8/0xa8
[    0.079676]  [<ffffffff8101e4d2>] print_context_stack+0xe2/0xf0
[    0.079936]  [<ffffffff81061d3b>] __warn+0xcb/0xf0
[    0.080187]  [<ffffffff8177bb08>] ftrace_graph_caller+0xa8/0xa8
[    0.080425]  [<ffffffff8101da2b>] dump_trace+0x11b/0x2f0
[    0.080653]  [<ffffffff8177bb08>] ftrace_graph_caller+0xa8/0xa8
[    0.080892]  [<ffffffff8101e70b>] show_trace_log_lvl+0x4b/0x60
[    0.081156]  [<ffffffff8108d3cc>] init_idle+0x15c/0x190
[    0.081462]  [<ffffffff8177bb08>] ftrace_graph_caller+0xa8/0xa8
[    0.081701]  [<ffffffff8101dcfc>] show_stack_log_lvl+0xfc/0x160
[    0.082003]  [<ffffffff8177bb08>] ftrace_graph_caller+0xa8/0xa8
[    0.082242]  [<ffffffff8101e7b4>] show_stack+0x34/0x70
[    0.082502]  [<ffffffff81d5205f>] smp_init+0xd/0x77
[    0.082725]  [<ffffffff81d340f3>] kernel_init_freeable+0xef/0x217
[    0.083045]  [<ffffffff8176dabe>] kernel_init+0xe/0x100
[    0.083270]  [<ffffffff8177993f>] ret_from_fork+0x1f/0x40
[    0.083556]  [<ffffffff8176dab0>] ? rest_init+0x80/0x80
[    0.083960] ---[ end trace 21c57fb71f91cf37 ]---
[    0.084575] ------------[ cut here ]------------
[    0.084771] WARNING: CPU: 0 PID: 1 at kernel/trace/ftrace.c:6008 return_to_handler+0x0/0x27
[    0.085082] Modules linked in:
[    0.085263] CPU: 0 PID: 1 Comm: swapper/0 Tainted: G        W       4.7.0+ #75
[    0.085569] Hardware name: QEMU Standard PC (i440FX + PIIX, 1996), BIOS rel-1.9.3-0-ge2fc41e-prebuilt.qemu-project.org 04/01/2014
[    0.085982]  ffffffff813a0fe3 00000000f7ff5d90 ffff88013826fdc0 ffffffff8177bb08
[    0.086415]  0000000000000000 0000000000000000 ffff88013826fe00 ffffffff81061d3b
[    0.086844]  000017788108d3a3 ffff880138343900 0000000000000002 000000000000cae8
[    0.087275] Call Trace:
[    0.087411]  [<ffffffff813a0fe3>] ? dump_stack+0x63/0x90
[    0.087644]  [<ffffffff8177bb08>] ftrace_graph_caller+0xa8/0xa8
[    0.087882]  [<ffffffff8101e4d2>] print_context_stack+0xe2/0xf0
[    0.088143]  [<ffffffff81061d3b>] __warn+0xcb/0xf0
[    0.088394]  [<ffffffff8177bb08>] ftrace_graph_caller+0xa8/0xa8
[    0.088633]  [<ffffffff8101da2b>] dump_trace+0x11b/0x2f0
[    0.088890]  [<ffffffff8177bb08>] ftrace_graph_caller+0xa8/0xa8
[    0.089128]  [<ffffffff8101e70b>] show_trace_log_lvl+0x4b/0x60
[    0.089393]  [<ffffffff8108d3cc>] init_idle+0x15c/0x190
[    0.089699]  [<ffffffff8177bb08>] ftrace_graph_caller+0xa8/0xa8
[    0.089937]  [<ffffffff8101dcfc>] show_stack_log_lvl+0xfc/0x160
[    0.090211]  [<ffffffff8177bb08>] ftrace_graph_caller+0xa8/0xa8
[    0.090452]  [<ffffffff8101e7b4>] show_stack+0x34/0x70
[    0.090710]  [<ffffffff81d5205f>] smp_init+0xd/0x77
[    0.090933]  [<ffffffff81d340f3>] kernel_init_freeable+0xef/0x217
[    0.091210]  [<ffffffff8176dabe>] kernel_init+0xe/0x100
[    0.091463]  [<ffffffff8177993f>] ret_from_fork+0x1f/0x40
[    0.091719]  [<ffffffff8176dab0>] ? rest_init+0x80/0x80
[    0.092112] ---[ end trace 21c57fb71f91cf38 ]---
[    0.092484] ------------[ cut here ]------------
[    0.092680] WARNING: CPU: 0 PID: 1 at kernel/trace/ftrace.c:6008 return_to_handler+0x0/0x27
[    0.092993] Modules linked in:
[    0.093173] CPU: 0 PID: 1 Comm: swapper/0 Tainted: G        W       4.7.0+ #75
[    0.093453] Hardware name: QEMU Standard PC (i440FX + PIIX, 1996), BIOS rel-1.9.3-0-ge2fc41e-prebuilt.qemu-project.org 04/01/2014
[    0.093896]  ffffffff813a0fe3 00000000f7ff5d90 ffff88013826fdc0 ffffffff8177bb08
[    0.094392]  0000000000000000 0000000000000000 ffff88013826fe00 ffffffff81061d3b
[    0.094864]  000017788108d3a3 ffff880138344740 0000000000000003 000000000000cae8
[    0.095296] Call Trace:
[    0.095431]  [<ffffffff813a0fe3>] ? dump_stack+0x63/0x90
[    0.095668]  [<ffffffff8177bb08>] ftrace_graph_caller+0xa8/0xa8
[    0.095905]  [<ffffffff8101e4d2>] print_context_stack+0xe2/0xf0
[    0.096166]  [<ffffffff81061d3b>] __warn+0xcb/0xf0
[    0.096419]  [<ffffffff8177bb08>] ftrace_graph_caller+0xa8/0xa8
[    0.096657]  [<ffffffff8101da2b>] dump_trace+0x11b/0x2f0
[    0.096885]  [<ffffffff8177bb08>] ftrace_graph_caller+0xa8/0xa8
[    0.097123]  [<ffffffff8101e70b>] show_trace_log_lvl+0x4b/0x60
[    0.097386]  [<ffffffff8108d3cc>] init_idle+0x15c/0x190
[    0.097665]  [<ffffffff8177bb08>] ftrace_graph_caller+0xa8/0xa8
[    0.097903]  [<ffffffff8101dcfc>] show_stack_log_lvl+0xfc/0x160
[    0.098176]  [<ffffffff8177bb08>] ftrace_graph_caller+0xa8/0xa8
[    0.098428]  [<ffffffff8101e7b4>] show_stack+0x34/0x70
[    0.098685]  [<ffffffff81d5205f>] smp_init+0xd/0x77
[    0.098907]  [<ffffffff81d340f3>] kernel_init_freeable+0xef/0x217
[    0.099212]  [<ffffffff8176dabe>] kernel_init+0xe/0x100
[    0.099436]  [<ffffffff8177993f>] ret_from_fork+0x1f/0x40
[    0.099720]  [<ffffffff8176dab0>] ? rest_init+0x80/0x80
[    0.100035] ---[ end trace 21c57fb71f91cf39 ]---
[    0.100871] x86: Booted up 1 node, 1 CPUs
[    0.101043] smpboot: Total of 1 processors activated (8016.03 BogoMIPS)
[    0.107599] devtmpfs: initialized
[    0.111049] x86/mm: Memory block size: 128MB
[    0.148722] evm: security.selinux
[    0.148872] evm: security.SMACK64
[    0.149021] evm: security.SMACK64EXEC
[    0.149180] evm: security.SMACK64TRANSMUTE
[    0.149353] evm: security.SMACK64MMAP
[    0.149512] evm: security.ima
[    0.149650] evm: security.capability
[    0.155080] clocksource: jiffies: mask: 0xffffffff max_cycles: 0xffffffff, max_idle_ns: 7645041785100000 ns
[    0.156367] pinctrl core: initialized pinctrl subsystem
[    0.160842] RTC time: 23:33:32, date: 05/03/17
[    0.163234] NET: Registered protocol family 16
[    0.169373] cpuidle: using governor ladder
[    0.169564] cpuidle: using governor menu
[    0.169738] PCCT header not found.
[    0.172270] ACPI: bus type PCI registered
[    0.172457] acpiphp: ACPI Hot Plug PCI Controller Driver version: 0.5
[    0.174574] PCI: Using configuration type 1 for base access
[    0.251929] HugeTLB registered 1 GB page size, pre-allocated 0 pages
[    0.252183] HugeTLB registered 2 MB page size, pre-allocated 0 pages
[    0.262508] ACPI: Added _OSI(Module Device)
[    0.262712] ACPI: Added _OSI(Processor Device)
[    0.262921] ACPI: Added _OSI(3.0 _SCP Extensions)
[    0.263125] ACPI: Added _OSI(Processor Aggregator Device)
[    0.371550] ACPI: Interpreter enabled
[    0.372416] ACPI: (supports S0 S5)
[    0.372581] ACPI: Using IOAPIC for interrupt routing
[    0.373265] PCI: Using host bridge windows from ACPI; if necessary, use "pci=nocrs" and report a bug
[    0.662766] ACPI: PCI Root Bridge [PCI0] (domain 0000 [bus 00-ff])
[    0.663089] acpi PNP0A03:00: _OSC: OS supports [ASPM ClockPM Segments MSI]
[    0.663535] acpi PNP0A03:00: _OSC failed (AE_NOT_FOUND); disabling ASPM
[    0.694182] acpiphp: Slot [3] registered
[    0.695464] acpiphp: Slot [4] registered
[    0.696755] acpiphp: Slot [5] registered
[    0.698453] acpiphp: Slot [7] registered
[    0.699739] acpiphp: Slot [8] registered
[    0.701038] acpiphp: Slot [9] registered
[    0.702276] acpiphp: Slot [10] registered
[    0.703501] acpiphp: Slot [11] registered
[    0.704787] acpiphp: Slot [12] registered
[    0.706019] acpiphp: Slot [13] registered
[    0.707353] acpiphp: Slot [14] registered
[    0.708640] acpiphp: Slot [15] registered
[    0.709988] acpiphp: Slot [16] registered
[    0.711261] acpiphp: Slot [17] registered
[    0.712542] acpiphp: Slot [18] registered
[    0.713826] acpiphp: Slot [19] registered
[    0.715148] acpiphp: Slot [20] registered
[    0.716533] acpiphp: Slot [21] registered
[    0.717813] acpiphp: Slot [22] registered
[    0.719100] acpiphp: Slot [23] registered
[    0.720363] acpiphp: Slot [24] registered
[    0.721584] acpiphp: Slot [25] registered
[    0.722847] acpiphp: Slot [26] registered
[    0.724146] acpiphp: Slot [27] registered
[    0.725428] acpiphp: Slot [28] registered
[    0.726770] acpiphp: Slot [29] registered
[    0.728120] acpiphp: Slot [30] registered
[    0.729426] acpiphp: Slot [31] registered
[    0.729850] PCI host bridge to bus 0000:00
[    0.730028] pci_bus 0000:00: root bus resource [io  0x0000-0x0cf7 window]
[    0.730288] pci_bus 0000:00: root bus resource [io  0x0d00-0xffff window]
[    0.730580] pci_bus 0000:00: root bus resource [mem 0x000a0000-0x000bffff window]
[    0.730871] pci_bus 0000:00: root bus resource [mem 0xc0000000-0xfebfffff window]
[    0.731167] pci_bus 0000:00: root bus resource [bus 00-ff]
[    0.731484] pci 0000:00:00.0: [8086:1237] type 00 class 0x060000
[    0.739695] pci 0000:00:01.0: [8086:7000] type 00 class 0x060100
[    0.748173] pci 0000:00:01.1: [8086:7010] type 00 class 0x010180
[    0.752589] pci 0000:00:01.1: reg 0x20: [io  0xc180-0xc18f]
[    0.754516] pci 0000:00:01.1: legacy IDE quirk: reg 0x10: [io  0x01f0-0x01f7]
[    0.754785] pci 0000:00:01.1: legacy IDE quirk: reg 0x14: [io  0x03f6]
[    0.755077] pci 0000:00:01.1: legacy IDE quirk: reg 0x18: [io  0x0170-0x0177]
[    0.755344] pci 0000:00:01.1: legacy IDE quirk: reg 0x1c: [io  0x0376]
[    0.762852] pci 0000:00:01.3: [8086:7113] type 00 class 0x068000
[    0.763859] pci 0000:00:01.3: quirk: [io  0x0600-0x063f] claimed by PIIX4 ACPI
[    0.764252] pci 0000:00:01.3: quirk: [io  0x0700-0x070f] claimed by PIIX4 SMB
[    0.772334] pci 0000:00:02.0: [1234:1111] type 00 class 0x030000
[    0.774049] pci 0000:00:02.0: reg 0x10: [mem 0xfd000000-0xfdffffff pref]
[    0.776910] pci 0000:00:02.0: reg 0x18: [mem 0xfebd4000-0xfebd4fff]
[    0.784655] pci 0000:00:02.0: reg 0x30: [mem 0xfebc0000-0xfebcffff pref]
[    0.792658] pci 0000:00:03.0: [10ec:8139] type 00 class 0x020000
[    0.794030] pci 0000:00:03.0: reg 0x10: [io  0xc000-0xc0ff]
[    0.795342] pci 0000:00:03.0: reg 0x14: [mem 0xfebd5000-0xfebd50ff]
[    0.801869] pci 0000:00:03.0: reg 0x30: [mem 0xfeb80000-0xfebbffff pref]
[    0.809810] pci 0000:00:04.0: [8086:2668] type 00 class 0x040300
[    0.810715] pci 0000:00:04.0: reg 0x10: [mem 0xfebd0000-0xfebd3fff]
[    0.824042] pci 0000:00:05.0: [1af4:1002] type 00 class 0x00ff00
[    0.824944] pci 0000:00:05.0: reg 0x10: [io  0xc100-0xc11f]
[    0.837401] pci 0000:00:06.0: [8086:2934] type 00 class 0x0c0300
[    0.841011] pci 0000:00:06.0: reg 0x20: [io  0xc120-0xc13f]
[    0.850068] pci 0000:00:06.1: [8086:2935] type 00 class 0x0c0300
[    0.853665] pci 0000:00:06.1: reg 0x20: [io  0xc140-0xc15f]
[    0.862303] pci 0000:00:06.2: [8086:2936] type 00 class 0x0c0300
[    0.865856] pci 0000:00:06.2: reg 0x20: [io  0xc160-0xc17f]
[    0.874987] pci 0000:00:06.7: [8086:293a] type 00 class 0x0c0320
[    0.875712] pci 0000:00:06.7: reg 0x10: [mem 0xfebd6000-0xfebd6fff]
[    0.887009] pci 0000:00:07.0: [1af4:10f0] type 00 class 0x050000
[    0.889007] pci 0000:00:07.0: reg 0x10: [mem 0xfebd7000-0xfebd7fff]
[    0.891164] pci 0000:00:07.0: reg 0x14: [mem 0xfebd8000-0xfebd8fff]
[    0.893118] pci 0000:00:07.0: reg 0x18: [mem 0xfebd9000-0xfebd9fff]
[    0.911037] pci_bus 0000:00: on NUMA node 0
[    0.938260] ACPI: PCI Interrupt Link [LNKA] (IRQs 5 *10 11)
[    0.944461] ACPI: PCI Interrupt Link [LNKB] (IRQs 5 *10 11)
[    0.950736] ACPI: PCI Interrupt Link [LNKC] (IRQs 5 10 *11)
[    0.956978] ACPI: PCI Interrupt Link [LNKD] (IRQs 5 10 *11)
[    0.960220] ACPI: PCI Interrupt Link [LNKS] (IRQs *9)
[    0.978299] ACPI: Enabled 3 GPEs in block 00 to 0F
[    0.981636] vgaarb: setting as boot device: PCI:0000:00:02.0
[    0.981873] vgaarb: device added: PCI:0000:00:02.0,decodes=io+mem,owns=io+mem,locks=none
[    0.982306] vgaarb: loaded
[    0.982491] vgaarb: bridge control possible 0000:00:02.0
[    0.991285] SCSI subsystem initialized
[    0.992416] libata version 3.00 loaded.
[    0.993425] ACPI: bus type USB registered
[    0.994411] usbcore: registered new interface driver usbfs
[    0.995165] usbcore: registered new interface driver hub
[    0.995976] usbcore: registered new device driver usb
[    1.000887] PCI: Using ACPI for IRQ routing
[    1.001075] PCI: pci_cache_line_size set to 64 bytes
[    1.001894] e820: reserve RAM buffer [mem 0x0009fc00-0x0009ffff]
[    1.001942] e820: reserve RAM buffer [mem 0xbffe0000-0xbfffffff]
[    1.001985] e820: reserve RAM buffer [mem 0x13d000000-0x13fffffff]
[    1.006619] NetLabel: Initializing
[    1.006778] NetLabel:  domain hash size = 128
[    1.006967] NetLabel:  protocols = UNLABELED CIPSOv4
[    1.007560] NetLabel:  unlabeled traffic allowed by default
[    1.011972] amd_nb: Cannot enumerate AMD northbridges
[    1.012444] clocksource: Switched to clocksource kvm-clock
[    1.586059] VFS: Disk quotas dquot_6.6.0
[    1.586646] VFS: Dquot-cache hash table entries: 512 (order 0, 4096 bytes)
[    1.590759] AppArmor: AppArmor Filesystem Enabled
[    1.592712] pnp: PnP ACPI init
[    1.595609] pnp 00:00: Plug and Play ACPI device, IDs PNP0b00 (active)
[    1.598126] pnp 00:01: Plug and Play ACPI device, IDs PNP0303 (active)
[    1.600529] pnp 00:02: Plug and Play ACPI device, IDs PNP0f13 (active)
[    1.601246] pnp 00:03: [dma 2]
[    1.602351] pnp 00:03: Plug and Play ACPI device, IDs PNP0700 (active)
[    1.607281] pnp 00:04: Plug and Play ACPI device, IDs PNP0501 (active)
[    1.626636] pnp: PnP ACPI: found 5 devices
[    1.723331] clocksource: acpi_pm: mask: 0xffffff max_cycles: 0xffffff, max_idle_ns: 2085701024 ns
[    1.723859] pci_bus 0000:00: resource 4 [io  0x0000-0x0cf7 window]
[    1.723924] pci_bus 0000:00: resource 5 [io  0x0d00-0xffff window]
[    1.723980] pci_bus 0000:00: resource 6 [mem 0x000a0000-0x000bffff window]
[    1.724036] pci_bus 0000:00: resource 7 [mem 0xc0000000-0xfebfffff window]
[    1.724881] NET: Registered protocol family 2
[    1.727566] TCP established hash table entries: 32768 (order: 6, 262144 bytes)
[    1.727882] TCP bind hash table entries: 32768 (order: 7, 524288 bytes)
[    1.728171] TCP: Hash tables configured (established 32768 bind 32768)
[    1.728614] UDP hash table entries: 2048 (order: 4, 65536 bytes)
[    1.728882] UDP-Lite hash table entries: 2048 (order: 4, 65536 bytes)
[    1.730538] NET: Registered protocol family 1
[    1.730849] pci 0000:00:00.0: Limiting direct PCI/PCI transfers
[    1.731114] pci 0000:00:01.0: PIIX3: Enabling Passive Release
[    1.731419] pci 0000:00:01.0: Activating ISA DMA hang workarounds
[    1.731791] pci 0000:00:02.0: Video device with shadowed ROM at [mem 0x000c0000-0x000dffff]
[    5.940450] ACPI: PCI Interrupt Link [LNKB] enabled at IRQ 10
[   10.775939] ACPI: PCI Interrupt Link [LNKC] enabled at IRQ 11
[   15.608818] ACPI: PCI Interrupt Link [LNKD] enabled at IRQ 11
[   20.478227] ACPI: PCI Interrupt Link [LNKA] enabled at IRQ 10
[   22.892280] PCI: CLS 0 bytes, default 64
[   22.893258] Trying to unpack rootfs image as initramfs...
[   23.923091] Freeing initrd memory: 25384K (ffff880034e5c000 - ffff880036726000)
[   23.923253] PCI-DMA: Using software bounce buffering for IO (SWIOTLB)
[   23.923381] software IO TLB [mem 0xbbfe0000-0xbffe0000] (64MB) mapped at [ffff8800bbfe0000-ffff8800bffdffff]
[   23.925343] Scanning for low memory corruption every 60 seconds
[   23.932511] futex hash table entries: 1024 (order: 4, 65536 bytes)
[   23.932796] audit: initializing netlink subsys (disabled)
[   23.933019] audit: type=2000 audit(1493854437.251:1): initialized
[   23.936631] Initialise system trusted keyrings
[   23.937686] workingset: timestamp_bits=44 max_order=20 bucket_order=0
[   24.000134] zbud: loaded
[   24.010075] squashfs: version 4.0 (2009/01/31) Phillip Lougher
[   24.016462] fuse init (API version 7.25)
[   24.020011] Key type big_key registered
[   24.026966] Key type asymmetric registered
[   24.027066] Asymmetric key parser 'x509' registered
[   24.028192] Block layer SCSI generic (bsg) driver version 0.4 loaded (major 250)
[   24.028918] io scheduler noop registered
[   24.029019] io scheduler deadline registered (default)
[   24.030114] io scheduler cfq registered
[   24.031971] pci_hotplug: PCI Hot Plug PCI Core version: 0.5
[   24.032238] pciehp: PCI Express Hot Plug Controller Driver version: 0.4
[   24.033311] efifb: probing for efifb
[   24.033466] efifb: framebuffer at 0xfd000000, using 1408k, total 1408k
[   24.033602] efifb: mode is 800x600x24, linelength=2400, pages=1
[   24.033727] efifb: scrolling: redraw
[   24.033814] efifb: Truecolor: size=0:8:8:8, shift=0:16:8:0
[   24.038259] Console: switching to colour frame buffer device 100x37
[   24.039726] fb0: EFI VGA frame buffer device
[   24.039981] intel_idle: does not run on family 6 model 61
[   24.041745] input: Power Button as /devices/LNXSYSTM:00/LNXPWRBN:00/input/input0
[   24.041955] ACPI: Power Button [PWRF]
[   24.044788] GHES: HEST is not enabled!
[   24.924348] tsc: Refined TSC clocksource calibration: 4008.032 MHz
[   24.924523] clocksource: tsc: mask: 0xffffffffffffffff max_cycles: 0x39c60040f78, max_idle_ns: 440795391864 ns
[   26.491767] virtio-pci 0000:00:05.0: virtio_pci: leaving for legacy driver
[   26.494534] Serial: 8250/16550 driver, 32 ports, IRQ sharing enabled
[   26.517740] 00:04: ttyS0 at I/O 0x3f8 (irq = 4, base_baud = 115200) is a 16550A
[   26.558070] Linux agpgart interface v0.103
[   26.621575] brd: module loaded
[   26.655233] loop: module loaded
[   26.662377] ata_piix 0000:00:01.1: version 2.13
[   26.671254] scsi host0: ata_piix
[   26.677849] scsi host1: ata_piix
[   26.683526] ata1: PATA max MWDMA2 cmd 0x1f0 ctl 0x3f6 bmdma 0xc180 irq 14
[   26.688005] ata2: PATA max MWDMA2 cmd 0x170 ctl 0x376 bmdma 0xc188 irq 15
[   26.695487] libphy: Fixed MDIO Bus: probed
[   26.700671] tun: Universal TUN/TAP device driver, 1.6
[   26.705393] tun: (C) 1999-2004 Max Krasnyansky <maxk@qualcomm.com>
[   26.711344] PPP generic driver version 2.4.2
[   26.717210] ehci_hcd: USB 2.0 'Enhanced' Host Controller (EHCI) Driver
[   26.722281] ehci-pci: EHCI PCI platform driver
[   26.849162] ata1.00: ATA-7: QEMU HARDDISK, 2.5+, max UDMA/100
[   26.853925] ata1.00: 52428800 sectors, multi 16: LBA48 
[   26.858404] ata1.01: ATAPI: QEMU DVD-ROM, 2.5+, max UDMA/100
[   26.876661] ata1.00: configured for MWDMA2
[   26.888671] ata1.01: configured for MWDMA2
[   26.901492] scsi 0:0:0:0: Direct-Access     ATA      QEMU HARDDISK    2.5+ PQ: 0 ANSI: 5
[   26.909460] sd 0:0:0:0: [sda] 52428800 512-byte logical blocks: (26.8 GB/25.0 GiB)
[   26.920990] sd 0:0:0:0: [sda] Write Protect is off
[   26.925655] sd 0:0:0:0: [sda] Mode Sense: 00 3a 00 00
[   26.925763] sd 0:0:0:0: Attached scsi generic sg0 type 0
[   26.937388] sd 0:0:0:0: [sda] Write cache: enabled, read cache: enabled, doesn't support DPO or FUA
[   26.948029] scsi 0:0:1:0: CD-ROM            QEMU     QEMU DVD-ROM     2.5+ PQ: 0 ANSI: 5
[   26.966998] sr 0:0:1:0: [sr0] scsi3-mmc drive: 4x/4x cd/rw xa/form2 tray
[   26.971901] cdrom: Uniform CD-ROM driver Revision: 3.20
[   26.985013]  sda: sda1 sda2 < sda5 >
[   27.001534] sr 0:0:1:0: Attached scsi CD-ROM sr0
[   27.004429] sr 0:0:1:0: Attached scsi generic sg1 type 5
[   27.013355] sd 0:0:0:0: [sda] Attached SCSI disk
[   29.240738] ehci-pci 0000:00:06.7: EHCI Host Controller
[   29.245596] ehci-pci 0000:00:06.7: new USB bus registered, assigned bus number 1
[   29.250696] ehci-pci 0000:00:06.7: irq 10, io mem 0xfebd6000
[   29.264345] ehci-pci 0000:00:06.7: USB 2.0 started, EHCI 1.00
[   29.270076] usb usb1: New USB device found, idVendor=1d6b, idProduct=0002
[   29.274704] usb usb1: New USB device strings: Mfr=3, Product=2, SerialNumber=1
[   29.279424] usb usb1: Product: EHCI Host Controller
[   29.284072] usb usb1: Manufacturer: Linux 4.7.0+ ehci_hcd
[   29.288628] usb usb1: SerialNumber: 0000:00:06.7
[   29.296007] hub 1-0:1.0: USB hub found
[   29.300718] hub 1-0:1.0: 6 ports detected
[   29.309966] ehci-platform: EHCI generic platform driver
[   29.314775] ohci_hcd: USB 1.1 'Open' Host Controller (OHCI) Driver
[   29.319494] ohci-pci: OHCI PCI platform driver
[   29.324450] ohci-platform: OHCI generic platform driver
[   29.329315] uhci_hcd: USB Universal Host Controller Interface driver
[   31.724541] uhci_hcd 0000:00:06.0: UHCI Host Controller
[   31.729233] uhci_hcd 0000:00:06.0: new USB bus registered, assigned bus number 2
[   31.733938] uhci_hcd 0000:00:06.0: detected 2 ports
[   31.738689] uhci_hcd 0000:00:06.0: irq 10, io base 0x0000c120
[   31.744097] usb usb2: New USB device found, idVendor=1d6b, idProduct=0001
[   31.748843] usb usb2: New USB device strings: Mfr=3, Product=2, SerialNumber=1
[   31.753492] usb usb2: Product: UHCI Host Controller
[   31.758255] usb usb2: Manufacturer: Linux 4.7.0+ uhci_hcd
[   31.763072] usb usb2: SerialNumber: 0000:00:06.0
[   31.770557] hub 2-0:1.0: USB hub found
[   31.775339] hub 2-0:1.0: 2 ports detected
[   34.173980] uhci_hcd 0000:00:06.1: UHCI Host Controller
[   34.178757] uhci_hcd 0000:00:06.1: new USB bus registered, assigned bus number 3
[   34.183398] uhci_hcd 0000:00:06.1: detected 2 ports
[   34.188036] uhci_hcd 0000:00:06.1: irq 11, io base 0x0000c140
[   34.193250] usb usb3: New USB device found, idVendor=1d6b, idProduct=0001
[   34.197656] usb usb3: New USB device strings: Mfr=3, Product=2, SerialNumber=1
[   34.202015] usb usb3: Product: UHCI Host Controller
[   34.206339] usb usb3: Manufacturer: Linux 4.7.0+ uhci_hcd
[   34.210657] usb usb3: SerialNumber: 0000:00:06.1
[   34.217652] hub 3-0:1.0: USB hub found
[   34.222060] hub 3-0:1.0: 2 ports detected
[   36.625355] uhci_hcd 0000:00:06.2: UHCI Host Controller
[   36.629740] uhci_hcd 0000:00:06.2: new USB bus registered, assigned bus number 4
[   36.634133] uhci_hcd 0000:00:06.2: detected 2 ports
[   36.638521] uhci_hcd 0000:00:06.2: irq 11, io base 0x0000c160
[   36.643597] usb usb4: New USB device found, idVendor=1d6b, idProduct=0001
[   36.647911] usb usb4: New USB device strings: Mfr=3, Product=2, SerialNumber=1
[   36.652167] usb usb4: Product: UHCI Host Controller
[   36.656438] usb usb4: Manufacturer: Linux 4.7.0+ uhci_hcd
[   36.660665] usb usb4: SerialNumber: 0000:00:06.2
[   36.667630] hub 4-0:1.0: USB hub found
[   36.672035] hub 4-0:1.0: 2 ports detected
[   36.680082] i8042: PNP: PS/2 Controller [PNP0303:KBD,PNP0f13:MOU] at 0x60,0x64 irq 1,12
[   36.685958] serio: i8042 KBD port at 0x60,0x64 irq 1
[   36.690390] serio: i8042 AUX port at 0x60,0x64 irq 12
[   36.697898] mousedev: PS/2 mouse device common for all mice
[   36.704590] input: AT Translated Set 2 keyboard as /devices/platform/i8042/serio0/input/input1
[   36.710043] rtc_cmos 00:00: RTC can wake from S4
[   36.718344] rtc_cmos 00:00: rtc core: registered rtc_cmos as rtc0
[   36.722873] rtc_cmos 00:00: alarms up to one day, y3k, 114 bytes nvram
[   36.727378] i2c /dev entries driver
[   36.734162] device-mapper: uevent: version 1.0.3
[   36.740284] device-mapper: ioctl: 4.34.0-ioctl (2015-10-28) initialised: dm-devel@redhat.com
[   36.744973] ledtrig-cpu: registered to indicate activity on CPUs
[   36.754198] NET: Registered protocol family 10
[   36.760930] NET: Registered protocol family 17
[   36.765541] Key type dns_resolver registered
[   36.773670] microcode: CPU0 sig=0x306d2, pf=0x1, revision=0x1
[   36.779354] microcode: Microcode Update Driver: v2.01 <tigran@aivazian.fsnet.co.uk>, Peter Oruba
[   36.786887] registered taskstats version 1
[   36.791492] Loading compiled-in X.509 certificates
[   36.835261] Loaded X.509 cert 'Build time autogenerated kernel key: ab6880999c2ebcc1e0114847990d0b1da7afbbb6'
[   36.844767] zswap: loaded using pool lzo/zbud
[   37.056117] Key type trusted registered
[   37.095984] Key type encrypted registered
[   37.100843] AppArmor: AppArmor sha1 policy hashing enabled
[   37.105430] ima: No TPM chip found, activating TPM-bypass!
[   37.110270] evm: HMAC attrs: 0x1
[   37.117520]   Magic number: 1:688:604
[   37.122198] rtc_cmos 00:00: setting system clock to 2017-05-03 23:34:09 UTC (1493854449)
[   37.128005] BIOS EDD facility v0.16 2004-Jun-25, 0 devices found
[   37.132443] EDD information not available.
[   37.137801] PM: Hibernation image not present or could not be loaded.
[   37.143256] Freeing unused kernel memory: 1352K (ffffffff81d1b000 - ffffffff81e6d000)
[   37.147764] Write protecting the kernel read-only data: 12288k
[   37.157059] Freeing unused kernel memory: 516K (ffff88000177f000 - ffff880001800000)
[   37.237848] Freeing unused kernel memory: 800K (ffff880001b38000 - ffff880001c00000)
[   37.493082] random: systemd-udevd urandom read with 17 bits of entropy available
[   38.452872] FDC 0 is a S82078B
[   38.662791] 8139cp: 8139cp: 10/100 PCI Ethernet driver v1.3 (Mar 22, 2004)
[   38.948101] input: VirtualPS/2 VMware VMMouse as /devices/platform/i8042/serio1/input/input4
[   38.962095] input: VirtualPS/2 VMware VMMouse as /devices/platform/i8042/serio1/input/input3
[   39.662102] AVX2 version of gcm_enc/dec engaged.
[   39.666620] AES CTR mode by8 optimization enabled
[   42.852375] 8139cp 0000:00:03.0 eth0: RTL-8139C+ at 0xffffc90000006000, 52:54:00:9e:44:3c, IRQ 11
[   42.880474] 8139too: 8139too Fast Ethernet driver 0.9.28
[   42.898490] 8139cp 0000:00:03.0 ens3: renamed from eth0
[   44.944478] md: linear personality registered for level -1
[   45.012440] md: multipath personality registered for level -4
[   45.080372] md: raid0 personality registered for level 0
[   45.152390] md: raid1 personality registered for level 1
[   45.308314] raid6: sse2x1   gen()  6070 MB/s
[   45.380308] raid6: sse2x1   xor()  3338 MB/s
[   45.452300] raid6: sse2x2   gen()  6616 MB/s
[   45.524306] raid6: sse2x2   xor()  3712 MB/s
[   45.596306] raid6: sse2x4   gen()  6849 MB/s
[   45.668306] raid6: sse2x4   xor()  3966 MB/s
[   45.740305] raid6: avx2x1   gen()  8431 MB/s
[   45.812303] raid6: avx2x2   gen()  9018 MB/s
[   45.884302] raid6: avx2x4   gen()  9092 MB/s
[   45.888818] raid6: using algorithm avx2x4 gen() 9092 MB/s
[   45.893244] raid6: using avx2x2 recovery algorithm
[   45.932374] xor: automatically using best checksumming function:
[   45.976316]    avx       :   694.000 MB/sec
[   46.016426] async_tx: api initialized (async)
[   46.237048] md: raid6 personality registered for level 6
[   46.241505] md: raid5 personality registered for level 5
[   46.245842] md: raid4 personality registered for level 4
[   46.388400] md: raid10 personality registered for level 10
[   46.949889] Btrfs loaded, crc32c=crc32c-intel
[   46.954661] BTRFS: selftest: sectorsize: 4096  nodesize: 4096
[   46.959282] BTRFS: selftest: sectorsize: 4096  nodesize: 8192
[   46.963874] BTRFS: selftest: sectorsize: 4096  nodesize: 16384
[   46.968503] BTRFS: selftest: sectorsize: 4096  nodesize: 32768
[   46.972952] BTRFS: selftest: sectorsize: 4096  nodesize: 65536
[   47.888733] EXT4-fs (sda1): mounted filesystem with ordered data mode. Opts: (null)
[   48.143896] random: nonblocking pool is initialized
[   49.049552] systemd[1]: systemd 229 running in system mode. (+PAM +AUDIT +SELINUX +IMA +APPARMOR +SMACK +SYSVINIT +UTMP +LIBCRYPTSETUP +GCRYPT +GNUTLS +ACL +XZ -LZ4 +SECCOMP +BLKID +ELFUTILS +KMOD -IDN)
[   49.063605] systemd[1]: Detected virtualization qemu.
[   49.068207] systemd[1]: Detected architecture x86-64.
[   49.103933] systemd[1]: Set hostname to <ubuntu>.
[   49.753008] systemd[1]: Listening on LVM2 poll daemon socket.
[   49.766766] systemd[1]: Listening on Syslog Socket.
[   49.790812] systemd[1]: Created slice User and Session Slice.
[   49.804141] systemd[1]: Listening on Journal Socket (/dev/log).
[   49.817130] systemd[1]: Listening on udev Kernel Socket.
[   49.830392] systemd[1]: Listening on /dev/initctl Compatibility Named Pipe.
[   49.843906] systemd[1]: Listening on Device-mapper event daemon FIFOs.
[   49.856976] systemd[1]: Reached target Encrypted Volumes.
[   49.870946] systemd[1]: Listening on udev Control Socket.
[   49.885601] systemd[1]: Started Forward Password Requests to Wall Directory Watch.
[   49.899290] systemd[1]: Listening on fsck to fsckd communication Socket.
[   49.912976] systemd[1]: Listening on Journal Socket.
[   49.927230] systemd[1]: Listening on Journal Audit Socket.
[   49.940648] systemd[1]: Reached target User and Group Name Lookups.
[   49.961296] systemd[1]: Created slice System Slice.
[   49.992086] systemd[1]: Starting Load Kernel Modules...
[   50.061086] systemd[1]: Starting Set console keymap...
[   50.135774] systemd[1]: Mounting POSIX Message Queue File System...
[   50.221023] systemd[1]: Mounting Huge Pages File System...
[   50.282517] Loading iSCSI transport class v2.0-870.
[   50.306491] systemd[1]: Starting Create list of required static device nodes for the current kernel...
[   50.394181] systemd[1]: Starting Nameserver information manager...
[   50.487329] systemd[1]: Mounting Debug File System...
[   50.578687] systemd[1]: Starting Journal Service...
[   50.638898] systemd[1]: Reached target Slices.
[   50.736978] systemd[1]: Starting Uncomplicated firewall...
[   50.775332] systemd[1]: Listening on LVM2 metadata daemon socket.
[   50.846181] systemd[1]: Starting Monitoring of LVM2 mirrors, snapshots etc. using dmeventd or progress polling...
[   50.973996] systemd[1]: Mounted Huge Pages File System.
[   51.008263] systemd[1]: Mounted Debug File System.
[   51.033235] systemd[1]: Mounted POSIX Message Queue File System.
[   51.104003] systemd[1]: Started Create list of required static device nodes for the current kernel.
[   51.246509] iscsi: registered transport (tcp)
[   51.254694] systemd[1]: Started Uncomplicated firewall.
[   51.413666] systemd[1]: Starting Create Static Device Nodes in /dev...
[   51.505655] systemd[1]: Started Nameserver information manager.
[   51.624429] systemd[1]: Started LVM2 metadata daemon.
[   52.130754] systemd[1]: Started Create Static Device Nodes in /dev.
[   52.206960] systemd[1]: Starting udev Kernel Device Manager...
[   52.785275] systemd[1]: Started udev Kernel Device Manager.
[   52.844013] systemd[1]: Starting Remount Root and Kernel File Systems...
[   53.184526] EXT4-fs (sda1): re-mounted. Opts: errors=remount-ro
[   53.313376] systemd[1]: Started Remount Root and Kernel File Systems.
[   53.343191] systemd[1]: Started Journal Service.
[   54.078896] iscsi: registered transport (iser)
[   54.492620] systemd-journald[386]: Received request to flush runtime journal from PID 1
[   57.722444] audit: type=1400 audit(1493854470.096:2): apparmor="STATUS" operation="profile_load" name="lxc-container-default" pid=530 comm="apparmor_parser"
[   57.722559] audit: type=1400 audit(1493854470.096:3): apparmor="STATUS" operation="profile_load" name="lxc-container-default-cgns" pid=530 comm="apparmor_parser"
[   57.722671] audit: type=1400 audit(1493854470.096:4): apparmor="STATUS" operation="profile_load" name="lxc-container-default-with-mounting" pid=530 comm="apparmor_parser"
[   57.722780] audit: type=1400 audit(1493854470.096:5): apparmor="STATUS" operation="profile_load" name="lxc-container-default-with-nesting" pid=530 comm="apparmor_parser"
[   57.838908] audit: type=1400 audit(1493854470.212:6): apparmor="STATUS" operation="profile_load" name="/sbin/dhclient" pid=535 comm="apparmor_parser"
[   57.839024] audit: type=1400 audit(1493854470.212:7): apparmor="STATUS" operation="profile_load" name="/usr/lib/NetworkManager/nm-dhcp-client.action" pid=535 comm="apparmor_parser"
[   57.839134] audit: type=1400 audit(1493854470.212:8): apparmor="STATUS" operation="profile_load" name="/usr/lib/NetworkManager/nm-dhcp-helper" pid=535 comm="apparmor_parser"
[   57.839245] audit: type=1400 audit(1493854470.212:9): apparmor="STATUS" operation="profile_load" name="/usr/lib/connman/scripts/dhclient-script" pid=535 comm="apparmor_parser"
[   57.915527] audit: type=1400 audit(1493854470.288:10): apparmor="STATUS" operation="profile_load" name="/usr/bin/lxc-start" pid=539 comm="apparmor_parser"
[   57.978797] audit: type=1400 audit(1493854470.352:11): apparmor="STATUS" operation="profile_load" name="/usr/bin/ubuntu-core-launcher" pid=541 comm="apparmor_parser"
[   62.313844] piix4_smbus 0000:00:01.3: SMBus Host Controller at 0x700, revision 0
[   65.845183] Adding 2094076k swap on /dev/sda5.  Priority:-1 extents:1 across:2094076k FS
[   68.193018] cgroup: new mount options do not match the existing superblock, will be ignored
[   69.168769] 8139cp 0000:00:03.0 ens3: link up, 100Mbps, full-duplex, lpa 0x05E1
[   69.365239] ppdev: user-space parallel port driver
[   69.468088] snd_hda_codec_generic hdaudioC0D0: autoconfig for Generic: line_outs=1 (0x3/0x0/0x0/0x0/0x0) type:line
[   69.468090] snd_hda_codec_generic hdaudioC0D0:    speaker_outs=0 (0x0/0x0/0x0/0x0/0x0)
[   69.468091] snd_hda_codec_generic hdaudioC0D0:    hp_outs=0 (0x0/0x0/0x0/0x0/0x0)
[   69.468092] snd_hda_codec_generic hdaudioC0D0:    mono: mono_out=0x0
[   69.468093] snd_hda_codec_generic hdaudioC0D0:    inputs:
[   69.468094] snd_hda_codec_generic hdaudioC0D0:      Line=0x5
