[    0.000000] Linux version 4.10.0+ (abder@ubuntu) (gcc version 6.3.0 20170406 (Ubuntu 6.3.0-12ubuntu2) ) #42 SMP Mon Jul 10 18:28:17 EDT 2017
[    0.000000] Command line: BOOT_IMAGE=/boot/vmlinuz-4.10.0+ root=/dev/mapper/ubuntu--vg-root ro ftrace=hypergraph ftrace_hypergraph_exit_only=1 hypergraph_stop_at=run_init_process ftrace_notrace=note_page,*kmem_cache*,*slab*,*acpi*,_raw_spin_*,*mutex*,_cond_resched,*console*,*fb* hyperlevel=1
[    0.000000] KERNEL supported cpus:
[    0.000000]   Intel GenuineIntel
[    0.000000]   AMD AuthenticAMD
[    0.000000]   Centaur CentaurHauls
[    0.000000] x86/fpu: Supporting XSAVE feature 0x001: 'x87 floating point registers'
[    0.000000] x86/fpu: Supporting XSAVE feature 0x002: 'SSE registers'
[    0.000000] x86/fpu: Supporting XSAVE feature 0x004: 'AVX registers'
[    0.000000] x86/fpu: Supporting XSAVE feature 0x008: 'MPX bounds registers'
[    0.000000] x86/fpu: Supporting XSAVE feature 0x010: 'MPX CSR'
[    0.000000] x86/fpu: xstate_offset[2]:  576, xstate_sizes[2]:  256
[    0.000000] x86/fpu: xstate_offset[3]:  960, xstate_sizes[3]:   64
[    0.000000] x86/fpu: xstate_offset[4]: 1024, xstate_sizes[4]:   64
[    0.000000] x86/fpu: Enabled xstate features 0x1f, context size is 1088 bytes, using 'standard' format.
[    0.000000] e820: BIOS-provided physical RAM map:
[    0.000000] BIOS-e820: [mem 0x0000000000000000-0x000000000009fbff] usable
[    0.000000] BIOS-e820: [mem 0x000000000009fc00-0x000000000009ffff] reserved
[    0.000000] BIOS-e820: [mem 0x00000000000f0000-0x00000000000fffff] reserved
[    0.000000] BIOS-e820: [mem 0x0000000000100000-0x000000007ffdffff] usable
[    0.000000] BIOS-e820: [mem 0x000000007ffe0000-0x000000007fffffff] reserved
[    0.000000] BIOS-e820: [mem 0x00000000feffc000-0x00000000feffffff] reserved
[    0.000000] BIOS-e820: [mem 0x00000000fffc0000-0x00000000ffffffff] reserved
[    0.000000] NX (Execute Disable) protection: active
[    0.000000] SMBIOS 2.8 present.
[    0.000000] DMI: QEMU Standard PC (i440FX + PIIX, 1996), BIOS 1.10.1-1ubuntu1 04/01/2014
[    0.000000] Hypervisor detected: KVM
[    0.000000] e820: update [mem 0x00000000-0x00000fff] usable ==> reserved
[    0.000000] e820: remove [mem 0x000a0000-0x000fffff] usable
[    0.000000] e820: last_pfn = 0x7ffe0 max_arch_pfn = 0x400000000
[    0.000000] MTRR default type: write-back
[    0.000000] MTRR fixed ranges enabled:
[    0.000000]   00000-9FFFF write-back
[    0.000000]   A0000-BFFFF uncachable
[    0.000000]   C0000-FFFFF write-protect
[    0.000000] MTRR variable ranges enabled:
[    0.000000]   0 base 0080000000 mask FF80000000 uncachable
[    0.000000]   1 disabled
[    0.000000]   2 disabled
[    0.000000]   3 disabled
[    0.000000]   4 disabled
[    0.000000]   5 disabled
[    0.000000]   6 disabled
[    0.000000]   7 disabled
[    0.000000] x86/PAT: Configuration [0-7]: WB  WC  UC- UC  WB  WC  UC- WT  
[    0.000000] found SMP MP-table at [mem 0x000f6a40-0x000f6a4f] mapped at [ffff90e4c00f6a40]
[    0.000000] Scanning 1 areas for low memory corruption
[    0.000000] Base memory trampoline at [ffff90e4c0099000] 99000 size 24576
[    0.000000] Using GB pages for direct mapping
[    0.000000] BRK [0x2761f000, 0x2761ffff] PGTABLE
[    0.000000] BRK [0x27620000, 0x27620fff] PGTABLE
[    0.000000] BRK [0x27621000, 0x27621fff] PGTABLE
[    0.000000] BRK [0x27622000, 0x27622fff] PGTABLE
[    0.000000] BRK [0x27623000, 0x27623fff] PGTABLE
[    0.000000] BRK [0x27624000, 0x27624fff] PGTABLE
[    0.000000] RAMDISK: [mem 0x32609000-0x352fbfff]
[    0.000000] ACPI: Early table checksum verification disabled
[    0.000000] ACPI: RSDP 0x00000000000F6860 000014 (v00 BOCHS )
[    0.000000] ACPI: RSDT 0x000000007FFE188B 00002C (v01 BOCHS  BXPCRSDT 00000001 BXPC 00000001)
[    0.000000] ACPI: FACP 0x000000007FFE1797 000074 (v01 BOCHS  BXPCFACP 00000001 BXPC 00000001)
[    0.000000] ACPI: DSDT 0x000000007FFE0040 001757 (v01 BOCHS  BXPCDSDT 00000001 BXPC 00000001)
[    0.000000] ACPI: FACS 0x000000007FFE0000 000040
[    0.000000] ACPI: APIC 0x000000007FFE180B 000080 (v01 BOCHS  BXPCAPIC 00000001 BXPC 00000001)
[    0.000000] ACPI: Local APIC address 0xfee00000
[    0.000000] No NUMA configuration found
[    0.000000] Faking a node at [mem 0x0000000000000000-0x000000007ffdffff]
[    0.000000] NODE_DATA(0) allocated [mem 0x7ffb5000-0x7ffdffff]
[    0.000000] kvm-clock: Using msrs 4b564d01 and 4b564d00
[    0.000000] kvm-clock: cpu 0, msr 0:7ff35001, primary cpu clock
[    0.000000] kvm-clock: using sched offset of 7003855354 cycles
[    0.000000] clocksource: kvm-clock: mask: 0xffffffffffffffff max_cycles: 0x1cd42e4dffb, max_idle_ns: 881590591483 ns
[    0.000000] Zone ranges:
[    0.000000]   DMA      [mem 0x0000000000001000-0x0000000000ffffff]
[    0.000000]   DMA32    [mem 0x0000000001000000-0x000000007ffdffff]
[    0.000000]   Normal   empty
[    0.000000]   Device   empty
[    0.000000] Movable zone start for each node
[    0.000000] Early memory node ranges
[    0.000000]   node   0: [mem 0x0000000000001000-0x000000000009efff]
[    0.000000]   node   0: [mem 0x0000000000100000-0x000000007ffdffff]
[    0.000000] Initmem setup node 0 [mem 0x0000000000001000-0x000000007ffdffff]
[    0.000000] On node 0 totalpages: 524158
[    0.000000]   DMA zone: 64 pages used for memmap
[    0.000000]   DMA zone: 21 pages reserved
[    0.000000]   DMA zone: 3998 pages, LIFO batch:0
[    0.000000]   DMA32 zone: 8128 pages used for memmap
[    0.000000]   DMA32 zone: 520160 pages, LIFO batch:31
[    0.000000] ACPI: PM-Timer IO Port: 0x608
[    0.000000] ACPI: Local APIC address 0xfee00000
[    0.000000] ACPI: LAPIC_NMI (acpi_id[0xff] dfl dfl lint[0x1])
[    0.000000] IOAPIC[0]: apic_id 0, version 17, address 0xfec00000, GSI 0-23
[    0.000000] ACPI: INT_SRC_OVR (bus 0 bus_irq 0 global_irq 2 dfl dfl)
[    0.000000] ACPI: INT_SRC_OVR (bus 0 bus_irq 5 global_irq 5 high level)
[    0.000000] ACPI: INT_SRC_OVR (bus 0 bus_irq 9 global_irq 9 high level)
[    0.000000] ACPI: INT_SRC_OVR (bus 0 bus_irq 10 global_irq 10 high level)
[    0.000000] ACPI: INT_SRC_OVR (bus 0 bus_irq 11 global_irq 11 high level)
[    0.000000] ACPI: IRQ0 used by override.
[    0.000000] ACPI: IRQ5 used by override.
[    0.000000] ACPI: IRQ9 used by override.
[    0.000000] ACPI: IRQ10 used by override.
[    0.000000] ACPI: IRQ11 used by override.
[    0.000000] Using ACPI (MADT) for SMP configuration information
[    0.000000] smpboot: Allowing 2 CPUs, 1 hotplug CPUs
[    0.000000] PM: Registered nosave memory: [mem 0x00000000-0x00000fff]
[    0.000000] PM: Registered nosave memory: [mem 0x0009f000-0x0009ffff]
[    0.000000] PM: Registered nosave memory: [mem 0x000a0000-0x000effff]
[    0.000000] PM: Registered nosave memory: [mem 0x000f0000-0x000fffff]
[    0.000000] e820: [mem 0x80000000-0xfeffbfff] available for PCI devices
[    0.000000] Booting paravirtualized kernel on KVM
[    0.000000] clocksource: refined-jiffies: mask: 0xffffffff max_cycles: 0xffffffff, max_idle_ns: 7645519600211568 ns
[    0.000000] setup_percpu: NR_CPUS:8192 nr_cpumask_bits:2 nr_cpu_ids:2 nr_node_ids:1
[    0.000000] percpu: Embedded 36 pages/cpu @ffff90e53fc00000 s107736 r8192 d31528 u1048576
[    0.000000] pcpu-alloc: s107736 r8192 d31528 u1048576 alloc=1*2097152
[    0.000000] pcpu-alloc: [0] 0 1 
[    0.000000] KVM setup async PF for cpu 0
[    0.000000] kvm-stealtime: cpu 0, msr 7fc0d8c0
[    0.000000] Built 1 zonelists in Node order, mobility grouping on.  Total pages: 515945
[    0.000000] Policy zone: DMA32
[    0.000000] Kernel command line: BOOT_IMAGE=/boot/vmlinuz-4.10.0+ root=/dev/mapper/ubuntu--vg-root ro ftrace=hypergraph ftrace_hypergraph_exit_only=1 hypergraph_stop_at=run_init_process ftrace_notrace=note_page,*kmem_cache*,*slab*,*acpi*,_raw_spin_*,*mutex*,_cond_resched,*console*,*fb* hyperlevel=1
[    0.000000] PID hash table entries: 4096 (order: 3, 32768 bytes)
[    0.000000] Calgary: detecting Calgary via BIOS EBDA area
[    0.000000] Calgary: Unable to locate Rio Grande table in EBDA - bailing!
[    0.000000] Memory: 1996068K/2096632K available (8749K kernel code, 1643K rwdata, 3624K rodata, 2216K init, 2364K bss, 100564K reserved, 0K cma-reserved)
[    0.000000] SLUB: HWalign=64, Order=0-3, MinObjects=0, CPUs=2, Nodes=1
[    0.000000] Hierarchical RCU implementation.
[    0.000000] 	Build-time adjustment of leaf fanout to 64.
[    0.000000] 	RCU restricting CPUs from NR_CPUS=8192 to nr_cpu_ids=2.
[    0.000000] RCU: Adjusting geometry for rcu_fanout_leaf=64, nr_cpu_ids=2
[    0.000000] NR_IRQS:524544 nr_irqs:440 16
[    0.000000] Console: colour dummy device 80x25
[    0.000000] console [tty0] enabled
[    0.000000] tsc: Detected 4008.000 MHz processor
[    0.012060] Calibrating delay loop (skipped) preset value.. 8016.00 BogoMIPS (lpj=16032000)
[    0.012063] pid_max: default: 32768 minimum: 301
[    0.012070] ACPI: Core revision 20160930
[    0.012631] ACPI: 1 ACPI AML tables successfully acquired and loaded
[    0.012647] Security Framework initialized
[    0.012648] Yama: becoming mindful.
[    0.012655] AppArmor: AppArmor initialized
[    0.012811] Dentry cache hash table entries: 262144 (order: 9, 2097152 bytes)
[    0.013023] Inode-cache hash table entries: 131072 (order: 8, 1048576 bytes)
[    0.013118] Mount-cache hash table entries: 4096 (order: 3, 32768 bytes)
[    0.013121] Mountpoint-cache hash table entries: 4096 (order: 3, 32768 bytes)
[    0.013249] CPU: Physical Processor ID: 0
[    0.013264] mce: CPU supports 10 MCE banks
[    0.013287] Last level iTLB entries: 4KB 0, 2MB 0, 4MB 0
[    0.013289] Last level dTLB entries: 4KB 0, 2MB 0, 4MB 0, 1GB 0
[    0.018097] ftrace: allocating 33135 entries in 130 pages
[    0.150759] smpboot: Max logical packages: 2
[    0.150864] x2apic enabled
[    0.150999] Switched APIC routing to physical x2apic.
[    0.151533] ..TIMER: vector=0x30 apic1=0 pin1=2 apic2=-1 pin2=-1
[    0.151552] TSC deadline timer enabled
[    0.151553] smpboot: CPU0: Intel Core Processor (Skylake) (family: 0x6, model: 0x5e, stepping: 0x3)
[    0.151582] Performance Events: unsupported p6 CPU model 94 no PMU driver, software events only.
[    0.151621] Starting tracer 'hypergraph'
[    0.234165] ------------[ cut here ]------------
[    0.234240] WARNING: CPU: 0 PID: 1 at kernel/trace/ftrace.c:6018 return_to_handler+0x0/0x27
[    0.234358] Modules linked in:
[    0.234414] CPU: 0 PID: 1 Comm: swapper/0 Not tainted 4.10.0+ #42
[    0.234503] Hardware name: QEMU Standard PC (i440FX + PIIX, 1996), BIOS 1.10.1-1ubuntu1 04/01/2014
[    0.234630] Call Trace:
[    0.234686]  ? ftrace_graph_caller+0xa8/0xa8
[    0.234755]  dump_stack+0x63/0x81
[    0.234822]  __warn+0xcb/0xf0
[    0.234894]  ? ftrace_graph_caller+0xa8/0xa8
[    0.234962]  warn_slowpath_null+0x1d/0x20
[    0.235031]  ? ftrace_graph_caller+0xa8/0xa8
[    0.235101]  ftrace_graph_init_idle_task+0x9d/0xd0
[    0.235188]  init_idle+0x153/0x180
[    0.235271]  ? ftrace_graph_caller+0xa8/0xa8
[    0.235339]  fork_idle+0xc2/0xd0
[    0.235409]  ? ftrace_graph_caller+0xa8/0xa8
[    0.235477]  idle_threads_init+0x64/0x96
[    0.235552]  ? set_debug_rodata+0x12/0x12
[    0.235623]  smp_init+0x18/0xd7
[    0.235690]  kernel_init_freeable+0x122/0x249
[    0.235807]  ? rest_init+0x80/0x80
[    0.235875]  kernel_init+0xe/0x100
[    0.235937]  ret_from_fork+0x2c/0x40
[    0.236069] ---[ end trace 0f9711700c03ca5c ]---
[    0.236449] smp: Bringing up secondary CPUs ...
[    0.236517] smp: Brought up 1 node, 1 CPU
[    0.236578] smpboot: Total of 1 processors activated (8016.00 BogoMIPS)
[    0.238439] devtmpfs: initialized
[    0.239177] x86/mm: Memory block size: 128MB
[    0.245326] evm: security.selinux
[    0.245378] evm: security.SMACK64
[    0.245430] evm: security.SMACK64EXEC
[    0.245487] evm: security.SMACK64TRANSMUTE
[    0.245548] evm: security.SMACK64MMAP
[    0.245606] evm: security.ima
[    0.245653] evm: security.capability
[    0.247588] clocksource: jiffies: mask: 0xffffffff max_cycles: 0xffffffff, max_idle_ns: 7645041785100000 ns
[    0.247763] futex hash table entries: 512 (order: 3, 32768 bytes)
[    0.248058] pinctrl core: initialized pinctrl subsystem
[    0.249222] RTC time: 23:15:10, date: 07/11/17
[    0.249761] NET: Registered protocol family 16
[    0.253260] cpuidle: using governor ladder
[    0.253326] cpuidle: using governor menu
[    0.253389] PCCT header not found.
[    0.254729] ACPI: bus type PCI registered
[    0.254792] acpiphp: ACPI Hot Plug PCI Controller Driver version: 0.5
[    0.255306] PCI: Using configuration type 1 for base access
[    0.273195] HugeTLB registered 1 GB page size, pre-allocated 0 pages
[    0.273286] HugeTLB registered 2 MB page size, pre-allocated 0 pages
[    0.276085] ACPI: Added _OSI(Module Device)
[    0.276149] ACPI: Added _OSI(Processor Device)
[    0.276225] ACPI: Added _OSI(3.0 _SCP Extensions)
[    0.276295] ACPI: Added _OSI(Processor Aggregator Device)
[    0.282489] ACPI: Interpreter enabled
[    0.282581] ACPI: (supports S0 S5)
[    0.282637] ACPI: Using IOAPIC for interrupt routing
[    0.282785] PCI: Using host bridge windows from ACPI; if necessary, use "pci=nocrs" and report a bug
[    0.305666] ACPI: PCI Root Bridge [PCI0] (domain 0000 [bus 00-ff])
[    0.305763] acpi PNP0A03:00: _OSC: OS supports [ASPM ClockPM Segments MSI]
[    0.305869] acpi PNP0A03:00: _OSC failed (AE_NOT_FOUND); disabling ASPM
[    0.305994] acpi PNP0A03:00: fail to add MMCONFIG information, can't access extended PCI configuration space under this bridge.
[    0.308698] acpiphp: Slot [3] registered
[    0.308843] acpiphp: Slot [4] registered
[    0.309063] acpiphp: Slot [6] registered
[    0.309208] acpiphp: Slot [7] registered
[    0.309352] acpiphp: Slot [8] registered
[    0.309496] acpiphp: Slot [9] registered
[    0.309639] acpiphp: Slot [10] registered
[    0.309787] acpiphp: Slot [11] registered
[    0.309955] acpiphp: Slot [12] registered
[    0.310100] acpiphp: Slot [13] registered
[    0.310244] acpiphp: Slot [14] registered
[    0.310389] acpiphp: Slot [15] registered
[    0.310544] acpiphp: Slot [16] registered
[    0.310690] acpiphp: Slot [17] registered
[    0.310835] acpiphp: Slot [18] registered
[    0.311003] acpiphp: Slot [19] registered
[    0.311147] acpiphp: Slot [20] registered
[    0.311292] acpiphp: Slot [21] registered
[    0.311437] acpiphp: Slot [22] registered
[    0.311581] acpiphp: Slot [23] registered
[    0.311725] acpiphp: Slot [24] registered
[    0.311870] acpiphp: Slot [25] registered
[    0.312038] acpiphp: Slot [26] registered
[    0.312182] acpiphp: Slot [27] registered
[    0.312335] acpiphp: Slot [28] registered
[    0.312481] acpiphp: Slot [29] registered
[    0.312625] acpiphp: Slot [30] registered
[    0.312770] acpiphp: Slot [31] registered
[    0.312889] PCI host bridge to bus 0000:00
[    0.312952] pci_bus 0000:00: root bus resource [io  0x0000-0x0cf7 window]
[    0.313049] pci_bus 0000:00: root bus resource [io  0x0d00-0xffff window]
[    0.313145] pci_bus 0000:00: root bus resource [mem 0x000a0000-0x000bffff window]
[    0.313255] pci_bus 0000:00: root bus resource [mem 0x80000000-0xfebfffff window]
[    0.313366] pci_bus 0000:00: root bus resource [bus 00-ff]
[    0.313488] pci 0000:00:00.0: [8086:1237] type 00 class 0x060000
[    0.314512] pci 0000:00:01.0: [8086:7000] type 00 class 0x060100
[    0.315619] pci 0000:00:01.1: [8086:7010] type 00 class 0x010180
[    0.318735] pci 0000:00:01.1: reg 0x20: [io  0xc1e0-0xc1ef]
[    0.320258] pci 0000:00:01.1: legacy IDE quirk: reg 0x10: [io  0x01f0-0x01f7]
[    0.320369] pci 0000:00:01.1: legacy IDE quirk: reg 0x14: [io  0x03f6]
[    0.320462] pci 0000:00:01.1: legacy IDE quirk: reg 0x18: [io  0x0170-0x0177]
[    0.320563] pci 0000:00:01.1: legacy IDE quirk: reg 0x1c: [io  0x0376]
[    0.321444] pci 0000:00:01.3: [8086:7113] type 00 class 0x068000
[    0.321817] pci 0000:00:01.3: quirk: [io  0x0600-0x063f] claimed by PIIX4 ACPI
[    0.321936] pci 0000:00:01.3: quirk: [io  0x0700-0x070f] claimed by PIIX4 SMB
[    0.322900] pci 0000:00:02.0: [1b36:0100] type 00 class 0x030000
[    0.326587] pci 0000:00:02.0: reg 0x10: [mem 0xf4000000-0xf7ffffff]
[    0.330134] pci 0000:00:02.0: reg 0x14: [mem 0xf8000000-0xfbffffff]
[    0.332875] pci 0000:00:02.0: reg 0x18: [mem 0xfc054000-0xfc055fff]
[    0.335687] pci 0000:00:02.0: reg 0x1c: [io  0xc140-0xc15f]
[    0.346178] pci 0000:00:02.0: reg 0x30: [mem 0xfc040000-0xfc04ffff pref]
[    0.347030] pci 0000:00:03.0: [10ec:8139] type 00 class 0x020000
[    0.348151] pci 0000:00:03.0: reg 0x10: [io  0xc000-0xc0ff]
[    0.349249] pci 0000:00:03.0: reg 0x14: [mem 0xfc056000-0xfc0560ff]
[    0.355368] pci 0000:00:03.0: reg 0x30: [mem 0xfc000000-0xfc03ffff pref]
[    0.356212] pci 0000:00:04.0: [8086:2668] type 00 class 0x040300
[    0.356825] pci 0000:00:04.0: reg 0x10: [mem 0xfc050000-0xfc053fff]
[    0.361139] pci 0000:00:05.0: [8086:2934] type 00 class 0x0c0300
[    0.364896] pci 0000:00:05.0: reg 0x20: [io  0xc160-0xc17f]
[    0.366833] pci 0000:00:05.1: [8086:2935] type 00 class 0x0c0300
[    0.369632] pci 0000:00:05.1: reg 0x20: [io  0xc180-0xc19f]
[    0.371520] pci 0000:00:05.2: [8086:2936] type 00 class 0x0c0300
[    0.375280] pci 0000:00:05.2: reg 0x20: [io  0xc1a0-0xc1bf]
[    0.377182] pci 0000:00:05.7: [8086:293a] type 00 class 0x0c0320
[    0.377750] pci 0000:00:05.7: reg 0x10: [mem 0xfc057000-0xfc057fff]
[    0.382069] pci 0000:00:06.0: [1af4:1003] type 00 class 0x078000
[    0.384090] pci 0000:00:06.0: reg 0x10: [io  0xc100-0xc13f]
[    0.386611] pci 0000:00:06.0: reg 0x14: [mem 0xfc058000-0xfc058fff]
[    0.391084] pci 0000:00:06.0: reg 0x20: [mem 0xfebf8000-0xfebfbfff 64bit pref]
[    0.393757] pci 0000:00:07.0: [1af4:1002] type 00 class 0x00ff00
[    0.394895] pci 0000:00:07.0: reg 0x10: [io  0xc1c0-0xc1df]
[    0.400321] pci 0000:00:07.0: reg 0x20: [mem 0xfebfc000-0xfebfffff 64bit pref]
[    0.404373] ACPI: PCI Interrupt Link [LNKA] (IRQs 5 *10 11)
[    0.404621] ACPI: PCI Interrupt Link [LNKB] (IRQs 5 *10 11)
[    0.404852] ACPI: PCI Interrupt Link [LNKC] (IRQs 5 10 *11)
[    0.405082] ACPI: PCI Interrupt Link [LNKD] (IRQs 5 10 *11)
[    0.405265] ACPI: PCI Interrupt Link [LNKS] (IRQs *9)
[    0.405865] ACPI: Enabled 3 GPEs in block 00 to 0F
[    0.406779] pci 0000:00:02.0: vgaarb: setting as boot VGA device
[    0.406869] pci 0000:00:02.0: vgaarb: VGA device added: decodes=io+mem,owns=io+mem,locks=none
[    0.407024] pci 0000:00:02.0: vgaarb: bridge control possible
[    0.407107] vgaarb: loaded
[    0.409306] SCSI subsystem initialized
[    0.409667] libata version 3.00 loaded.
[    0.409871] ACPI: bus type USB registered
[    0.410103] usbcore: registered new interface driver usbfs
[    0.410263] usbcore: registered new interface driver hub
[    0.410478] usbcore: registered new device driver usb
[    0.411693] PCI: Using ACPI for IRQ routing
[    0.411757] PCI: pci_cache_line_size set to 64 bytes
[    0.412096] e820: reserve RAM buffer [mem 0x0009fc00-0x0009ffff]
[    0.412105] e820: reserve RAM buffer [mem 0x7ffe0000-0x7fffffff]
[    0.413025] NetLabel: Initializing
[    0.413079] NetLabel:  domain hash size = 128
[    0.413144] NetLabel:  protocols = UNLABELED CIPSOv4 CALIPSO
[    0.413418] NetLabel:  unlabeled traffic allowed by default
[    0.415306] clocksource: Switched to clocksource kvm-clock
[    0.660758] VFS: Disk quotas dquot_6.6.0
[    0.660918] VFS: Dquot-cache hash table entries: 512 (order 0, 4096 bytes)
[    0.662200] AppArmor: AppArmor Filesystem Enabled
[    0.662664] pnp: PnP ACPI init
[    0.663118] pnp 00:00: Plug and Play ACPI device, IDs PNP0b00 (active)
[    0.663385] pnp 00:01: Plug and Play ACPI device, IDs PNP0303 (active)
[    0.663660] pnp 00:02: Plug and Play ACPI device, IDs PNP0f13 (active)
[    0.663707] pnp 00:03: [dma 2]
[    0.663902] pnp 00:03: Plug and Play ACPI device, IDs PNP0700 (active)
[    0.664238] pnp 00:04: Plug and Play ACPI device, IDs PNP0501 (active)
[    0.664816] pnp: PnP ACPI: found 5 devices
[    0.691886] clocksource: acpi_pm: mask: 0xffffff max_cycles: 0xffffff, max_idle_ns: 2085701024 ns
[    0.692064] pci_bus 0000:00: resource 4 [io  0x0000-0x0cf7 window]
[    0.692070] pci_bus 0000:00: resource 5 [io  0x0d00-0xffff window]
[    0.692077] pci_bus 0000:00: resource 6 [mem 0x000a0000-0x000bffff window]
[    0.692083] pci_bus 0000:00: resource 7 [mem 0x80000000-0xfebfffff window]
[    0.692464] NET: Registered protocol family 2
[    0.693429] TCP established hash table entries: 16384 (order: 5, 131072 bytes)
[    0.693844] TCP bind hash table entries: 16384 (order: 6, 262144 bytes)
[    0.693956] TCP: Hash tables configured (established 16384 bind 16384)
[    0.694138] UDP hash table entries: 1024 (order: 3, 32768 bytes)
[    0.694285] UDP-Lite hash table entries: 1024 (order: 3, 32768 bytes)
[    0.694590] NET: Registered protocol family 1
[    0.694697] pci 0000:00:00.0: Limiting direct PCI/PCI transfers
[    0.694799] pci 0000:00:01.0: PIIX3: Enabling Passive Release
[    0.694912] pci 0000:00:01.0: Activating ISA DMA hang workarounds
[    0.695058] pci 0000:00:02.0: Video device with shadowed ROM at [mem 0x000c0000-0x000dffff]
[    0.708551] ACPI: PCI Interrupt Link [LNKA] enabled at IRQ 10
[    0.733560] ACPI: PCI Interrupt Link [LNKB] enabled at IRQ 11
[    0.759024] ACPI: PCI Interrupt Link [LNKC] enabled at IRQ 11
[    0.784253] ACPI: PCI Interrupt Link [LNKD] enabled at IRQ 10
[    0.796902] PCI: CLS 0 bytes, default 64
[    0.797577] Unpacking initramfs...
[    2.286563] Freeing initrd memory: 46028K
[    2.288174] Scanning for low memory corruption every 60 seconds
[    2.291056] audit: initializing netlink subsys (disabled)
[    2.293528] Initialise system trusted keyrings
[    2.293776] audit: type=2000 audit(1499814912.459:1): initialized
[    2.294352] workingset: timestamp_bits=36 max_order=19 bucket_order=0
[    2.315725] zbud: loaded
[    2.319727] squashfs: version 4.0 (2009/01/31) Phillip Lougher
[    2.322089] fuse init (API version 7.26)
[    2.337037] Key type asymmetric registered
[    2.337104] Asymmetric key parser 'x509' registered
[    2.337510] Block layer SCSI generic (bsg) driver version 0.4 loaded (major 248)
[    2.337902] io scheduler noop registered
[    2.337964] io scheduler deadline registered
[    2.338081] io scheduler cfq registered (default)
[    2.339282] vesafb: mode is 640x480x32, linelength=2560, pages=0
[    2.339382] vesafb: scrolling: redraw
[    2.339440] vesafb: Truecolor: size=8:8:8:8, shift=24:16:8:0
[    2.339653] vesafb: framebuffer at 0xf4000000, mapped to 0xffffb07a80600000, using 1216k, total 1216k
[    2.341853] Console: switching to colour frame buffer device 80x30
[    2.342380] fb0: VESA VGA frame buffer device
[    2.342559] intel_idle: does not run on family 6 model 94
[    2.343095] input: Power Button as /devices/LNXSYSTM:00/LNXPWRBN:00/input/input0
[    2.343225] ACPI: Power Button [PWRF]
[    2.344356] GHES: HEST is not enabled!
[    2.373638] Serial: 8250/16550 driver, 32 ports, IRQ sharing enabled
[    2.396917] 00:04: ttyS0 at I/O 0x3f8 (irq = 4, base_baud = 115200) is a 16550A
[    2.451568] Linux agpgart interface v0.103
[    2.468300] loop: module loaded
[    2.469900] ata_piix 0000:00:01.1: version 2.13
[    2.473881] scsi host0: ata_piix
[    2.475427] scsi host1: ata_piix
[    2.476517] ata1: PATA max MWDMA2 cmd 0x1f0 ctl 0x3f6 bmdma 0xc1e0 irq 14
[    2.477166] ata2: PATA max MWDMA2 cmd 0x170 ctl 0x376 bmdma 0xc1e8 irq 15
[    2.479268] libphy: Fixed MDIO Bus: probed
[    2.479880] tun: Universal TUN/TAP device driver, 1.6
[    2.480459] tun: (C) 1999-2004 Max Krasnyansky <maxk@qualcomm.com>
[    2.481770] PPP generic driver version 2.4.2
[    2.482746] ehci_hcd: USB 2.0 'Enhanced' Host Controller (EHCI) Driver
[    2.483420] ehci-pci: EHCI PCI platform driver
[    2.497085] ehci-pci 0000:00:05.7: EHCI Host Controller
[    2.497693] ehci-pci 0000:00:05.7: new USB bus registered, assigned bus number 1
[    2.499009] ehci-pci 0000:00:05.7: irq 10, io mem 0xfc057000
[    2.515420] ehci-pci 0000:00:05.7: USB 2.0 started, EHCI 1.00
[    2.516643] usb usb1: New USB device found, idVendor=1d6b, idProduct=0002
[    2.517278] usb usb1: New USB device strings: Mfr=3, Product=2, SerialNumber=1
[    2.518424] usb usb1: Product: EHCI Host Controller
[    2.519057] usb usb1: Manufacturer: Linux 4.10.0+ ehci_hcd
[    2.519667] usb usb1: SerialNumber: 0000:00:05.7
[    2.521516] hub 1-0:1.0: USB hub found
[    2.522138] hub 1-0:1.0: 6 ports detected
[    2.524696] ehci-platform: EHCI generic platform driver
[    2.525347] ohci_hcd: USB 1.1 'Open' Host Controller (OHCI) Driver
[    2.525977] ohci-pci: OHCI PCI platform driver
[    2.526687] ohci-platform: OHCI generic platform driver
[    2.527352] uhci_hcd: USB Universal Host Controller Interface driver
[    2.541681] uhci_hcd 0000:00:05.0: UHCI Host Controller
[    2.542328] uhci_hcd 0000:00:05.0: new USB bus registered, assigned bus number 2
[    2.543640] uhci_hcd 0000:00:05.0: detected 2 ports
[    2.544278] uhci_hcd 0000:00:05.0: irq 10, io base 0x0000c160
[    2.545325] usb usb2: New USB device found, idVendor=1d6b, idProduct=0001
[    2.545922] usb usb2: New USB device strings: Mfr=3, Product=2, SerialNumber=1
[    2.547036] usb usb2: Product: UHCI Host Controller
[    2.547633] usb usb2: Manufacturer: Linux 4.10.0+ uhci_hcd
[    2.548225] usb usb2: SerialNumber: 0000:00:05.0
[    2.550023] hub 2-0:1.0: USB hub found
[    2.550654] hub 2-0:1.0: 2 ports detected
[    2.565112] uhci_hcd 0000:00:05.1: UHCI Host Controller
[    2.565704] uhci_hcd 0000:00:05.1: new USB bus registered, assigned bus number 3
[    2.566816] uhci_hcd 0000:00:05.1: detected 2 ports
[    2.567476] uhci_hcd 0000:00:05.1: irq 11, io base 0x0000c180
[    2.568589] usb usb3: New USB device found, idVendor=1d6b, idProduct=0001
[    2.569181] usb usb3: New USB device strings: Mfr=3, Product=2, SerialNumber=1
[    2.570269] usb usb3: Product: UHCI Host Controller
[    2.570850] usb usb3: Manufacturer: Linux 4.10.0+ uhci_hcd
[    2.571446] usb usb3: SerialNumber: 0000:00:05.1
[    2.573205] hub 3-0:1.0: USB hub found
[    2.573818] hub 3-0:1.0: 2 ports detected
[    2.588361] uhci_hcd 0000:00:05.2: UHCI Host Controller
[    2.588951] uhci_hcd 0000:00:05.2: new USB bus registered, assigned bus number 4
[    2.590067] uhci_hcd 0000:00:05.2: detected 2 ports
[    2.590722] uhci_hcd 0000:00:05.2: irq 11, io base 0x0000c1a0
[    2.591760] usb usb4: New USB device found, idVendor=1d6b, idProduct=0001
[    2.592347] usb usb4: New USB device strings: Mfr=3, Product=2, SerialNumber=1
[    2.593414] usb usb4: Product: UHCI Host Controller
[    2.593989] usb usb4: Manufacturer: Linux 4.10.0+ uhci_hcd
[    2.594574] usb usb4: SerialNumber: 0000:00:05.2
[    2.596248] hub 4-0:1.0: USB hub found
[    2.596837] hub 4-0:1.0: 2 ports detected
[    2.598977] i8042: PNP: PS/2 Controller [PNP0303:KBD,PNP0f13:MOU] at 0x60,0x64 irq 1,12
[    2.601037] serio: i8042 KBD port at 0x60,0x64 irq 1
[    2.601641] serio: i8042 AUX port at 0x60,0x64 irq 12
[    2.603620] mousedev: PS/2 mouse device common for all mice
[    2.605222] input: AT Translated Set 2 keyboard as /devices/platform/i8042/serio0/input/input1
[    2.607416] rtc_cmos 00:00: RTC can wake from S4
[    2.608790] rtc_cmos 00:00: rtc core: registered rtc_cmos as rtc0
[    2.609496] rtc_cmos 00:00: alarms up to one day, y3k, 114 bytes nvram
[    2.610172] i2c /dev entries driver
[    2.611181] device-mapper: uevent: version 1.0.3
[    2.612657] device-mapper: ioctl: 4.35.0-ioctl (2016-06-23) initialised: dm-devel@redhat.com
[    2.613858] ledtrig-cpu: registered to indicate activity on CPUs
[    2.616619] NET: Registered protocol family 10
[    2.636349] ata1.00: ATA-7: QEMU HARDDISK, 2.5+, max UDMA/100
[    2.637028] ata1.00: 31457280 sectors, multi 16: LBA48 
[    2.637833] ata1.01: ATAPI: QEMU DVD-ROM, 2.5+, max UDMA/100
[    2.639934] ata1.00: configured for MWDMA2
[    2.645831] ata1.01: configured for MWDMA2
[    2.650623] scsi 0:0:0:0: Direct-Access     ATA      QEMU HARDDISK    2.5+ PQ: 0 ANSI: 5
[    2.654518] sd 0:0:0:0: [sda] 31457280 512-byte logical blocks: (16.1 GB/15.0 GiB)
[    2.656198] sd 0:0:0:0: [sda] Write Protect is off
[    2.656823] sd 0:0:0:0: [sda] Mode Sense: 00 3a 00 00
[    2.657028] sd 0:0:0:0: [sda] Write cache: enabled, read cache: enabled, doesn't support DPO or FUA
[    2.658934] sd 0:0:0:0: Attached scsi generic sg0 type 0
[    2.663552] scsi 0:0:1:0: CD-ROM            QEMU     QEMU DVD-ROM     2.5+ PQ: 0 ANSI: 5
[    2.665149]  sda: sda1
[    2.680320] sr 0:0:1:0: [sr0] scsi3-mmc drive: 4x/4x cd/rw xa/form2 tray
[    2.681206] cdrom: Uniform CD-ROM driver Revision: 3.20
[    2.683946] sd 0:0:0:0: [sda] Attached SCSI disk
[    2.685323] sr 0:0:1:0: Attached scsi CD-ROM sr0
[    2.687366] sr 0:0:1:0: Attached scsi generic sg1 type 5
[    2.696530] Segment Routing with IPv6
[    2.697303] NET: Registered protocol family 17
[    2.697997] Key type dns_resolver registered
[    2.702745] registered taskstats version 1
[    2.703588] Loading compiled-in X.509 certificates
[    2.727113] Loaded X.509 cert 'Build time autogenerated kernel key: 015beb975633eba4139ef221b001048b3c4bbf58'
[    2.729001] zswap: loaded using pool lzo/zbud
[    2.762788] Key type big_key registered
[    2.763524] Key type trusted registered
[    2.782552] Key type encrypted registered
[    2.783226] AppArmor: AppArmor sha1 policy hashing enabled
[    2.784044] ima: No TPM chip found, activating TPM-bypass! (rc=-19)
[    2.784900] evm: HMAC attrs: 0x1
[    2.786684]   Magic number: 9:991:301
[    2.787352] tty tty30: hash matches
[    2.788088] rtc_cmos 00:00: setting system clock to 2017-07-11 23:15:12 UTC (1499814912)
[    2.789783] BIOS EDD facility v0.16 2004-Jun-25, 0 devices found
[    2.790401] EDD information not available.
[    2.791253] PM: Hibernation image not present or could not be loaded.
[    2.796480] Freeing unused kernel memory: 2216K
[    2.797069] Write protecting the kernel read-only data: 14336k
[    2.802443] Freeing unused kernel memory: 1476K
[    2.836273] Freeing unused kernel memory: 472K
[    2.840636] x86/mm: Checked W+X mappings: passed, no W+X pages found.
[    2.849302] random: udevadm: uninitialized urandom read (16 bytes read)
[    2.849559] random: udevadm: uninitialized urandom read (16 bytes read)
[    2.850156] random: udevadm: uninitialized urandom read (16 bytes read)
[    2.850411] random: udevadm: uninitialized urandom read (16 bytes read)
[    2.850638] random: udevadm: uninitialized urandom read (16 bytes read)
[    2.851014] random: udevadm: uninitialized urandom read (16 bytes read)
[    2.851249] random: udevadm: uninitialized urandom read (16 bytes read)
[    2.851796] random: systemd-udevd: uninitialized urandom read (16 bytes read)
[    2.852048] random: systemd-udevd: uninitialized urandom read (16 bytes read)
[    2.852232] random: systemd-udevd: uninitialized urandom read (16 bytes read)
[    2.942895] 8139cp: 8139cp: 10/100 PCI Ethernet driver v1.3 (Mar 22, 2004)
[    2.987545] FDC 0 is a S82078B
[    3.011343] AVX2 version of gcm_enc/dec engaged.
[    3.011584] AES CTR mode by8 optimization enabled
[    3.012061] input: VirtualPS/2 VMware VMMouse as /devices/platform/i8042/serio1/input/input4
[    3.012610] input: VirtualPS/2 VMware VMMouse as /devices/platform/i8042/serio1/input/input3
[    3.035403] 8139cp 0000:00:03.0 eth0: RTL-8139C+ at 0xffffb07a80375000, 52:54:00:6d:e8:9e, IRQ 11
[    3.039573] 8139too: 8139too Fast Ethernet driver 0.9.28
[    3.040804] 8139cp 0000:00:03.0 ens3: renamed from eth0
[    3.044334] [drm] Initialized
[    3.112136] [drm] Device Version 0.0
[    3.112379] [drm] Compression level 0 log level 0
[    3.112575] [drm] Currently using mode #0, list at 0x488
[    3.112769] [drm] 12286 io pages at offset 0x1000000
[    3.112960] [drm] 16777216 byte draw area at offset 0x0
[    3.113147] [drm] RAM header offset: 0x3ffe000
[    3.113335] [drm] rom modes offset 0x488 for 128 modes
[    3.113561] [TTM] Zone  kernel: Available graphics memory: 1023130 kiB
[    3.113757] [TTM] Initializing pool allocator
[    3.113966] [TTM] Initializing DMA pool allocator
[    3.114173] [drm] qxl: 16M of VRAM memory size
[    3.114379] [drm] qxl: 63M of IO pages memory ready (VRAM domain)
[    3.114598] [drm] qxl: 64M of Surface memory size
[    3.120406] [drm] main mem slot 1 [f4000000,3ffe000]
[    3.120697] [drm] surface mem slot 2 [f8000000,4000000]
[    3.120925] [drm] Supports vblank timestamp caching Rev 2 (21.10.2013).
[    3.121154] [drm] No driver support for vblank timestamp query.
[    3.121949] [drm] fb mappable at 0xF4000000, size 3145728
[    3.122186] [drm] fb: depth 24, pitch 4096, width 1024, height 768
[    3.122413] checking generic (f4000000 130000) vs hw (f4000000 1000000)
[    3.122413] fb: switching to qxldrmfb from VESA VGA
[    3.122672] Console: switching to colour dummy device 80x25
[    3.122998] fbcon: qxldrmfb (fb0) is primary device
[    3.130093] Console: switching to colour frame buffer device 128x48
[    3.131841] qxl 0000:00:02.0: fb0: qxldrmfb frame buffer device
[    3.131866] [drm] Initialized qxl 0.1.0 20120117 for 0000:00:02.0 on minor 0
[    3.165713] random: fast init done
[    3.315290] raid6: sse2x1   gen() 13495 MB/s
[    3.383287] raid6: sse2x1   xor()  9863 MB/s
[    3.451299] raid6: sse2x2   gen() 14543 MB/s
[    3.519290] raid6: sse2x2   xor() 11196 MB/s
[    3.587306] raid6: sse2x4   gen() 16722 MB/s
[    3.655297] raid6: sse2x4   xor() 11724 MB/s
[    3.723305] raid6: avx2x1   gen() 24910 MB/s
[    3.791287] raid6: avx2x1   xor() 18964 MB/s
[    3.859287] raid6: avx2x2   gen() 29718 MB/s
[    3.927287] raid6: avx2x2   xor() 20702 MB/s
[    3.995291] raid6: avx2x4   gen() 30950 MB/s
[    4.063286] raid6: avx2x4   xor() 21736 MB/s
[    4.063300] raid6: using algorithm avx2x4 gen() 30950 MB/s
[    4.063312] raid6: .... xor() 21736 MB/s, rmw enabled
[    4.063322] raid6: using avx2x2 recovery algorithm
[    4.063701] tsc: Refined TSC clocksource calibration: 4008.036 MHz
[    4.063717] clocksource: tsc: mask: 0xffffffffffffffff max_cycles: 0x39c60383690, max_idle_ns: 440795298061 ns
[    4.066259] xor: automatically using best checksumming function   avx       
[    4.068782] async_tx: api initialized (async)
[    4.462802] Btrfs loaded, crc32c=crc32c-intel
[    4.696523] EXT4-fs (dm-0): mounted filesystem with ordered data mode. Opts: (null)
[    4.813145] ip_tables: (C) 2000-2006 Netfilter Core Team
[    4.819229] systemd[1]: systemd 232 running in system mode. (+PAM +AUDIT +SELINUX +IMA +APPARMOR +SMACK +SYSVINIT +UTMP +LIBCRYPTSETUP +GCRYPT +GNUTLS +ACL +XZ +LZ4 +SECCOMP +BLKID +ELFUTILS +KMOD +IDN)
[    4.821101] systemd[1]: Detected virtualization qemu.
[    4.821288] systemd[1]: Detected architecture x86-64.
[    4.828738] systemd[1]: Set hostname to <ubuntu>.
[    4.925813] systemd[1]: Reached target User and Group Name Lookups.
[    4.927968] systemd[1]: Listening on Journal Socket (/dev/log).
[    4.928332] systemd[1]: Listening on udev Control Socket.
[    4.929022] systemd[1]: Created slice User and Session Slice.
[    4.929358] systemd[1]: Listening on Syslog Socket.
[    4.929708] systemd[1]: Listening on Journal Audit Socket.
[    5.028631] Loading iSCSI transport class v2.0-870.
[    5.077063] iscsi: registered transport (tcp)
[    5.192734] EXT4-fs (dm-0): re-mounted. Opts: errors=remount-ro
[    5.237758] systemd-journald[403]: Received request to flush runtime journal from PID 1
[    5.333466] iscsi: registered transport (iser)
[    5.605152] piix4_smbus 0000:00:01.3: SMBus Host Controller at 0x700, revision 0
[    5.654360] audit: type=1400 audit(1499814915.360:2): apparmor="STATUS" operation="profile_load" name="lxc-container-default" pid=537 comm="apparmor_parser"
[    5.654363] audit: type=1400 audit(1499814915.360:3): apparmor="STATUS" operation="profile_load" name="lxc-container-default-cgns" pid=537 comm="apparmor_parser"
[    5.654365] audit: type=1400 audit(1499814915.360:4): apparmor="STATUS" operation="profile_load" name="lxc-container-default-with-mounting" pid=537 comm="apparmor_parser"
[    5.654367] audit: type=1400 audit(1499814915.360:5): apparmor="STATUS" operation="profile_load" name="lxc-container-default-with-nesting" pid=537 comm="apparmor_parser"
[    5.680214] audit: type=1400 audit(1499814915.388:6): apparmor="STATUS" operation="profile_load" name="/sbin/dhclient" pid=538 comm="apparmor_parser"
[    5.680216] audit: type=1400 audit(1499814915.388:7): apparmor="STATUS" operation="profile_load" name="/usr/lib/NetworkManager/nm-dhcp-client.action" pid=538 comm="apparmor_parser"
[    5.680218] audit: type=1400 audit(1499814915.388:8): apparmor="STATUS" operation="profile_load" name="/usr/lib/NetworkManager/nm-dhcp-helper" pid=538 comm="apparmor_parser"
[    5.680219] audit: type=1400 audit(1499814915.388:9): apparmor="STATUS" operation="profile_load" name="/usr/lib/connman/scripts/dhclient-script" pid=538 comm="apparmor_parser"
[    5.689519] audit: type=1400 audit(1499814915.396:10): apparmor="STATUS" operation="profile_load" name="/usr/bin/lxc-start" pid=541 comm="apparmor_parser"
[    5.739608] random: crng init done
[    6.047161] snd_hda_codec_generic hdaudioC0D0: autoconfig for Generic: line_outs=1 (0x3/0x0/0x0/0x0/0x0) type:line
[    6.047163] snd_hda_codec_generic hdaudioC0D0:    speaker_outs=0 (0x0/0x0/0x0/0x0/0x0)
[    6.047163] snd_hda_codec_generic hdaudioC0D0:    hp_outs=0 (0x0/0x0/0x0/0x0/0x0)
[    6.047164] snd_hda_codec_generic hdaudioC0D0:    mono: mono_out=0x0
[    6.047164] snd_hda_codec_generic hdaudioC0D0:    inputs:
[    6.047165] snd_hda_codec_generic hdaudioC0D0:      Line=0x5
[    6.065370] 8139cp 0000:00:03.0 ens3: link up, 100Mbps, full-duplex, lpa 0x05E1
[    6.324236] Adding 2093052k swap on /dev/mapper/ubuntu--vg-swap_1.  Priority:-1 extents:1 across:2093052k FS
[    6.338036] ppdev: user-space parallel port driver
[    6.368378] cgroup: new mount options do not match the existing superblock, will be ignored
[    6.605358] init.d Ftrace : Stopping current tracer
